#time ree(0) ree(1)
0.00000e+00 7.55105e+00 7.55105e+00 
8.10000e+00 8.46727e+00 8.46727e+00 
1.62000e+01 6.16774e+00 6.16774e+00 
2.43000e+01 1.04097e+01 1.04097e+01 
3.24000e+01 1.09113e+01 1.09113e+01 
4.05000e+01 8.60989e+00 8.60989e+00 
4.86000e+01 9.19059e+00 9.19059e+00 
5.67000e+01 8.73704e+00 8.73704e+00 
6.48000e+01 9.32477e+00 9.32477e+00 
7.29000e+01 5.46121e+00 5.46121e+00 
8.10000e+01 4.21789e+00 4.21789e+00 
8.91000e+01 2.28102e+00 2.28102e+00 
9.72000e+01 4.15573e+00 4.15573e+00 
1.05300e+02 4.96236e+00 4.96236e+00 
1.13400e+02 4.96746e+00 4.96746e+00 
1.21500e+02 6.12768e+00 6.12768e+00 
1.29600e+02 2.90845e+00 2.90845e+00 
1.37700e+02 2.12933e+00 2.12933e+00 
1.45800e+02 2.73637e+00 2.73637e+00 
1.53900e+02 5.09638e+00 5.09638e+00 
1.62000e+02 8.38153e+00 8.38153e+00 
1.70100e+02 6.27792e+00 6.27792e+00 
1.78200e+02 8.34940e+00 8.34940e+00 
1.86300e+02 7.67573e+00 7.67573e+00 
1.94400e+02 5.53793e+00 5.53793e+00 
2.02500e+02 5.32782e+00 5.32782e+00 
2.10600e+02 3.71053e+00 3.71053e+00 
2.18700e+02 3.48757e+00 3.48757e+00 
2.26800e+02 2.59796e+00 2.59796e+00 
2.34900e+02 3.38451e+00 3.38451e+00 
2.43000e+02 5.77823e+00 5.77823e+00 
2.51100e+02 4.72712e+00 4.72712e+00 
2.59200e+02 5.27042e+00 5.27042e+00 
2.67300e+02 4.61651e+00 4.61651e+00 
2.75400e+02 1.32020e+00 1.32020e+00 
2.83500e+02 2.91426e+00 2.91426e+00 
2.91600e+02 4.92108e+00 4.92108e+00 
2.99700e+02 4.52540e+00 4.52540e+00 
3.07800e+02 3.71156e+00 3.71156e+00 
3.15900e+02 4.64350e+00 4.64350e+00 
3.24000e+02 2.92954e+00 2.92954e+00 
3.32100e+02 8.39246e+00 8.39246e+00 
3.40200e+02 5.69696e+00 5.69696e+00 
3.48300e+02 6.64345e+00 6.64345e+00 
3.56400e+02 7.48263e+00 7.48263e+00 
3.64500e+02 5.98432e+00 5.98432e+00 
3.72600e+02 6.10102e+00 6.10102e+00 
3.80700e+02 6.79017e+00 6.79017e+00 
3.88800e+02 4.59539e+00 4.59539e+00 
3.96900e+02 8.13578e+00 8.13578e+00 
4.05000e+02 6.74445e+00 6.74445e+00 
4.13100e+02 6.65466e+00 6.65466e+00 
4.21200e+02 5.89274e+00 5.89274e+00 
4.29300e+02 4.97728e+00 4.97728e+00 
4.37400e+02 4.11766e+00 4.11766e+00 
4.45500e+02 3.39752e+00 3.39752e+00 
4.53600e+02 7.25428e+00 7.25428e+00 
4.61700e+02 5.49362e+00 5.49362e+00 
4.69800e+02 5.55009e+00 5.55009e+00 
4.77900e+02 3.17371e+00 3.17371e+00 
4.86000e+02 3.08661e+00 3.08661e+00 
4.94100e+02 3.78803e+00 3.78803e+00 
5.02200e+02 3.74486e+00 3.74486e+00 
5.10300e+02 3.36656e+00 3.36656e+00 
5.18400e+02 3.77439e+00 3.77439e+00 
5.26500e+02 2.72524e+00 2.72524e+00 
5.34600e+02 7.56814e+00 7.56814e+00 
5.42700e+02 7.93274e+00 7.93274e+00 
5.50800e+02 6.47647e+00 6.47647e+00 
5.58900e+02 9.49006e+00 9.49006e+00 
5.67000e+02 7.42497e+00 7.42497e+00 
5.75100e+02 7.06557e+00 7.06557e+00 
5.83200e+02 8.66755e+00 8.66755e+00 
5.91300e+02 5.46673e+00 5.46673e+00 
5.99400e+02 6.38297e+00 6.38297e+00 
6.07500e+02 9.16743e+00 9.16743e+00 
6.15600e+02 6.70406e+00 6.70406e+00 
6.23700e+02 8.93580e+00 8.93580e+00 
6.31800e+02 6.18138e+00 6.18138e+00 
6.39900e+02 5.06083e+00 5.06083e+00 
6.48000e+02 6.96109e+00 6.96109e+00 
6.56100e+02 5.06351e+00 5.06351e+00 
6.64200e+02 7.95820e+00 7.95820e+00 
6.72300e+02 8.07838e+00 8.07838e+00 
6.80400e+02 7.50913e+00 7.50913e+00 
6.88500e+02 5.72339e+00 5.72339e+00 
6.96600e+02 1.71769e+00 1.71769e+00 
7.04700e+02 3.10848e+00 3.10848e+00 
7.12800e+02 4.80456e+00 4.80456e+00 
7.20900e+02 4.07699e+00 4.07699e+00 
7.29000e+02 3.26350e+00 3.26350e+00 
7.37100e+02 5.19040e+00 5.19040e+00 
7.45200e+02 5.49292e+00 5.49292e+00 
7.53300e+02 3.47254e+00 3.47254e+00 
7.61400e+02 2.48053e+00 2.48053e+00 
7.69500e+02 2.27711e+00 2.27711e+00 
7.77600e+02 3.24517e+00 3.24517e+00 
7.85700e+02 4.92789e+00 4.92789e+00 
7.93800e+02 2.35808e+00 2.35808e+00 
8.01900e+02 4.19867e+00 4.19867e+00 
8.10000e+02 2.83289e+00 2.83289e+00 
8.18100e+02 5.05721e+00 5.05721e+00 
8.26200e+02 4.28489e+00 4.28489e+00 
8.34300e+02 6.16765e+00 6.16765e+00 
8.42400e+02 6.72977e+00 6.72977e+00 
8.50500e+02 9.88177e+00 9.88177e+00 
8.58600e+02 6.58973e+00 6.58973e+00 
8.66700e+02 8.09405e+00 8.09405e+00 
8.74800e+02 6.37099e+00 6.37099e+00 
8.82900e+02 7.59100e+00 7.59100e+00 
8.91000e+02 2.59667e+00 2.59667e+00 
8.99100e+02 1.78113e+00 1.78113e+00 
9.07200e+02 3.12362e+00 3.12362e+00 
9.15300e+02 6.57536e+00 6.57536e+00 
9.23400e+02 4.19544e+00 4.19544e+00 
9.31500e+02 6.99276e+00 6.99276e+00 
9.39600e+02 8.28651e+00 8.28651e+00 
9.47700e+02 6.57875e+00 6.57875e+00 
9.55800e+02 9.39309e+00 9.39309e+00 
9.63900e+02 8.27967e+00 8.27967e+00 
9.72000e+02 4.62230e+00 4.62230e+00 
9.80100e+02 5.37853e+00 5.37853e+00 
9.88200e+02 3.17208e+00 3.17208e+00 
9.96300e+02 5.86254e+00 5.86254e+00 
1.00440e+03 3.05986e+00 3.05986e+00 
1.01250e+03 7.23599e+00 7.23599e+00 
1.02060e+03 6.53831e+00 6.53831e+00 
1.02870e+03 7.33962e+00 7.33962e+00 
1.03680e+03 7.88401e+00 7.88401e+00 
1.04490e+03 4.49477e+00 4.49477e+00 
1.05300e+03 6.94355e+00 6.94355e+00 
1.06110e+03 5.60754e+00 5.60754e+00 
1.06920e+03 6.24563e+00 6.24563e+00 
1.07730e+03 7.31420e+00 7.31420e+00 
1.08540e+03 5.07318e+00 5.07318e+00 
1.09350e+03 5.27310e+00 5.27310e+00 
1.10160e+03 5.48941e+00 5.48941e+00 
1.10970e+03 5.82792e+00 5.82792e+00 
1.11780e+03 4.96446e+00 4.96446e+00 
1.12590e+03 6.81626e+00 6.81626e+00 
1.13400e+03 5.74198e+00 5.74198e+00 
1.14210e+03 1.89416e+00 1.89416e+00 
1.15020e+03 5.72927e+00 5.72927e+00 
1.15830e+03 5.68033e+00 5.68033e+00 
1.16640e+03 5.96200e+00 5.96200e+00 
1.17450e+03 6.63770e+00 6.63770e+00 
1.18260e+03 7.24026e+00 7.24026e+00 
1.19070e+03 6.29267e+00 6.29267e+00 
1.19880e+03 7.66266e+00 7.66266e+00 
1.20690e+03 6.97217e+00 6.97217e+00 
1.21500e+03 4.96515e+00 4.96515e+00 
1.22310e+03 2.29244e+00 2.29244e+00 
1.23120e+03 2.30765e+00 2.30765e+00 
1.23930e+03 5.08521e+00 5.08521e+00 
1.24740e+03 5.02490e+00 5.02490e+00 
1.25550e+03 5.82393e+00 5.82393e+00 
1.26360e+03 6.29499e+00 6.29499e+00 
1.27170e+03 4.39186e+00 4.39186e+00 
1.27980e+03 4.62601e+00 4.62601e+00 
1.28790e+03 3.59538e+00 3.59538e+00 
1.29600e+03 3.19895e+00 3.19895e+00 
1.30410e+03 3.53785e+00 3.53785e+00 
1.31220e+03 5.14904e+00 5.14904e+00 
1.32030e+03 7.27925e+00 7.27925e+00 
1.32840e+03 7.60567e+00 7.60567e+00 
1.33650e+03 5.15724e+00 5.15724e+00 
1.34460e+03 2.62445e+00 2.62445e+00 
1.35270e+03 3.88550e+00 3.88550e+00 
1.36080e+03 7.69212e+00 7.69212e+00 
1.36890e+03 7.00775e+00 7.00775e+00 
1.37700e+03 9.76825e+00 9.76825e+00 
1.38510e+03 7.47178e+00 7.47178e+00 
1.39320e+03 4.86312e+00 4.86312e+00 
1.40130e+03 6.37877e+00 6.37877e+00 
1.40940e+03 8.01191e+00 8.01191e+00 
1.41750e+03 5.52250e+00 5.52250e+00 
1.42560e+03 7.84161e+00 7.84161e+00 
1.43370e+03 6.13398e+00 6.13398e+00 
1.44180e+03 8.19559e+00 8.19559e+00 
1.44990e+03 7.29318e+00 7.29318e+00 
1.45800e+03 5.35997e+00 5.35997e+00 
1.46610e+03 5.68331e+00 5.68331e+00 
1.47420e+03 5.70724e+00 5.70724e+00 
1.48230e+03 4.42438e+00 4.42438e+00 
1.49040e+03 5.69301e+00 5.69301e+00 
1.49850e+03 5.70745e+00 5.70745e+00 
1.50660e+03 6.07091e+00 6.07091e+00 
1.51470e+03 5.27191e+00 5.27191e+00 
1.52280e+03 5.10812e+00 5.10812e+00 
1.53090e+03 6.42767e+00 6.42767e+00 
1.53900e+03 7.20195e+00 7.20195e+00 
1.54710e+03 5.73267e+00 5.73267e+00 
1.55520e+03 9.42030e+00 9.42030e+00 
1.56330e+03 6.20053e+00 6.20053e+00 
1.57140e+03 9.07335e+00 9.07335e+00 
1.57950e+03 5.42545e+00 5.42545e+00 
1.58760e+03 5.01161e+00 5.01161e+00 
1.59570e+03 6.27495e+00 6.27495e+00 
1.60380e+03 5.74492e+00 5.74492e+00 
1.61190e+03 5.03455e+00 5.03455e+00 
1.62000e+03 5.71878e+00 5.71878e+00 
1.62810e+03 4.46807e+00 4.46807e+00 
1.63620e+03 4.79429e+00 4.79429e+00 
1.64430e+03 5.81858e+00 5.81858e+00 
1.65240e+03 4.39296e+00 4.39296e+00 
1.66050e+03 2.58707e+00 2.58707e+00 
1.66860e+03 4.89010e+00 4.89010e+00 
1.67670e+03 1.54166e+00 1.54166e+00 
1.68480e+03 4.06541e+00 4.06541e+00 
1.69290e+03 5.82049e+00 5.82049e+00 
1.70100e+03 5.21031e+00 5.21031e+00 
1.70910e+03 4.38659e+00 4.38659e+00 
1.71720e+03 3.15653e+00 3.15653e+00 
1.72530e+03 3.99578e+00 3.99578e+00 
1.73340e+03 4.24827e+00 4.24827e+00 
1.74150e+03 7.56639e+00 7.56639e+00 
1.74960e+03 5.96146e+00 5.96146e+00 
1.75770e+03 7.34733e+00 7.34733e+00 
1.76580e+03 5.74000e+00 5.74000e+00 
1.77390e+03 5.95484e+00 5.95484e+00 
1.78200e+03 8.89666e+00 8.89666e+00 
1.79010e+03 8.91677e+00 8.91677e+00 
1.79820e+03 9.74134e+00 9.74134e+00 
1.80630e+03 8.98497e+00 8.98497e+00 
1.81440e+03 1.00462e+01 1.00462e+01 
1.82250e+03 1.02217e+01 1.02217e+01 
1.83060e+03 6.50700e+00 6.50700e+00 
1.83870e+03 8.49964e+00 8.49964e+00 
1.84680e+03 7.00635e+00 7.00635e+00 
1.85490e+03 7.27098e+00 7.27098e+00 
1.86300e+03 7.05592e+00 7.05592e+00 
1.87110e+03 1.04390e+01 1.04390e+01 
1.87920e+03 8.55857e+00 8.55857e+00 
1.88730e+03 1.01372e+01 1.01372e+01 
1.89540e+03 1.10516e+01 1.10516e+01 
1.90350e+03 1.00948e+01 1.00948e+01 
1.91160e+03 1.03592e+01 1.03592e+01 
1.91970e+03 1.10131e+01 1.10131e+01 
1.92780e+03 1.29116e+01 1.29116e+01 
1.93590e+03 1.38600e+01 1.38600e+01 
1.94400e+03 1.18210e+01 1.18210e+01 
1.95210e+03 1.06072e+01 1.06072e+01 
1.96020e+03 1.09557e+01 1.09557e+01 
1.96830e+03 1.13876e+01 1.13876e+01 
1.97640e+03 1.42649e+01 1.42649e+01 
1.98450e+03 1.01509e+01 1.01509e+01 
1.99260e+03 1.04561e+01 1.04561e+01 
2.00070e+03 1.11654e+01 1.11654e+01 
2.00880e+03 8.61831e+00 8.61831e+00 
2.01690e+03 1.00075e+01 1.00075e+01 
2.02500e+03 1.20087e+01 1.20087e+01 
2.03310e+03 8.10406e+00 8.10406e+00 
2.04120e+03 1.00639e+01 1.00639e+01 
2.04930e+03 1.17908e+01 1.17908e+01 
2.05740e+03 9.32455e+00 9.32455e+00 
2.06550e+03 1.22972e+01 1.22972e+01 
2.07360e+03 1.29045e+01 1.29045e+01 
2.08170e+03 9.34862e+00 9.34862e+00 
2.08980e+03 1.22697e+01 1.22697e+01 
2.09790e+03 1.42530e+01 1.42530e+01 
2.10600e+03 1.38369e+01 1.38369e+01 
2.11410e+03 9.40923e+00 9.40923e+00 
2.12220e+03 9.83588e+00 9.83588e+00 
2.13030e+03 1.05007e+01 1.05007e+01 
2.13840e+03 7.97217e+00 7.97217e+00 
2.14650e+03 8.38880e+00 8.38880e+00 
2.15460e+03 1.07738e+01 1.07738e+01 
2.16270e+03 1.00652e+01 1.00652e+01 
2.17080e+03 6.21245e+00 6.21245e+00 
2.17890e+03 7.16429e+00 7.16429e+00 
2.18700e+03 9.49338e+00 9.49338e+00 
2.19510e+03 9.55550e+00 9.55550e+00 
2.20320e+03 8.74294e+00 8.74294e+00 
2.21130e+03 6.97896e+00 6.97896e+00 
2.21940e+03 8.72649e+00 8.72649e+00 
2.22750e+03 9.36252e+00 9.36252e+00 
2.23560e+03 9.66714e+00 9.66714e+00 
2.24370e+03 1.03240e+01 1.03240e+01 
2.25180e+03 8.78518e+00 8.78518e+00 
2.25990e+03 1.21345e+01 1.21345e+01 
2.26800e+03 8.99012e+00 8.99012e+00 
2.27610e+03 8.08088e+00 8.08088e+00 
2.28420e+03 1.09218e+01 1.09218e+01 
2.29230e+03 9.41483e+00 9.41483e+00 
2.30040e+03 7.58861e+00 7.58861e+00 
2.30850e+03 9.11925e+00 9.11925e+00 
2.31660e+03 1.11945e+01 1.11945e+01 
2.32470e+03 8.77146e+00 8.77146e+00 
2.33280e+03 8.36778e+00 8.36778e+00 
2.34090e+03 6.94189e+00 6.94189e+00 
2.34900e+03 6.86387e+00 6.86387e+00 
2.35710e+03 8.88318e+00 8.88318e+00 
2.36520e+03 1.08605e+01 1.08605e+01 
2.37330e+03 7.01412e+00 7.01412e+00 
2.38140e+03 4.68457e+00 4.68457e+00 
2.38950e+03 5.47974e+00 5.47974e+00 
2.39760e+03 4.85066e+00 4.85066e+00 
2.40570e+03 5.98084e+00 5.98084e+00 
2.41380e+03 5.51316e+00 5.51316e+00 
2.42190e+03 7.01162e+00 7.01162e+00 
2.43000e+03 7.35216e+00 7.35216e+00 
2.43810e+03 9.00084e+00 9.00084e+00 
2.44620e+03 1.04267e+01 1.04267e+01 
2.45430e+03 1.41036e+01 1.41036e+01 
2.46240e+03 1.05535e+01 1.05535e+01 
2.47050e+03 8.57911e+00 8.57911e+00 
2.47860e+03 1.04338e+01 1.04338e+01 
2.48670e+03 1.10517e+01 1.10517e+01 
2.49480e+03 1.02112e+01 1.02112e+01 
2.50290e+03 8.84613e+00 8.84613e+00 
2.51100e+03 9.34467e+00 9.34467e+00 
2.51910e+03 7.93203e+00 7.93203e+00 
2.52720e+03 9.86139e+00 9.86139e+00 
2.53530e+03 9.21304e+00 9.21304e+00 
2.54340e+03 8.25078e+00 8.25078e+00 
2.55150e+03 8.57151e+00 8.57151e+00 
2.55960e+03 6.93901e+00 6.93901e+00 
2.56770e+03 9.75705e+00 9.75705e+00 
2.57580e+03 8.59849e+00 8.59849e+00 
2.58390e+03 7.90067e+00 7.90067e+00 
2.59200e+03 1.08186e+01 1.08186e+01 
2.60010e+03 1.08541e+01 1.08541e+01 
2.60820e+03 1.05833e+01 1.05833e+01 
2.61630e+03 1.37364e+01 1.37364e+01 
2.62440e+03 1.10634e+01 1.10634e+01 
2.63250e+03 7.22835e+00 7.22835e+00 
2.64060e+03 6.93286e+00 6.93286e+00 
2.64870e+03 6.16352e+00 6.16352e+00 
2.65680e+03 6.34237e+00 6.34237e+00 
2.66490e+03 3.41779e+00 3.41779e+00 
2.67300e+03 3.49208e+00 3.49208e+00 
2.68110e+03 1.22171e+00 1.22171e+00 
2.68920e+03 4.37528e+00 4.37528e+00 
2.69730e+03 4.94873e+00 4.94873e+00 
2.70540e+03 7.69266e+00 7.69266e+00 
2.71350e+03 6.99552e+00 6.99552e+00 
2.72160e+03 7.23124e+00 7.23124e+00 
2.72970e+03 8.30791e+00 8.30791e+00 
2.73780e+03 8.15763e+00 8.15763e+00 
2.74590e+03 7.66905e+00 7.66905e+00 
2.75400e+03 7.20769e+00 7.20769e+00 
2.76210e+03 3.83906e+00 3.83906e+00 
2.77020e+03 4.99631e+00 4.99631e+00 
2.77830e+03 2.94000e+00 2.94000e+00 
2.78640e+03 2.68905e+00 2.68905e+00 
2.79450e+03 5.84062e+00 5.84062e+00 
2.80260e+03 5.51885e+00 5.51885e+00 
2.81070e+03 3.16923e+00 3.16923e+00 
2.81880e+03 5.29035e+00 5.29035e+00 
2.82690e+03 4.45116e+00 4.45116e+00 
2.83500e+03 5.83231e+00 5.83231e+00 
2.84310e+03 5.66301e+00 5.66301e+00 
2.85120e+03 2.71647e+00 2.71647e+00 
2.85930e+03 2.56401e+00 2.56401e+00 
2.86740e+03 1.42457e+00 1.42457e+00 
2.87550e+03 5.58186e+00 5.58186e+00 
2.88360e+03 1.75154e+00 1.75154e+00 
2.89170e+03 1.78351e+00 1.78351e+00 
2.89980e+03 3.95286e+00 3.95286e+00 
2.90790e+03 4.00761e+00 4.00761e+00 
2.91600e+03 3.41535e+00 3.41535e+00 
2.92410e+03 4.39332e+00 4.39332e+00 
2.93220e+03 5.58552e+00 5.58552e+00 
2.94030e+03 6.54442e+00 6.54442e+00 
2.94840e+03 4.49143e+00 4.49143e+00 
2.95650e+03 2.79588e+00 2.79588e+00 
2.96460e+03 3.57980e+00 3.57980e+00 
2.97270e+03 5.01851e+00 5.01851e+00 
2.98080e+03 4.38218e+00 4.38218e+00 
2.98890e+03 5.46661e+00 5.46661e+00 
2.99700e+03 4.03744e+00 4.03744e+00 
3.00510e+03 7.56403e+00 7.56403e+00 
3.01320e+03 8.50279e+00 8.50279e+00 
3.02130e+03 9.24336e+00 9.24336e+00 
3.02940e+03 9.18376e+00 9.18376e+00 
3.03750e+03 1.00681e+01 1.00681e+01 
3.04560e+03 1.24532e+01 1.24532e+01 
3.05370e+03 9.51381e+00 9.51381e+00 
3.06180e+03 8.39222e+00 8.39222e+00 
3.06990e+03 7.91615e+00 7.91615e+00 
3.07800e+03 1.19678e+01 1.19678e+01 
3.08610e+03 9.97240e+00 9.97240e+00 
3.09420e+03 6.61454e+00 6.61454e+00 
3.10230e+03 5.30819e+00 5.30819e+00 
3.11040e+03 4.66479e+00 4.66479e+00 
3.11850e+03 3.26130e+00 3.26130e+00 
3.12660e+03 3.10573e+00 3.10573e+00 
3.13470e+03 6.40459e+00 6.40459e+00 
3.14280e+03 3.50087e+00 3.50087e+00 
3.15090e+03 9.26821e+00 9.26821e+00 
3.15900e+03 7.48362e+00 7.48362e+00 
3.16710e+03 8.56942e+00 8.56942e+00 
3.17520e+03 5.73146e+00 5.73146e+00 
3.18330e+03 6.18625e+00 6.18625e+00 
3.19140e+03 2.09608e+00 2.09608e+00 
3.19950e+03 2.37784e+00 2.37784e+00 
3.20760e+03 1.41679e+00 1.41679e+00 
3.21570e+03 1.97477e+00 1.97477e+00 
3.22380e+03 3.34995e+00 3.34995e+00 
3.23190e+03 4.30582e+00 4.30582e+00 
3.24000e+03 2.26427e+00 2.26427e+00 
3.24810e+03 5.72073e+00 5.72073e+00 
3.25620e+03 5.09602e+00 5.09602e+00 
3.26430e+03 5.67805e+00 5.67805e+00 
3.27240e+03 3.45076e+00 3.45076e+00 
3.28050e+03 6.74062e+00 6.74062e+00 
3.28860e+03 7.53046e+00 7.53046e+00 
3.29670e+03 9.25423e+00 9.25423e+00 
3.30480e+03 6.26240e+00 6.26240e+00 
3.31290e+03 8.80769e+00 8.80769e+00 
3.32100e+03 6.15299e+00 6.15299e+00 
3.32910e+03 7.00535e+00 7.00535e+00 
3.33720e+03 7.01197e+00 7.01197e+00 
3.34530e+03 9.60580e+00 9.60580e+00 
3.35340e+03 8.04426e+00 8.04426e+00 
3.36150e+03 6.39662e+00 6.39662e+00 
3.36960e+03 6.11374e+00 6.11374e+00 
3.37770e+03 5.61808e+00 5.61808e+00 
3.38580e+03 6.82967e+00 6.82967e+00 
3.39390e+03 6.70497e+00 6.70497e+00 
3.40200e+03 1.08902e+01 1.08902e+01 
3.41010e+03 1.38577e+01 1.38577e+01 
3.41820e+03 1.19851e+01 1.19851e+01 
3.42630e+03 1.23794e+01 1.23794e+01 
3.43440e+03 1.46867e+01 1.46867e+01 
3.44250e+03 1.23802e+01 1.23802e+01 
3.45060e+03 1.15480e+01 1.15480e+01 
3.45870e+03 1.00936e+01 1.00936e+01 
3.46680e+03 9.05859e+00 9.05859e+00 
3.47490e+03 9.60809e+00 9.60809e+00 
3.48300e+03 8.81592e+00 8.81592e+00 
3.49110e+03 9.79371e+00 9.79371e+00 
3.49920e+03 1.08157e+01 1.08157e+01 
3.50730e+03 7.95089e+00 7.95089e+00 
3.51540e+03 5.75389e+00 5.75389e+00 
3.52350e+03 6.09262e+00 6.09262e+00 
3.53160e+03 1.02882e+01 1.02882e+01 
3.53970e+03 8.21890e+00 8.21890e+00 
3.54780e+03 1.15565e+01 1.15565e+01 
3.55590e+03 1.24241e+01 1.24241e+01 
3.56400e+03 1.01792e+01 1.01792e+01 
3.57210e+03 9.20541e+00 9.20541e+00 
3.58020e+03 8.03764e+00 8.03764e+00 
3.58830e+03 5.70325e+00 5.70325e+00 
3.59640e+03 6.73733e+00 6.73733e+00 
3.60450e+03 5.25009e+00 5.25009e+00 
3.61260e+03 8.19058e+00 8.19058e+00 
3.62070e+03 6.02866e+00 6.02866e+00 
3.62880e+03 7.11567e+00 7.11567e+00 
3.63690e+03 7.14781e+00 7.14781e+00 
3.64500e+03 7.34321e+00 7.34321e+00 
3.65310e+03 8.53498e+00 8.53498e+00 
3.66120e+03 7.88388e+00 7.88388e+00 
3.66930e+03 1.11233e+01 1.11233e+01 
3.67740e+03 5.78806e+00 5.78806e+00 
3.68550e+03 5.10178e+00 5.10178e+00 
3.69360e+03 3.83022e+00 3.83022e+00 
3.70170e+03 4.65591e+00 4.65591e+00 
3.70980e+03 7.26389e+00 7.26389e+00 
3.71790e+03 5.23332e+00 5.23332e+00 
3.72600e+03 3.92116e+00 3.92116e+00 
3.73410e+03 5.91453e+00 5.91453e+00 
3.74220e+03 3.74759e+00 3.74759e+00 
3.75030e+03 3.15726e+00 3.15726e+00 
3.75840e+03 4.92774e+00 4.92774e+00 
3.76650e+03 3.98971e+00 3.98971e+00 
3.77460e+03 4.00808e+00 4.00808e+00 
3.78270e+03 4.07266e+00 4.07266e+00 
3.79080e+03 4.23729e+00 4.23729e+00 
3.79890e+03 5.10308e+00 5.10308e+00 
3.80700e+03 3.59534e+00 3.59534e+00 
3.81510e+03 3.68923e+00 3.68923e+00 
3.82320e+03 6.58507e+00 6.58507e+00 
3.83130e+03 5.42129e+00 5.42129e+00 
3.83940e+03 7.38600e+00 7.38600e+00 
3.84750e+03 4.12106e+00 4.12106e+00 
3.85560e+03 7.24987e+00 7.24987e+00 
3.86370e+03 1.01980e+01 1.01980e+01 
3.87180e+03 8.95025e+00 8.95025e+00 
3.87990e+03 9.97707e+00 9.97707e+00 
3.88800e+03 9.38812e+00 9.38812e+00 
3.89610e+03 7.03197e+00 7.03197e+00 
3.90420e+03 6.79745e+00 6.79745e+00 
3.91230e+03 9.73126e+00 9.73126e+00 
3.92040e+03 1.13745e+01 1.13745e+01 
3.92850e+03 8.06432e+00 8.06432e+00 
3.93660e+03 8.63969e+00 8.63969e+00 
3.94470e+03 1.10446e+01 1.10446e+01 
3.95280e+03 7.50120e+00 7.50120e+00 
3.96090e+03 9.16704e+00 9.16704e+00 
3.96900e+03 8.39519e+00 8.39519e+00 
3.97710e+03 1.00013e+01 1.00013e+01 
3.98520e+03 9.18633e+00 9.18633e+00 
3.99330e+03 1.00574e+01 1.00574e+01 
4.00140e+03 1.10090e+01 1.10090e+01 
4.00950e+03 1.38291e+01 1.38291e+01 
4.01760e+03 1.27385e+01 1.27385e+01 
4.02570e+03 1.38695e+01 1.38695e+01 
4.03380e+03 1.39371e+01 1.39371e+01 
4.04190e+03 1.45265e+01 1.45265e+01 
4.05000e+03 1.36562e+01 1.36562e+01 
4.05810e+03 1.21777e+01 1.21777e+01 
4.06620e+03 1.26217e+01 1.26217e+01 
4.07430e+03 1.29787e+01 1.29787e+01 
4.08240e+03 1.36307e+01 1.36307e+01 
4.09050e+03 1.06993e+01 1.06993e+01 
4.09860e+03 1.26434e+01 1.26434e+01 
4.10670e+03 8.69031e+00 8.69031e+00 
4.11480e+03 8.79638e+00 8.79638e+00 
4.12290e+03 7.43760e+00 7.43760e+00 
4.13100e+03 6.33733e+00 6.33733e+00 
4.13910e+03 6.66202e+00 6.66202e+00 
4.14720e+03 6.12531e+00 6.12531e+00 
4.15530e+03 7.32934e+00 7.32934e+00 
4.16340e+03 3.55639e+00 3.55639e+00 
4.17150e+03 4.52639e+00 4.52639e+00 
4.17960e+03 5.32096e+00 5.32096e+00 
4.18770e+03 3.19310e+00 3.19310e+00 
4.19580e+03 2.73556e+00 2.73556e+00 
4.20390e+03 5.55351e+00 5.55351e+00 
4.21200e+03 4.19547e+00 4.19547e+00 
4.22010e+03 5.72564e+00 5.72564e+00 
4.22820e+03 2.20070e+00 2.20070e+00 
4.23630e+03 3.15936e+00 3.15936e+00 
4.24440e+03 2.91801e+00 2.91801e+00 
4.25250e+03 5.90376e+00 5.90376e+00 
4.26060e+03 4.22335e+00 4.22335e+00 
4.26870e+03 6.13916e+00 6.13916e+00 
4.27680e+03 8.01433e+00 8.01433e+00 
4.28490e+03 8.38396e+00 8.38396e+00 
4.29300e+03 7.79054e+00 7.79054e+00 
4.30110e+03 8.66167e+00 8.66167e+00 
4.30920e+03 6.00651e+00 6.00651e+00 
4.31730e+03 6.19933e+00 6.19933e+00 
4.32540e+03 6.18514e+00 6.18514e+00 
4.33350e+03 3.52617e+00 3.52617e+00 
4.34160e+03 3.95000e+00 3.95000e+00 
4.34970e+03 4.63400e+00 4.63400e+00 
4.35780e+03 6.84370e+00 6.84370e+00 
4.36590e+03 5.94585e+00 5.94585e+00 
4.37400e+03 5.73189e+00 5.73189e+00 
4.38210e+03 4.10508e+00 4.10508e+00 
4.39020e+03 4.64969e+00 4.64969e+00 
4.39830e+03 4.89695e+00 4.89695e+00 
4.40640e+03 6.71366e+00 6.71366e+00 
4.41450e+03 7.37092e+00 7.37092e+00 
4.42260e+03 7.29120e+00 7.29120e+00 
4.43070e+03 6.46743e+00 6.46743e+00 
4.43880e+03 4.13904e+00 4.13904e+00 
4.44690e+03 6.94786e+00 6.94786e+00 
4.45500e+03 5.67291e+00 5.67291e+00 
4.46310e+03 6.86190e+00 6.86190e+00 
4.47120e+03 6.87649e+00 6.87649e+00 
4.47930e+03 9.09196e+00 9.09196e+00 
4.48740e+03 9.27645e+00 9.27645e+00 
4.49550e+03 1.05161e+01 1.05161e+01 
4.50360e+03 9.20251e+00 9.20251e+00 
4.51170e+03 9.20482e+00 9.20482e+00 
4.51980e+03 7.45085e+00 7.45085e+00 
4.52790e+03 9.11429e+00 9.11429e+00 
4.53600e+03 6.83626e+00 6.83626e+00 
4.54410e+03 7.60495e+00 7.60495e+00 
4.55220e+03 7.50723e+00 7.50723e+00 
4.56030e+03 7.02244e+00 7.02244e+00 
4.56840e+03 4.90836e+00 4.90836e+00 
4.57650e+03 7.00956e+00 7.00956e+00 
4.58460e+03 5.86503e+00 5.86503e+00 
4.59270e+03 5.68495e+00 5.68495e+00 
4.60080e+03 6.00181e+00 6.00181e+00 
4.60890e+03 4.32313e+00 4.32313e+00 
4.61700e+03 3.83554e+00 3.83554e+00 
4.62510e+03 5.39394e+00 5.39394e+00 
4.63320e+03 5.68780e+00 5.68780e+00 
4.64130e+03 5.86943e+00 5.86943e+00 
4.64940e+03 6.46049e+00 6.46049e+00 
4.65750e+03 6.94758e+00 6.94758e+00 
4.66560e+03 5.82911e+00 5.82911e+00 
4.67370e+03 6.57498e+00 6.57498e+00 
4.68180e+03 9.47358e+00 9.47358e+00 
4.68990e+03 1.08195e+01 1.08195e+01 
4.69800e+03 9.35865e+00 9.35865e+00 
4.70610e+03 9.09906e+00 9.09906e+00 
4.71420e+03 9.42835e+00 9.42835e+00 
4.72230e+03 8.77071e+00 8.77071e+00 
4.73040e+03 9.95898e+00 9.95898e+00 
4.73850e+03 6.72752e+00 6.72752e+00 
4.74660e+03 6.83310e+00 6.83310e+00 
4.75470e+03 3.86281e+00 3.86281e+00 
4.76280e+03 6.91431e+00 6.91431e+00 
4.77090e+03 9.32936e+00 9.32936e+00 
4.77900e+03 7.74254e+00 7.74254e+00 
4.78710e+03 6.85346e+00 6.85346e+00 
4.79520e+03 6.29856e+00 6.29856e+00 
4.80330e+03 9.73681e+00 9.73681e+00 
4.81140e+03 6.78611e+00 6.78611e+00 
4.81950e+03 7.76074e+00 7.76074e+00 
4.82760e+03 6.17593e+00 6.17593e+00 
4.83570e+03 4.30898e+00 4.30898e+00 
4.84380e+03 8.31283e+00 8.31283e+00 
4.85190e+03 7.65665e+00 7.65665e+00 
4.86000e+03 6.90382e+00 6.90382e+00 
4.86810e+03 7.22804e+00 7.22804e+00 
4.87620e+03 9.13609e+00 9.13609e+00 
4.88430e+03 9.57044e+00 9.57044e+00 
4.89240e+03 1.01807e+01 1.01807e+01 
4.90050e+03 8.78159e+00 8.78159e+00 
4.90860e+03 9.29833e+00 9.29833e+00 
4.91670e+03 7.42384e+00 7.42384e+00 
4.92480e+03 7.59878e+00 7.59878e+00 
4.93290e+03 7.65135e+00 7.65135e+00 
4.94100e+03 2.84687e+00 2.84687e+00 
4.94910e+03 2.90420e+00 2.90420e+00 
4.95720e+03 6.46977e+00 6.46977e+00 
4.96530e+03 5.23141e+00 5.23141e+00 
4.97340e+03 7.49920e+00 7.49920e+00 
4.98150e+03 6.38060e+00 6.38060e+00 
4.98960e+03 6.74636e+00 6.74636e+00 
4.99770e+03 7.43780e+00 7.43780e+00 
5.00580e+03 5.32810e+00 5.32810e+00 
5.01390e+03 5.87634e+00 5.87634e+00 
5.02200e+03 4.26047e+00 4.26047e+00 
5.03010e+03 5.24698e+00 5.24698e+00 
5.03820e+03 4.55416e+00 4.55416e+00 
5.04630e+03 3.68476e+00 3.68476e+00 
5.05440e+03 3.97604e+00 3.97604e+00 
5.06250e+03 5.76107e+00 5.76107e+00 
5.07060e+03 4.13171e+00 4.13171e+00 
5.07870e+03 5.88873e+00 5.88873e+00 
5.08680e+03 5.40903e+00 5.40903e+00 
5.09490e+03 5.28941e+00 5.28941e+00 
5.10300e+03 3.27282e+00 3.27282e+00 
5.11110e+03 5.23641e+00 5.23641e+00 
5.11920e+03 5.17101e+00 5.17101e+00 
5.12730e+03 5.46749e+00 5.46749e+00 
5.13540e+03 4.05630e+00 4.05630e+00 
5.14350e+03 6.67616e+00 6.67616e+00 
5.15160e+03 5.72275e+00 5.72275e+00 
5.15970e+03 3.21988e+00 3.21988e+00 
5.16780e+03 5.38181e+00 5.38181e+00 
5.17590e+03 4.62687e+00 4.62687e+00 
5.18400e+03 8.09507e+00 8.09507e+00 
5.19210e+03 1.09661e+01 1.09661e+01 
5.20020e+03 9.95803e+00 9.95803e+00 
5.20830e+03 4.57215e+00 4.57215e+00 
5.21640e+03 6.76280e+00 6.76280e+00 
5.22450e+03 2.74765e+00 2.74765e+00 
5.23260e+03 4.47724e+00 4.47724e+00 
5.24070e+03 6.30958e+00 6.30958e+00 
5.24880e+03 1.03030e+01 1.03030e+01 
5.25690e+03 8.57494e+00 8.57494e+00 
5.26500e+03 1.00249e+01 1.00249e+01 
5.27310e+03 8.97187e+00 8.97187e+00 
5.28120e+03 7.08082e+00 7.08082e+00 
5.28930e+03 4.68442e+00 4.68442e+00 
5.29740e+03 2.24654e+00 2.24654e+00 
5.30550e+03 7.96812e+00 7.96812e+00 
5.31360e+03 5.09581e+00 5.09581e+00 
5.32170e+03 4.24300e+00 4.24300e+00 
5.32980e+03 3.79306e+00 3.79306e+00 
5.33790e+03 1.74236e+00 1.74236e+00 
5.34600e+03 2.03509e+00 2.03509e+00 
5.35410e+03 3.87693e+00 3.87693e+00 
5.36220e+03 3.33662e+00 3.33662e+00 
5.37030e+03 3.41463e+00 3.41463e+00 
5.37840e+03 5.40668e+00 5.40668e+00 
5.38650e+03 5.32923e+00 5.32923e+00 
5.39460e+03 4.14576e+00 4.14576e+00 
5.40270e+03 5.17776e+00 5.17776e+00 
5.41080e+03 4.23301e+00 4.23301e+00 
5.41890e+03 6.00186e+00 6.00186e+00 
5.42700e+03 7.41372e+00 7.41372e+00 
5.43510e+03 4.30144e+00 4.30144e+00 
5.44320e+03 7.37654e+00 7.37654e+00 
5.45130e+03 8.70423e+00 8.70423e+00 
5.45940e+03 8.39209e+00 8.39209e+00 
5.46750e+03 9.58293e+00 9.58293e+00 
5.47560e+03 8.11993e+00 8.11993e+00 
5.48370e+03 8.79140e+00 8.79140e+00 
5.49180e+03 3.06669e+00 3.06669e+00 
5.49990e+03 4.81327e+00 4.81327e+00 
5.50800e+03 4.47136e+00 4.47136e+00 
5.51610e+03 7.61206e+00 7.61206e+00 
5.52420e+03 8.74007e+00 8.74007e+00 
5.53230e+03 7.50111e+00 7.50111e+00 
5.54040e+03 8.05399e+00 8.05399e+00 
5.54850e+03 4.68221e+00 4.68221e+00 
5.55660e+03 4.72162e+00 4.72162e+00 
5.56470e+03 1.38938e+00 1.38938e+00 
5.57280e+03 3.76360e+00 3.76360e+00 
5.58090e+03 5.47486e+00 5.47486e+00 
5.58900e+03 4.84390e+00 4.84390e+00 
5.59710e+03 6.92168e+00 6.92168e+00 
5.60520e+03 5.70116e+00 5.70116e+00 
5.61330e+03 6.46198e+00 6.46198e+00 
5.62140e+03 7.07129e+00 7.07129e+00 
5.62950e+03 7.60407e+00 7.60407e+00 
5.63760e+03 4.74007e+00 4.74007e+00 
5.64570e+03 2.88425e+00 2.88425e+00 
5.65380e+03 1.30057e+00 1.30057e+00 
5.66190e+03 3.91327e+00 3.91327e+00 
5.67000e+03 3.03084e+00 3.03084e+00 
5.67810e+03 2.76775e+00 2.76775e+00 
5.68620e+03 2.20194e+00 2.20194e+00 
5.69430e+03 5.37750e+00 5.37750e+00 
5.70240e+03 5.84038e+00 5.84038e+00 
5.71050e+03 7.26931e+00 7.26931e+00 
5.71860e+03 8.85678e+00 8.85678e+00 
5.72670e+03 1.09137e+01 1.09137e+01 
5.73480e+03 1.21802e+01 1.21802e+01 
5.74290e+03 7.79906e+00 7.79906e+00 
5.75100e+03 6.29111e+00 6.29111e+00 
5.75910e+03 5.16265e+00 5.16265e+00 
5.76720e+03 7.87971e+00 7.87971e+00 
5.77530e+03 6.08199e+00 6.08199e+00 
5.78340e+03 6.64831e+00 6.64831e+00 
5.79150e+03 2.94341e+00 2.94341e+00 
5.79960e+03 5.47854e+00 5.47854e+00 
5.80770e+03 5.87286e+00 5.87286e+00 
5.81580e+03 4.91679e+00 4.91679e+00 
5.82390e+03 6.01964e+00 6.01964e+00 
5.83200e+03 6.28876e+00 6.28876e+00 
5.84010e+03 6.64893e+00 6.64893e+00 
5.84820e+03 6.08532e+00 6.08532e+00 
5.85630e+03 4.52699e+00 4.52699e+00 
5.86440e+03 7.13689e+00 7.13689e+00 
5.87250e+03 3.72879e+00 3.72879e+00 
5.88060e+03 3.92106e+00 3.92106e+00 
5.88870e+03 4.80848e+00 4.80848e+00 
5.89680e+03 4.73530e+00 4.73530e+00 
5.90490e+03 2.63287e+00 2.63287e+00 
5.91300e+03 4.91171e+00 4.91171e+00 
5.92110e+03 6.22854e+00 6.22854e+00 
5.92920e+03 6.72862e+00 6.72862e+00 
5.93730e+03 8.32647e+00 8.32647e+00 
5.94540e+03 7.35232e+00 7.35232e+00 
5.95350e+03 6.17466e+00 6.17466e+00 
5.96160e+03 4.38249e+00 4.38249e+00 
5.96970e+03 6.09427e+00 6.09427e+00 
5.97780e+03 5.05321e+00 5.05321e+00 
5.98590e+03 6.38770e+00 6.38770e+00 
5.99400e+03 6.17229e+00 6.17229e+00 
6.00210e+03 6.38082e+00 6.38082e+00 
6.01020e+03 8.74266e+00 8.74266e+00 
6.01830e+03 1.12190e+01 1.12190e+01 
6.02640e+03 5.61067e+00 5.61067e+00 
6.03450e+03 7.98627e+00 7.98627e+00 
6.04260e+03 9.57734e+00 9.57734e+00 
6.05070e+03 7.06304e+00 7.06304e+00 
6.05880e+03 9.07010e+00 9.07010e+00 
6.06690e+03 6.88287e+00 6.88287e+00 
6.07500e+03 8.63966e+00 8.63966e+00 
6.08310e+03 7.37274e+00 7.37274e+00 
6.09120e+03 8.75785e+00 8.75785e+00 
6.09930e+03 1.29046e+01 1.29046e+01 
6.10740e+03 1.00679e+01 1.00679e+01 
6.11550e+03 8.74016e+00 8.74016e+00 
6.12360e+03 1.06377e+01 1.06377e+01 
6.13170e+03 1.08688e+01 1.08688e+01 
6.13980e+03 9.78793e+00 9.78793e+00 
6.14790e+03 7.13716e+00 7.13716e+00 
6.15600e+03 9.32234e+00 9.32234e+00 
6.16410e+03 8.90973e+00 8.90973e+00 
6.17220e+03 1.20673e+01 1.20673e+01 
6.18030e+03 8.73519e+00 8.73519e+00 
6.18840e+03 9.01067e+00 9.01067e+00 
6.19650e+03 5.37332e+00 5.37332e+00 
6.20460e+03 2.99030e+00 2.99030e+00 
6.21270e+03 8.72652e+00 8.72652e+00 
6.22080e+03 7.11199e+00 7.11199e+00 
6.22890e+03 7.58768e+00 7.58768e+00 
6.23700e+03 6.97427e+00 6.97427e+00 
6.24510e+03 4.81570e+00 4.81570e+00 
6.25320e+03 5.64265e+00 5.64265e+00 
6.26130e+03 5.18050e+00 5.18050e+00 
6.26940e+03 4.94191e+00 4.94191e+00 
6.27750e+03 1.03651e+01 1.03651e+01 
6.28560e+03 6.93755e+00 6.93755e+00 
6.29370e+03 9.57857e+00 9.57857e+00 
6.30180e+03 7.03860e+00 7.03860e+00 
6.30990e+03 4.70033e+00 4.70033e+00 
6.31800e+03 2.98666e+00 2.98666e+00 
6.32610e+03 4.23847e+00 4.23847e+00 
6.33420e+03 2.33532e+00 2.33532e+00 
6.34230e+03 3.41519e+00 3.41519e+00 
6.35040e+03 2.21342e+00 2.21342e+00 
6.35850e+03 4.20401e+00 4.20401e+00 
6.36660e+03 5.89585e+00 5.89585e+00 
6.37470e+03 3.62656e+00 3.62656e+00 
6.38280e+03 4.74449e+00 4.74449e+00 
6.39090e+03 2.48279e+00 2.48279e+00 
6.39900e+03 6.17549e+00 6.17549e+00 
6.40710e+03 7.20201e+00 7.20201e+00 
6.41520e+03 6.87121e+00 6.87121e+00 
6.42330e+03 2.92063e+00 2.92063e+00 
6.43140e+03 4.28101e+00 4.28101e+00 
6.43950e+03 7.23699e+00 7.23699e+00 
6.44760e+03 5.83723e+00 5.83723e+00 
6.45570e+03 1.33518e+00 1.33518e+00 
6.46380e+03 3.73795e+00 3.73795e+00 
6.47190e+03 4.32060e+00 4.32060e+00 
6.48000e+03 6.54336e+00 6.54336e+00 
6.48810e+03 6.37265e+00 6.37265e+00 
6.49620e+03 9.28345e+00 9.28345e+00 
6.50430e+03 9.31774e+00 9.31774e+00 
6.51240e+03 8.54629e+00 8.54629e+00 
6.52050e+03 8.62088e+00 8.62088e+00 
6.52860e+03 9.07416e+00 9.07416e+00 
6.53670e+03 9.05646e+00 9.05646e+00 
6.54480e+03 1.02273e+01 1.02273e+01 
6.55290e+03 9.94800e+00 9.94800e+00 
6.56100e+03 9.51051e+00 9.51051e+00 
6.56910e+03 9.88500e+00 9.88500e+00 
6.57720e+03 1.32398e+01 1.32398e+01 
6.58530e+03 1.21266e+01 1.21266e+01 
6.59340e+03 1.01058e+01 1.01058e+01 
6.60150e+03 1.01563e+01 1.01563e+01 
6.60960e+03 1.18702e+01 1.18702e+01 
6.61770e+03 1.04097e+01 1.04097e+01 
6.62580e+03 1.10727e+01 1.10727e+01 
6.63390e+03 1.44706e+01 1.44706e+01 
6.64200e+03 1.48744e+01 1.48744e+01 
6.65010e+03 1.46854e+01 1.46854e+01 
6.65820e+03 1.38316e+01 1.38316e+01 
6.66630e+03 1.57165e+01 1.57165e+01 
6.67440e+03 1.25868e+01 1.25868e+01 
6.68250e+03 1.21815e+01 1.21815e+01 
6.69060e+03 1.28711e+01 1.28711e+01 
6.69870e+03 1.31948e+01 1.31948e+01 
6.70680e+03 1.12920e+01 1.12920e+01 
6.71490e+03 1.14543e+01 1.14543e+01 
6.72300e+03 1.36890e+01 1.36890e+01 
6.73110e+03 1.17085e+01 1.17085e+01 
6.73920e+03 1.36937e+01 1.36937e+01 
6.74730e+03 1.15937e+01 1.15937e+01 
6.75540e+03 1.20534e+01 1.20534e+01 
6.76350e+03 1.14284e+01 1.14284e+01 
6.77160e+03 1.16815e+01 1.16815e+01 
6.77970e+03 9.37081e+00 9.37081e+00 
6.78780e+03 1.00001e+01 1.00001e+01 
6.79590e+03 1.11859e+01 1.11859e+01 
6.80400e+03 1.10405e+01 1.10405e+01 
6.81210e+03 6.19761e+00 6.19761e+00 
6.82020e+03 8.65500e+00 8.65500e+00 
6.82830e+03 7.95628e+00 7.95628e+00 
6.83640e+03 7.27488e+00 7.27488e+00 
6.84450e+03 7.10391e+00 7.10391e+00 
6.85260e+03 1.13296e+01 1.13296e+01 
6.86070e+03 7.50841e+00 7.50841e+00 
6.86880e+03 7.29912e+00 7.29912e+00 
6.87690e+03 8.38129e+00 8.38129e+00 
6.88500e+03 1.01740e+01 1.01740e+01 
6.89310e+03 9.06498e+00 9.06498e+00 
6.90120e+03 1.17812e+01 1.17812e+01 
6.90930e+03 1.34336e+01 1.34336e+01 
6.91740e+03 1.16437e+01 1.16437e+01 
6.92550e+03 1.07981e+01 1.07981e+01 
6.93360e+03 1.17629e+01 1.17629e+01 
6.94170e+03 1.32179e+01 1.32179e+01 
6.94980e+03 1.20875e+01 1.20875e+01 
6.95790e+03 1.30717e+01 1.30717e+01 
6.96600e+03 1.35816e+01 1.35816e+01 
6.97410e+03 1.17868e+01 1.17868e+01 
6.98220e+03 1.15132e+01 1.15132e+01 
6.99030e+03 1.02212e+01 1.02212e+01 
6.99840e+03 1.20360e+01 1.20360e+01 
7.00650e+03 1.25271e+01 1.25271e+01 
7.01460e+03 1.23618e+01 1.23618e+01 
7.02270e+03 1.17958e+01 1.17958e+01 
7.03080e+03 1.13583e+01 1.13583e+01 
7.03890e+03 1.03404e+01 1.03404e+01 
7.04700e+03 1.00790e+01 1.00790e+01 
7.05510e+03 7.61975e+00 7.61975e+00 
7.06320e+03 6.23352e+00 6.23352e+00 
7.07130e+03 3.50268e+00 3.50268e+00 
7.07940e+03 6.45218e+00 6.45218e+00 
7.08750e+03 6.77607e+00 6.77607e+00 
7.09560e+03 3.96858e+00 3.96858e+00 
7.10370e+03 5.50538e+00 5.50538e+00 
7.11180e+03 8.35708e+00 8.35708e+00 
7.11990e+03 5.39032e+00 5.39032e+00 
7.12800e+03 5.60937e+00 5.60937e+00 
7.13610e+03 4.95974e+00 4.95974e+00 
7.14420e+03 6.85445e+00 6.85445e+00 
7.15230e+03 8.49402e+00 8.49402e+00 
7.16040e+03 6.03812e+00 6.03812e+00 
7.16850e+03 7.93544e+00 7.93544e+00 
7.17660e+03 4.68970e+00 4.68970e+00 
7.18470e+03 6.86219e+00 6.86219e+00 
7.19280e+03 6.32009e+00 6.32009e+00 
7.20090e+03 6.14977e+00 6.14977e+00 
7.20900e+03 5.51444e+00 5.51444e+00 
7.21710e+03 5.41174e+00 5.41174e+00 
7.22520e+03 2.63588e+00 2.63588e+00 
7.23330e+03 1.85910e+00 1.85910e+00 
7.24140e+03 6.55304e+00 6.55304e+00 
7.24950e+03 5.84889e+00 5.84889e+00 
7.25760e+03 3.19816e+00 3.19816e+00 
7.26570e+03 4.44185e+00 4.44185e+00 
7.27380e+03 3.62761e+00 3.62761e+00 
7.28190e+03 4.44429e+00 4.44429e+00 
7.29000e+03 5.99647e+00 5.99647e+00 
7.29810e+03 9.00308e+00 9.00308e+00 
7.30620e+03 7.35792e+00 7.35792e+00 
7.31430e+03 5.26918e+00 5.26918e+00 
7.32240e+03 7.44882e+00 7.44882e+00 
7.33050e+03 7.07144e+00 7.07144e+00 
7.33860e+03 8.92234e+00 8.92234e+00 
7.34670e+03 6.73150e+00 6.73150e+00 
7.35480e+03 5.74444e+00 5.74444e+00 
7.36290e+03 8.40065e+00 8.40065e+00 
7.37100e+03 9.26063e+00 9.26063e+00 
7.37910e+03 4.08063e+00 4.08063e+00 
7.38720e+03 3.06072e+00 3.06072e+00 
7.39530e+03 3.70366e+00 3.70366e+00 
7.40340e+03 6.94863e-01 6.94863e-01 
7.41150e+03 3.23751e+00 3.23751e+00 
7.41960e+03 5.10430e+00 5.10430e+00 
7.42770e+03 4.30406e+00 4.30406e+00 
7.43580e+03 7.77816e+00 7.77816e+00 
7.44390e+03 3.79880e+00 3.79880e+00 
7.45200e+03 3.16995e+00 3.16995e+00 
7.46010e+03 3.02508e+00 3.02508e+00 
7.46820e+03 3.42419e+00 3.42419e+00 
7.47630e+03 5.81660e+00 5.81660e+00 
7.48440e+03 4.01688e+00 4.01688e+00 
7.49250e+03 2.58563e+00 2.58563e+00 
7.50060e+03 3.01270e+00 3.01270e+00 
7.50870e+03 2.91011e+00 2.91011e+00 
7.51680e+03 6.91485e+00 6.91485e+00 
7.52490e+03 7.27071e+00 7.27071e+00 
7.53300e+03 7.20292e+00 7.20292e+00 
7.54110e+03 4.66417e+00 4.66417e+00 
7.54920e+03 4.75201e+00 4.75201e+00 
7.55730e+03 3.40997e+00 3.40997e+00 
7.56540e+03 3.98255e+00 3.98255e+00 
7.57350e+03 4.11512e+00 4.11512e+00 
7.58160e+03 3.99267e+00 3.99267e+00 
7.58970e+03 3.88445e+00 3.88445e+00 
7.59780e+03 5.84660e+00 5.84660e+00 
7.60590e+03 8.04599e+00 8.04599e+00 
7.61400e+03 5.59771e+00 5.59771e+00 
7.62210e+03 6.81175e+00 6.81175e+00 
7.63020e+03 5.12673e+00 5.12673e+00 
7.63830e+03 7.01584e+00 7.01584e+00 
7.64640e+03 6.79450e+00 6.79450e+00 
7.65450e+03 7.89146e+00 7.89146e+00 
7.66260e+03 6.92250e+00 6.92250e+00 
7.67070e+03 5.73305e+00 5.73305e+00 
7.67880e+03 5.95127e+00 5.95127e+00 
7.68690e+03 3.57592e+00 3.57592e+00 
7.69500e+03 4.53929e+00 4.53929e+00 
7.70310e+03 4.08380e+00 4.08380e+00 
7.71120e+03 1.59608e+00 1.59608e+00 
7.71930e+03 3.52198e+00 3.52198e+00 
7.72740e+03 4.02997e+00 4.02997e+00 
7.73550e+03 5.97780e+00 5.97780e+00 
7.74360e+03 2.01576e+00 2.01576e+00 
7.75170e+03 4.49673e+00 4.49673e+00 
7.75980e+03 6.50765e+00 6.50765e+00 
7.76790e+03 4.46750e+00 4.46750e+00 
7.77600e+03 3.67104e+00 3.67104e+00 
7.78410e+03 4.65050e+00 4.65050e+00 
7.79220e+03 4.84925e+00 4.84925e+00 
7.80030e+03 3.88663e+00 3.88663e+00 
7.80840e+03 3.27557e+00 3.27557e+00 
7.81650e+03 5.03075e+00 5.03075e+00 
7.82460e+03 5.45101e+00 5.45101e+00 
7.83270e+03 2.78030e+00 2.78030e+00 
7.84080e+03 5.78743e+00 5.78743e+00 
7.84890e+03 5.77266e+00 5.77266e+00 
7.85700e+03 6.93324e+00 6.93324e+00 
7.86510e+03 6.81657e+00 6.81657e+00 
7.87320e+03 5.36347e+00 5.36347e+00 
7.88130e+03 7.92596e+00 7.92596e+00 
7.88940e+03 8.05812e+00 8.05812e+00 
7.89750e+03 7.41918e+00 7.41918e+00 
7.90560e+03 4.24453e+00 4.24453e+00 
7.91370e+03 5.85378e+00 5.85378e+00 
7.92180e+03 7.64627e+00 7.64627e+00 
7.92990e+03 5.65021e+00 5.65021e+00 
7.93800e+03 7.95788e+00 7.95788e+00 
7.94610e+03 9.50156e+00 9.50156e+00 
7.95420e+03 7.08737e+00 7.08737e+00 
7.96230e+03 4.95806e+00 4.95806e+00 
7.97040e+03 7.88549e+00 7.88549e+00 
7.97850e+03 8.96072e+00 8.96072e+00 
7.98660e+03 1.09802e+01 1.09802e+01 
7.99470e+03 1.26682e+01 1.26682e+01 
8.00280e+03 1.25086e+01 1.25086e+01 
8.01090e+03 1.28866e+01 1.28866e+01 
8.01900e+03 1.14728e+01 1.14728e+01 
8.02710e+03 1.58674e+01 1.58674e+01 
8.03520e+03 1.75927e+01 1.75927e+01 
8.04330e+03 1.62039e+01 1.62039e+01 
8.05140e+03 1.30445e+01 1.30445e+01 
8.05950e+03 1.04843e+01 1.04843e+01 
8.06760e+03 1.14688e+01 1.14688e+01 
8.07570e+03 8.42431e+00 8.42431e+00 
8.08380e+03 9.70569e+00 9.70569e+00 
8.09190e+03 1.16152e+01 1.16152e+01 
8.10000e+03 1.33292e+01 1.33292e+01 
8.10810e+03 1.24767e+01 1.24767e+01 
8.11620e+03 1.11369e+01 1.11369e+01 
8.12430e+03 1.09608e+01 1.09608e+01 
8.13240e+03 1.06782e+01 1.06782e+01 
8.14050e+03 7.58842e+00 7.58842e+00 
8.14860e+03 9.43858e+00 9.43858e+00 
8.15670e+03 7.69975e+00 7.69975e+00 
8.16480e+03 8.34824e+00 8.34824e+00 
8.17290e+03 8.07255e+00 8.07255e+00 
8.18100e+03 9.96951e+00 9.96951e+00 
8.18910e+03 1.01511e+01 1.01511e+01 
8.19720e+03 1.11264e+01 1.11264e+01 
8.20530e+03 1.28713e+01 1.28713e+01 
8.21340e+03 1.24005e+01 1.24005e+01 
8.22150e+03 1.48919e+01 1.48919e+01 
8.22960e+03 1.20374e+01 1.20374e+01 
8.23770e+03 9.20120e+00 9.20120e+00 
8.24580e+03 1.22631e+01 1.22631e+01 
8.25390e+03 1.28581e+01 1.28581e+01 
8.26200e+03 1.17316e+01 1.17316e+01 
8.27010e+03 1.30481e+01 1.30481e+01 
8.27820e+03 8.01164e+00 8.01164e+00 
8.28630e+03 6.49564e+00 6.49564e+00 
8.29440e+03 7.36649e+00 7.36649e+00 
8.30250e+03 7.69464e+00 7.69464e+00 
8.31060e+03 8.17103e+00 8.17103e+00 
8.31870e+03 7.82364e+00 7.82364e+00 
8.32680e+03 7.03836e+00 7.03836e+00 
8.33490e+03 1.07534e+01 1.07534e+01 
8.34300e+03 9.34412e+00 9.34412e+00 
8.35110e+03 6.83144e+00 6.83144e+00 
8.35920e+03 8.81377e+00 8.81377e+00 
8.36730e+03 9.98302e+00 9.98302e+00 
8.37540e+03 9.70469e+00 9.70469e+00 
8.38350e+03 8.98260e+00 8.98260e+00 
8.39160e+03 1.02426e+01 1.02426e+01 
8.39970e+03 8.24199e+00 8.24199e+00 
8.40780e+03 8.02045e+00 8.02045e+00 
8.41590e+03 8.54171e+00 8.54171e+00 
8.42400e+03 5.14243e+00 5.14243e+00 
8.43210e+03 3.94610e+00 3.94610e+00 
8.44020e+03 7.05292e+00 7.05292e+00 
8.44830e+03 2.21576e+00 2.21576e+00 
8.45640e+03 2.60369e+00 2.60369e+00 
8.46450e+03 2.30057e+00 2.30057e+00 
8.47260e+03 1.86021e+00 1.86021e+00 
8.48070e+03 4.04430e+00 4.04430e+00 
8.48880e+03 1.51175e+00 1.51175e+00 
8.49690e+03 6.13283e+00 6.13283e+00 
8.50500e+03 4.03808e+00 4.03808e+00 
8.51310e+03 2.65706e+00 2.65706e+00 
8.52120e+03 2.33403e+00 2.33403e+00 
8.52930e+03 3.24434e+00 3.24434e+00 
8.53740e+03 3.60555e+00 3.60555e+00 
8.54550e+03 3.55278e+00 3.55278e+00 
8.55360e+03 3.49994e+00 3.49994e+00 
8.56170e+03 4.74454e+00 4.74454e+00 
8.56980e+03 1.71377e+00 1.71377e+00 
8.57790e+03 4.10199e+00 4.10199e+00 
8.58600e+03 2.77281e+00 2.77281e+00 
8.59410e+03 5.06646e+00 5.06646e+00 
8.60220e+03 8.94149e+00 8.94149e+00 
8.61030e+03 8.33800e+00 8.33800e+00 
8.61840e+03 7.34353e+00 7.34353e+00 
8.62650e+03 6.14967e+00 6.14967e+00 
8.63460e+03 7.65967e+00 7.65967e+00 
8.64270e+03 7.21980e+00 7.21980e+00 
8.65080e+03 7.31316e+00 7.31316e+00 
8.65890e+03 4.14372e+00 4.14372e+00 
8.66700e+03 6.42366e+00 6.42366e+00 
8.67510e+03 5.85843e+00 5.85843e+00 
8.68320e+03 5.09987e+00 5.09987e+00 
8.69130e+03 4.75879e+00 4.75879e+00 
8.69940e+03 6.22390e+00 6.22390e+00 
8.70750e+03 2.47509e+00 2.47509e+00 
8.71560e+03 6.73680e+00 6.73680e+00 
8.72370e+03 4.13985e+00 4.13985e+00 
8.73180e+03 5.22922e+00 5.22922e+00 
8.73990e+03 2.83151e+00 2.83151e+00 
8.74800e+03 4.29882e+00 4.29882e+00 
8.75610e+03 5.77104e+00 5.77104e+00 
8.76420e+03 9.01359e+00 9.01359e+00 
8.77230e+03 7.44584e+00 7.44584e+00 
8.78040e+03 4.96501e+00 4.96501e+00 
8.78850e+03 4.63001e+00 4.63001e+00 
8.79660e+03 4.33800e+00 4.33800e+00 
8.80470e+03 3.04270e+00 3.04270e+00 
8.81280e+03 2.40479e+00 2.40479e+00 
8.82090e+03 7.16496e+00 7.16496e+00 
8.82900e+03 6.03315e+00 6.03315e+00 
8.83710e+03 5.34389e+00 5.34389e+00 
8.84520e+03 2.79812e+00 2.79812e+00 
8.85330e+03 2.30098e+00 2.30098e+00 
8.86140e+03 2.21378e+00 2.21378e+00 
8.86950e+03 2.53502e+00 2.53502e+00 
8.87760e+03 2.95634e+00 2.95634e+00 
8.88570e+03 4.55276e+00 4.55276e+00 
8.89380e+03 3.55815e+00 3.55815e+00 
8.90190e+03 4.94905e+00 4.94905e+00 
8.91000e+03 7.63723e+00 7.63723e+00 
8.91810e+03 3.65648e+00 3.65648e+00 
8.92620e+03 1.27784e+00 1.27784e+00 
8.93430e+03 3.15122e+00 3.15122e+00 
8.94240e+03 3.68897e+00 3.68897e+00 
8.95050e+03 4.07978e+00 4.07978e+00 
8.95860e+03 2.71671e+00 2.71671e+00 
8.96670e+03 4.10258e+00 4.10258e+00 
8.97480e+03 5.41930e+00 5.41930e+00 
8.98290e+03 7.05101e+00 7.05101e+00 
8.99100e+03 6.26597e+00 6.26597e+00 
8.99910e+03 6.03898e+00 6.03898e+00 
9.00720e+03 7.56265e+00 7.56265e+00 
9.01530e+03 2.99937e+00 2.99937e+00 
9.02340e+03 6.40111e+00 6.40111e+00 
9.03150e+03 6.21217e+00 6.21217e+00 
9.03960e+03 3.01177e+00 3.01177e+00 
9.04770e+03 4.25025e+00 4.25025e+00 
9.05580e+03 4.64447e+00 4.64447e+00 
9.06390e+03 4.72845e+00 4.72845e+00 
9.07200e+03 4.87132e+00 4.87132e+00 
9.08010e+03 5.46302e+00 5.46302e+00 
9.08820e+03 6.11022e+00 6.11022e+00 
9.09630e+03 6.14041e+00 6.14041e+00 
9.10440e+03 4.58638e+00 4.58638e+00 
9.11250e+03 8.08014e+00 8.08014e+00 
9.12060e+03 7.31739e+00 7.31739e+00 
9.12870e+03 7.31002e+00 7.31002e+00 
9.13680e+03 9.07488e+00 9.07488e+00 
9.14490e+03 9.62063e+00 9.62063e+00 
9.15300e+03 9.56149e+00 9.56149e+00 
9.16110e+03 1.15497e+01 1.15497e+01 
9.16920e+03 9.59816e+00 9.59816e+00 
9.17730e+03 1.00065e+01 1.00065e+01 
9.18540e+03 9.20925e+00 9.20925e+00 
9.19350e+03 6.41508e+00 6.41508e+00 
9.20160e+03 9.11311e+00 9.11311e+00 
9.20970e+03 7.63161e+00 7.63161e+00 
9.21780e+03 7.59196e+00 7.59196e+00 
9.22590e+03 7.89265e+00 7.89265e+00 
9.23400e+03 8.82503e+00 8.82503e+00 
9.24210e+03 6.35032e+00 6.35032e+00 
9.25020e+03 6.92892e+00 6.92892e+00 
9.25830e+03 5.04954e+00 5.04954e+00 
9.26640e+03 5.54771e+00 5.54771e+00 
9.27450e+03 6.77955e+00 6.77955e+00 
9.28260e+03 8.00045e+00 8.00045e+00 
9.29070e+03 6.20561e+00 6.20561e+00 
9.29880e+03 6.32217e+00 6.32217e+00 
9.30690e+03 5.42012e+00 5.42012e+00 
9.31500e+03 6.74110e+00 6.74110e+00 
9.32310e+03 3.99628e+00 3.99628e+00 
9.33120e+03 5.14667e+00 5.14667e+00 
9.33930e+03 3.86146e+00 3.86146e+00 
9.34740e+03 4.28011e+00 4.28011e+00 
9.35550e+03 7.14815e+00 7.14815e+00 
9.36360e+03 1.04709e+01 1.04709e+01 
9.37170e+03 1.01719e+01 1.01719e+01 
9.37980e+03 1.02901e+01 1.02901e+01 
9.38790e+03 1.15911e+01 1.15911e+01 
9.39600e+03 1.25356e+01 1.25356e+01 
9.40410e+03 9.71134e+00 9.71134e+00 
9.41220e+03 7.86058e+00 7.86058e+00 
9.42030e+03 7.87955e+00 7.87955e+00 
9.42840e+03 8.53470e+00 8.53470e+00 
9.43650e+03 1.01771e+01 1.01771e+01 
9.44460e+03 8.43793e+00 8.43793e+00 
9.45270e+03 9.28577e+00 9.28577e+00 
9.46080e+03 1.01765e+01 1.01765e+01 
9.46890e+03 1.01172e+01 1.01172e+01 
9.47700e+03 1.00008e+01 1.00008e+01 
9.48510e+03 8.67102e+00 8.67102e+00 
9.49320e+03 6.62779e+00 6.62779e+00 
9.50130e+03 6.02700e+00 6.02700e+00 
9.50940e+03 9.38227e+00 9.38227e+00 
9.51750e+03 8.39263e+00 8.39263e+00 
9.52560e+03 1.11994e+01 1.11994e+01 
9.53370e+03 1.03507e+01 1.03507e+01 
9.54180e+03 1.08477e+01 1.08477e+01 
9.54990e+03 1.12646e+01 1.12646e+01 
9.55800e+03 9.27918e+00 9.27918e+00 
9.56610e+03 9.05110e+00 9.05110e+00 
9.57420e+03 7.17899e+00 7.17899e+00 
9.58230e+03 7.21773e+00 7.21773e+00 
9.59040e+03 6.99238e+00 6.99238e+00 
9.59850e+03 6.25699e+00 6.25699e+00 
9.60660e+03 6.16038e+00 6.16038e+00 
9.61470e+03 9.51134e+00 9.51134e+00 
9.62280e+03 4.26574e+00 4.26574e+00 
9.63090e+03 3.39030e+00 3.39030e+00 
9.63900e+03 5.19599e+00 5.19599e+00 
9.64710e+03 5.91943e+00 5.91943e+00 
9.65520e+03 5.09932e+00 5.09932e+00 
9.66330e+03 5.27960e+00 5.27960e+00 
9.67140e+03 4.38863e+00 4.38863e+00 
9.67950e+03 3.18021e+00 3.18021e+00 
9.68760e+03 4.56365e+00 4.56365e+00 
9.69570e+03 4.71706e+00 4.71706e+00 
9.70380e+03 3.94192e+00 3.94192e+00 
9.71190e+03 1.96256e+00 1.96256e+00 
9.72000e+03 5.14376e+00 5.14376e+00 
9.72810e+03 5.80362e+00 5.80362e+00 
9.73620e+03 6.49751e+00 6.49751e+00 
9.74430e+03 3.00506e+00 3.00506e+00 
9.75240e+03 5.28240e+00 5.28240e+00 
9.76050e+03 6.42457e+00 6.42457e+00 
9.76860e+03 5.97355e+00 5.97355e+00 
9.77670e+03 6.70997e+00 6.70997e+00 
9.78480e+03 5.00422e+00 5.00422e+00 
9.79290e+03 6.03524e+00 6.03524e+00 
9.80100e+03 1.02532e+01 1.02532e+01 
9.80910e+03 6.70591e+00 6.70591e+00 
9.81720e+03 6.46613e+00 6.46613e+00 
9.82530e+03 4.87529e+00 4.87529e+00 
9.83340e+03 5.07674e+00 5.07674e+00 
9.84150e+03 8.76225e+00 8.76225e+00 
9.84960e+03 6.75755e+00 6.75755e+00 
9.85770e+03 6.52051e+00 6.52051e+00 
9.86580e+03 7.91083e+00 7.91083e+00 
9.87390e+03 6.78270e+00 6.78270e+00 
9.88200e+03 7.98146e+00 7.98146e+00 
9.89010e+03 8.17849e+00 8.17849e+00 
9.89820e+03 7.40096e+00 7.40096e+00 
9.90630e+03 1.09432e+01 1.09432e+01 
9.91440e+03 6.79377e+00 6.79377e+00 
9.92250e+03 9.40383e+00 9.40383e+00 
9.93060e+03 7.87015e+00 7.87015e+00 
9.93870e+03 8.79496e+00 8.79496e+00 
9.94680e+03 7.30859e+00 7.30859e+00 
9.95490e+03 9.27203e+00 9.27203e+00 
9.96300e+03 9.63515e+00 9.63515e+00 
9.97110e+03 7.18372e+00 7.18372e+00 
9.97920e+03 1.13327e+01 1.13327e+01 
9.98730e+03 1.25375e+01 1.25375e+01 
9.99540e+03 1.00541e+01 1.00541e+01 
1.00035e+04 1.00914e+01 1.00914e+01 
1.00116e+04 1.08185e+01 1.08185e+01 
1.00197e+04 6.78070e+00 6.78070e+00 
1.00278e+04 4.81903e+00 4.81903e+00 
1.00359e+04 7.59829e+00 7.59829e+00 
1.00440e+04 8.67400e+00 8.67400e+00 
1.00521e+04 7.57100e+00 7.57100e+00 
1.00602e+04 6.24650e+00 6.24650e+00 
1.00683e+04 8.15137e+00 8.15137e+00 
1.00764e+04 9.23963e+00 9.23963e+00 
1.00845e+04 6.73159e+00 6.73159e+00 
1.00926e+04 7.53235e+00 7.53235e+00 
1.01007e+04 1.13169e+01 1.13169e+01 
1.01088e+04 1.12303e+01 1.12303e+01 
1.01169e+04 1.01853e+01 1.01853e+01 
1.01250e+04 1.06049e+01 1.06049e+01 
1.01331e+04 9.04845e+00 9.04845e+00 
1.01412e+04 6.23199e+00 6.23199e+00 
1.01493e+04 6.94842e+00 6.94842e+00 
1.01574e+04 8.00038e+00 8.00038e+00 
1.01655e+04 6.64013e+00 6.64013e+00 
1.01736e+04 7.49590e+00 7.49590e+00 
1.01817e+04 7.77240e+00 7.77240e+00 
1.01898e+04 4.10948e+00 4.10948e+00 
1.01979e+04 6.44696e+00 6.44696e+00 
1.02060e+04 7.35526e+00 7.35526e+00 
1.02141e+04 3.21578e+00 3.21578e+00 
1.02222e+04 5.87804e+00 5.87804e+00 
1.02303e+04 7.30458e+00 7.30458e+00 
1.02384e+04 3.30281e+00 3.30281e+00 
1.02465e+04 5.12738e+00 5.12738e+00 
1.02546e+04 5.00465e+00 5.00465e+00 
1.02627e+04 8.77991e+00 8.77991e+00 
1.02708e+04 4.85377e+00 4.85377e+00 
1.02789e+04 6.84998e+00 6.84998e+00 
1.02870e+04 5.00626e+00 5.00626e+00 
1.02951e+04 8.19738e+00 8.19738e+00 
1.03032e+04 9.29739e+00 9.29739e+00 
1.03113e+04 9.54162e+00 9.54162e+00 
1.03194e+04 8.10611e+00 8.10611e+00 
1.03275e+04 8.25745e+00 8.25745e+00 
1.03356e+04 9.41033e+00 9.41033e+00 
1.03437e+04 8.36261e+00 8.36261e+00 
1.03518e+04 9.88319e+00 9.88319e+00 
1.03599e+04 1.17885e+01 1.17885e+01 
1.03680e+04 1.35139e+01 1.35139e+01 
1.03761e+04 1.02920e+01 1.02920e+01 
1.03842e+04 9.60824e+00 9.60824e+00 
1.03923e+04 6.90537e+00 6.90537e+00 
1.04004e+04 9.95131e+00 9.95131e+00 
1.04085e+04 3.69588e+00 3.69588e+00 
1.04166e+04 5.01589e+00 5.01589e+00 
1.04247e+04 7.71933e+00 7.71933e+00 
1.04328e+04 7.57763e+00 7.57763e+00 
1.04409e+04 7.03038e+00 7.03038e+00 
1.04490e+04 6.96673e+00 6.96673e+00 
1.04571e+04 5.03779e+00 5.03779e+00 
1.04652e+04 9.08943e+00 9.08943e+00 
1.04733e+04 1.12139e+01 1.12139e+01 
1.04814e+04 1.07589e+01 1.07589e+01 
1.04895e+04 1.05079e+01 1.05079e+01 
1.04976e+04 9.93616e+00 9.93616e+00 
1.05057e+04 1.00902e+01 1.00902e+01 
1.05138e+04 1.11577e+01 1.11577e+01 
1.05219e+04 1.05266e+01 1.05266e+01 
1.05300e+04 1.20709e+01 1.20709e+01 
1.05381e+04 9.11456e+00 9.11456e+00 
1.05462e+04 1.24575e+01 1.24575e+01 
1.05543e+04 8.92309e+00 8.92309e+00 
1.05624e+04 9.80614e+00 9.80614e+00 
1.05705e+04 9.16314e+00 9.16314e+00 
1.05786e+04 7.50601e+00 7.50601e+00 
1.05867e+04 5.51126e+00 5.51126e+00 
1.05948e+04 6.25831e+00 6.25831e+00 
1.06029e+04 5.76635e+00 5.76635e+00 
1.06110e+04 6.60525e+00 6.60525e+00 
1.06191e+04 8.56315e+00 8.56315e+00 
1.06272e+04 7.67009e+00 7.67009e+00 
1.06353e+04 5.32079e+00 5.32079e+00 
1.06434e+04 8.18234e+00 8.18234e+00 
1.06515e+04 3.40497e+00 3.40497e+00 
1.06596e+04 4.81065e+00 4.81065e+00 
1.06677e+04 3.72620e+00 3.72620e+00 
1.06758e+04 4.13787e+00 4.13787e+00 
1.06839e+04 3.44388e+00 3.44388e+00 
1.06920e+04 5.91493e+00 5.91493e+00 
1.07001e+04 5.90941e+00 5.90941e+00 
1.07082e+04 8.09013e+00 8.09013e+00 
1.07163e+04 6.99702e+00 6.99702e+00 
1.07244e+04 6.97388e+00 6.97388e+00 
1.07325e+04 5.74238e+00 5.74238e+00 
1.07406e+04 4.74899e+00 4.74899e+00 
1.07487e+04 1.83895e+00 1.83895e+00 
1.07568e+04 2.09787e+00 2.09787e+00 
1.07649e+04 4.54718e+00 4.54718e+00 
1.07730e+04 4.33026e+00 4.33026e+00 
1.07811e+04 3.49026e+00 3.49026e+00 
1.07892e+04 3.61786e+00 3.61786e+00 
1.07973e+04 3.20061e+00 3.20061e+00 
1.08054e+04 2.73015e+00 2.73015e+00 
1.08135e+04 3.99233e+00 3.99233e+00 
1.08216e+04 3.92154e+00 3.92154e+00 
1.08297e+04 3.82402e+00 3.82402e+00 
1.08378e+04 4.07978e+00 4.07978e+00 
1.08459e+04 5.36125e+00 5.36125e+00 
1.08540e+04 2.16535e+00 2.16535e+00 
1.08621e+04 3.06290e+00 3.06290e+00 
1.08702e+04 3.10153e+00 3.10153e+00 
1.08783e+04 3.67506e+00 3.67506e+00 
1.08864e+04 3.35277e+00 3.35277e+00 
1.08945e+04 2.35801e+00 2.35801e+00 
1.09026e+04 3.18111e+00 3.18111e+00 
1.09107e+04 5.52192e+00 5.52192e+00 
1.09188e+04 3.90846e+00 3.90846e+00 
1.09269e+04 2.70250e+00 2.70250e+00 
1.09350e+04 2.56554e+00 2.56554e+00 
1.09431e+04 2.47854e+00 2.47854e+00 
1.09512e+04 2.14851e+00 2.14851e+00 
1.09593e+04 6.34291e+00 6.34291e+00 
1.09674e+04 6.52421e+00 6.52421e+00 
1.09755e+04 5.56658e+00 5.56658e+00 
1.09836e+04 6.99769e+00 6.99769e+00 
1.09917e+04 6.88005e+00 6.88005e+00 
1.09998e+04 4.56238e+00 4.56238e+00 
1.10079e+04 6.81493e+00 6.81493e+00 
1.10160e+04 8.27361e+00 8.27361e+00 
1.10241e+04 3.14381e+00 3.14381e+00 
1.10322e+04 5.26473e+00 5.26473e+00 
1.10403e+04 4.50616e+00 4.50616e+00 
1.10484e+04 3.73546e+00 3.73546e+00 
1.10565e+04 1.78906e+00 1.78906e+00 
1.10646e+04 1.90732e+00 1.90732e+00 
1.10727e+04 2.39800e+00 2.39800e+00 
1.10808e+04 3.31120e+00 3.31120e+00 
1.10889e+04 1.01949e+00 1.01949e+00 
1.10970e+04 3.07969e+00 3.07969e+00 
1.11051e+04 3.13616e+00 3.13616e+00 
1.11132e+04 4.44057e+00 4.44057e+00 
1.11213e+04 3.52964e+00 3.52964e+00 
1.11294e+04 5.99951e+00 5.99951e+00 
1.11375e+04 4.94445e+00 4.94445e+00 
1.11456e+04 6.12394e+00 6.12394e+00 
1.11537e+04 6.26339e+00 6.26339e+00 
1.11618e+04 6.96401e+00 6.96401e+00 
1.11699e+04 7.00790e+00 7.00790e+00 
1.11780e+04 8.64857e+00 8.64857e+00 
1.11861e+04 1.20202e+01 1.20202e+01 
1.11942e+04 8.34445e+00 8.34445e+00 
1.12023e+04 7.56003e+00 7.56003e+00 
1.12104e+04 7.57904e+00 7.57904e+00 
1.12185e+04 4.10666e+00 4.10666e+00 
1.12266e+04 1.00710e+01 1.00710e+01 
1.12347e+04 1.10034e+01 1.10034e+01 
1.12428e+04 7.55293e+00 7.55293e+00 
1.12509e+04 8.79361e+00 8.79361e+00 
1.12590e+04 7.54810e+00 7.54810e+00 
1.12671e+04 7.78264e+00 7.78264e+00 
1.12752e+04 2.93743e+00 2.93743e+00 
1.12833e+04 7.40956e+00 7.40956e+00 
1.12914e+04 7.55022e+00 7.55022e+00 
1.12995e+04 5.25787e+00 5.25787e+00 
1.13076e+04 3.60389e+00 3.60389e+00 
1.13157e+04 3.61186e+00 3.61186e+00 
1.13238e+04 4.61616e+00 4.61616e+00 
1.13319e+04 8.22993e+00 8.22993e+00 
1.13400e+04 7.65690e+00 7.65690e+00 
1.13481e+04 7.86035e+00 7.86035e+00 
1.13562e+04 1.04122e+01 1.04122e+01 
1.13643e+04 6.07342e+00 6.07342e+00 
1.13724e+04 3.11404e+00 3.11404e+00 
1.13805e+04 3.62243e+00 3.62243e+00 
1.13886e+04 5.77777e+00 5.77777e+00 
1.13967e+04 5.79380e+00 5.79380e+00 
1.14048e+04 3.92719e+00 3.92719e+00 
1.14129e+04 7.15753e+00 7.15753e+00 
1.14210e+04 5.70489e+00 5.70489e+00 
1.14291e+04 6.61888e+00 6.61888e+00 
1.14372e+04 6.47456e+00 6.47456e+00 
1.14453e+04 6.40582e+00 6.40582e+00 
1.14534e+04 1.05803e+01 1.05803e+01 
1.14615e+04 8.09286e+00 8.09286e+00 
1.14696e+04 8.51342e+00 8.51342e+00 
1.14777e+04 1.20804e+01 1.20804e+01 
1.14858e+04 1.41959e+01 1.41959e+01 
1.14939e+04 1.23003e+01 1.23003e+01 
1.15020e+04 1.04228e+01 1.04228e+01 
1.15101e+04 9.13576e+00 9.13576e+00 
1.15182e+04 1.07391e+01 1.07391e+01 
1.15263e+04 8.42639e+00 8.42639e+00 
1.15344e+04 9.78618e+00 9.78618e+00 
1.15425e+04 1.14848e+01 1.14848e+01 
1.15506e+04 1.03077e+01 1.03077e+01 
1.15587e+04 8.23161e+00 8.23161e+00 
1.15668e+04 1.06195e+01 1.06195e+01 
1.15749e+04 1.05696e+01 1.05696e+01 
1.15830e+04 8.87973e+00 8.87973e+00 
1.15911e+04 6.58142e+00 6.58142e+00 
1.15992e+04 8.24591e+00 8.24591e+00 
1.16073e+04 9.14635e+00 9.14635e+00 
1.16154e+04 1.22863e+01 1.22863e+01 
1.16235e+04 1.20141e+01 1.20141e+01 
1.16316e+04 1.08257e+01 1.08257e+01 
1.16397e+04 1.07526e+01 1.07526e+01 
1.16478e+04 1.09881e+01 1.09881e+01 
1.16559e+04 9.71719e+00 9.71719e+00 
1.16640e+04 7.11537e+00 7.11537e+00 
1.16721e+04 8.38413e+00 8.38413e+00 
1.16802e+04 8.52385e+00 8.52385e+00 
1.16883e+04 7.74223e+00 7.74223e+00 
1.16964e+04 1.14900e+01 1.14900e+01 
1.17045e+04 1.10322e+01 1.10322e+01 
1.17126e+04 8.27142e+00 8.27142e+00 
1.17207e+04 8.12034e+00 8.12034e+00 
1.17288e+04 7.73896e+00 7.73896e+00 
1.17369e+04 8.18878e+00 8.18878e+00 
1.17450e+04 8.49520e+00 8.49520e+00 
1.17531e+04 5.17704e+00 5.17704e+00 
1.17612e+04 5.52113e+00 5.52113e+00 
1.17693e+04 2.94667e+00 2.94667e+00 
1.17774e+04 5.47803e+00 5.47803e+00 
1.17855e+04 6.20463e+00 6.20463e+00 
1.17936e+04 4.66250e+00 4.66250e+00 
1.18017e+04 4.12961e+00 4.12961e+00 
1.18098e+04 5.20350e+00 5.20350e+00 
1.18179e+04 5.70266e+00 5.70266e+00 
1.18260e+04 3.08302e+00 3.08302e+00 
1.18341e+04 7.54423e+00 7.54423e+00 
1.18422e+04 7.62085e+00 7.62085e+00 
1.18503e+04 7.06457e+00 7.06457e+00 
1.18584e+04 7.02022e+00 7.02022e+00 
1.18665e+04 7.40526e+00 7.40526e+00 
1.18746e+04 7.17024e+00 7.17024e+00 
1.18827e+04 6.35512e+00 6.35512e+00 
1.18908e+04 7.40932e+00 7.40932e+00 
1.18989e+04 8.66175e+00 8.66175e+00 
1.19070e+04 5.93535e+00 5.93535e+00 
1.19151e+04 7.01457e+00 7.01457e+00 
1.19232e+04 6.06721e+00 6.06721e+00 
1.19313e+04 6.42533e+00 6.42533e+00 
1.19394e+04 6.92048e+00 6.92048e+00 
1.19475e+04 5.56680e+00 5.56680e+00 
1.19556e+04 1.06762e+01 1.06762e+01 
1.19637e+04 1.03614e+01 1.03614e+01 
1.19718e+04 1.07766e+01 1.07766e+01 
1.19799e+04 1.24831e+01 1.24831e+01 
1.19880e+04 9.47244e+00 9.47244e+00 
1.19961e+04 1.12547e+01 1.12547e+01 
1.20042e+04 1.20437e+01 1.20437e+01 
1.20123e+04 9.87208e+00 9.87208e+00 
1.20204e+04 9.04959e+00 9.04959e+00 
1.20285e+04 7.21000e+00 7.21000e+00 
1.20366e+04 8.43474e+00 8.43474e+00 
1.20447e+04 5.26004e+00 5.26004e+00 
1.20528e+04 2.98079e+00 2.98079e+00 
1.20609e+04 5.86124e+00 5.86124e+00 
1.20690e+04 6.54466e+00 6.54466e+00 
1.20771e+04 3.61608e+00 3.61608e+00 
1.20852e+04 5.05951e+00 5.05951e+00 
1.20933e+04 6.08914e+00 6.08914e+00 
1.21014e+04 5.86941e+00 5.86941e+00 
1.21095e+04 7.04922e+00 7.04922e+00 
1.21176e+04 7.07107e+00 7.07107e+00 
1.21257e+04 7.70281e+00 7.70281e+00 
1.21338e+04 1.21425e+01 1.21425e+01 
1.21419e+04 1.12547e+01 1.12547e+01 
1.21500e+04 1.34251e+01 1.34251e+01 
1.21581e+04 1.08355e+01 1.08355e+01 
1.21662e+04 9.37782e+00 9.37782e+00 
1.21743e+04 9.92416e+00 9.92416e+00 
1.21824e+04 1.04968e+01 1.04968e+01 
1.21905e+04 1.20245e+01 1.20245e+01 
1.21986e+04 7.92052e+00 7.92052e+00 
1.22067e+04 8.99452e+00 8.99452e+00 
1.22148e+04 1.13089e+01 1.13089e+01 
1.22229e+04 9.71366e+00 9.71366e+00 
1.22310e+04 8.35468e+00 8.35468e+00 
1.22391e+04 7.28620e+00 7.28620e+00 
1.22472e+04 6.51399e+00 6.51399e+00 
1.22553e+04 4.94966e+00 4.94966e+00 
1.22634e+04 7.90566e+00 7.90566e+00 
1.22715e+04 8.11491e+00 8.11491e+00 
1.22796e+04 8.52329e+00 8.52329e+00 
1.22877e+04 8.79140e+00 8.79140e+00 
1.22958e+04 8.14184e+00 8.14184e+00 
1.23039e+04 3.99436e+00 3.99436e+00 
1.23120e+04 5.57406e+00 5.57406e+00 
1.23201e+04 3.26456e+00 3.26456e+00 
1.23282e+04 6.09598e+00 6.09598e+00 
1.23363e+04 9.06155e+00 9.06155e+00 
1.23444e+04 1.13697e+01 1.13697e+01 
1.23525e+04 6.61776e+00 6.61776e+00 
1.23606e+04 4.75248e+00 4.75248e+00 
1.23687e+04 6.45222e+00 6.45222e+00 
1.23768e+04 6.54160e+00 6.54160e+00 
1.23849e+04 4.62263e+00 4.62263e+00 
1.23930e+04 8.07774e+00 8.07774e+00 
1.24011e+04 7.75970e+00 7.75970e+00 
1.24092e+04 8.72964e+00 8.72964e+00 
1.24173e+04 6.49772e+00 6.49772e+00 
1.24254e+04 7.97065e+00 7.97065e+00 
1.24335e+04 9.40387e+00 9.40387e+00 
1.24416e+04 7.80220e+00 7.80220e+00 
1.24497e+04 4.45086e+00 4.45086e+00 
1.24578e+04 5.00518e+00 5.00518e+00 
1.24659e+04 2.15654e+00 2.15654e+00 
1.24740e+04 4.23635e+00 4.23635e+00 
1.24821e+04 8.45835e+00 8.45835e+00 
1.24902e+04 4.55903e+00 4.55903e+00 
1.24983e+04 3.89235e+00 3.89235e+00 
1.25064e+04 4.95008e+00 4.95008e+00 
1.25145e+04 7.20666e+00 7.20666e+00 
1.25226e+04 6.55707e+00 6.55707e+00 
1.25307e+04 6.44662e+00 6.44662e+00 
1.25388e+04 7.02031e+00 7.02031e+00 
1.25469e+04 5.69258e+00 5.69258e+00 
1.25550e+04 4.93685e+00 4.93685e+00 
1.25631e+04 7.73770e+00 7.73770e+00 
1.25712e+04 8.10950e+00 8.10950e+00 
1.25793e+04 7.11157e+00 7.11157e+00 
1.25874e+04 9.14585e+00 9.14585e+00 
1.25955e+04 8.16992e+00 8.16992e+00 
1.26036e+04 1.05513e+01 1.05513e+01 
1.26117e+04 8.68908e+00 8.68908e+00 
1.26198e+04 6.50207e+00 6.50207e+00 
1.26279e+04 5.70550e+00 5.70550e+00 
1.26360e+04 4.96118e+00 4.96118e+00 
1.26441e+04 4.87374e+00 4.87374e+00 
1.26522e+04 3.28719e+00 3.28719e+00 
1.26603e+04 3.60636e+00 3.60636e+00 
1.26684e+04 3.27953e+00 3.27953e+00 
1.26765e+04 6.47091e+00 6.47091e+00 
1.26846e+04 3.38961e+00 3.38961e+00 
1.26927e+04 7.58839e+00 7.58839e+00 
1.27008e+04 6.50761e+00 6.50761e+00 
1.27089e+04 2.84955e+00 2.84955e+00 
1.27170e+04 7.66234e-01 7.66234e-01 
1.27251e+04 1.57350e+00 1.57350e+00 
1.27332e+04 6.99199e+00 6.99199e+00 
1.27413e+04 6.90431e+00 6.90431e+00 
1.27494e+04 6.46860e+00 6.46860e+00 
1.27575e+04 6.70118e+00 6.70118e+00 
1.27656e+04 3.83754e+00 3.83754e+00 
1.27737e+04 4.01792e+00 4.01792e+00 
1.27818e+04 3.28874e+00 3.28874e+00 
1.27899e+04 2.41845e+00 2.41845e+00 
1.27980e+04 2.37377e+00 2.37377e+00 
1.28061e+04 2.96037e+00 2.96037e+00 
1.28142e+04 1.27382e+00 1.27382e+00 
1.28223e+04 3.39537e+00 3.39537e+00 
1.28304e+04 5.97537e+00 5.97537e+00 
1.28385e+04 5.20620e+00 5.20620e+00 
1.28466e+04 3.23806e+00 3.23806e+00 
1.28547e+04 2.45683e+00 2.45683e+00 
1.28628e+04 2.58292e+00 2.58292e+00 
1.28709e+04 4.19035e+00 4.19035e+00 
1.28790e+04 6.89070e+00 6.89070e+00 
1.28871e+04 7.49257e+00 7.49257e+00 
1.28952e+04 7.62817e+00 7.62817e+00 
1.29033e+04 4.46184e+00 4.46184e+00 
1.29114e+04 3.47733e+00 3.47733e+00 
1.29195e+04 5.79686e+00 5.79686e+00 
1.29276e+04 5.64432e+00 5.64432e+00 
1.29357e+04 4.10880e+00 4.10880e+00 
1.29438e+04 7.10317e+00 7.10317e+00 
1.29519e+04 6.02981e+00 6.02981e+00 
1.29600e+04 2.86247e+00 2.86247e+00 
1.29681e+04 3.22806e+00 3.22806e+00 
1.29762e+04 1.73214e+00 1.73214e+00 
1.29843e+04 3.82433e+00 3.82433e+00 
1.29924e+04 3.54120e+00 3.54120e+00 
1.30005e+04 2.35487e+00 2.35487e+00 
1.30086e+04 2.77744e+00 2.77744e+00 
1.30167e+04 1.59317e+00 1.59317e+00 
1.30248e+04 3.03456e+00 3.03456e+00 
1.30329e+04 5.24516e+00 5.24516e+00 
1.30410e+04 3.72589e+00 3.72589e+00 
1.30491e+04 7.73461e+00 7.73461e+00 
1.30572e+04 7.64427e+00 7.64427e+00 
1.30653e+04 1.11611e+01 1.11611e+01 
1.30734e+04 1.02797e+01 1.02797e+01 
1.30815e+04 7.98887e+00 7.98887e+00 
1.30896e+04 9.78950e+00 9.78950e+00 
1.30977e+04 1.01247e+01 1.01247e+01 
1.31058e+04 1.04230e+01 1.04230e+01 
1.31139e+04 1.01108e+01 1.01108e+01 
1.31220e+04 1.32717e+01 1.32717e+01 
1.31301e+04 1.17302e+01 1.17302e+01 
1.31382e+04 1.05937e+01 1.05937e+01 
1.31463e+04 1.30878e+01 1.30878e+01 
1.31544e+04 1.26462e+01 1.26462e+01 
1.31625e+04 1.12979e+01 1.12979e+01 
1.31706e+04 7.57855e+00 7.57855e+00 
1.31787e+04 9.60476e+00 9.60476e+00 
1.31868e+04 1.04505e+01 1.04505e+01 
1.31949e+04 9.70150e+00 9.70150e+00 
1.32030e+04 1.04386e+01 1.04386e+01 
1.32111e+04 7.61036e+00 7.61036e+00 
1.32192e+04 8.28853e+00 8.28853e+00 
1.32273e+04 9.83415e+00 9.83415e+00 
1.32354e+04 9.37537e+00 9.37537e+00 
1.32435e+04 7.44487e+00 7.44487e+00 
1.32516e+04 9.25979e+00 9.25979e+00 
1.32597e+04 7.33110e+00 7.33110e+00 
1.32678e+04 7.23383e+00 7.23383e+00 
1.32759e+04 6.28678e+00 6.28678e+00 
1.32840e+04 8.26758e+00 8.26758e+00 
1.32921e+04 1.01895e+01 1.01895e+01 
1.33002e+04 1.14255e+01 1.14255e+01 
1.33083e+04 9.23257e+00 9.23257e+00 
1.33164e+04 7.78722e+00 7.78722e+00 
1.33245e+04 7.95624e+00 7.95624e+00 
1.33326e+04 8.83938e+00 8.83938e+00 
1.33407e+04 5.93278e+00 5.93278e+00 
1.33488e+04 5.50058e+00 5.50058e+00 
1.33569e+04 5.21558e+00 5.21558e+00 
1.33650e+04 6.06917e+00 6.06917e+00 
1.33731e+04 8.11329e+00 8.11329e+00 
1.33812e+04 4.25397e+00 4.25397e+00 
1.33893e+04 1.62194e+00 1.62194e+00 
1.33974e+04 3.69585e+00 3.69585e+00 
1.34055e+04 3.66840e+00 3.66840e+00 
1.34136e+04 3.93659e+00 3.93659e+00 
1.34217e+04 7.17410e+00 7.17410e+00 
1.34298e+04 7.61284e+00 7.61284e+00 
1.34379e+04 7.63169e+00 7.63169e+00 
1.34460e+04 1.04334e+01 1.04334e+01 
1.34541e+04 4.74199e+00 4.74199e+00 
1.34622e+04 4.36577e+00 4.36577e+00 
1.34703e+04 4.39778e+00 4.39778e+00 
1.34784e+04 6.90688e+00 6.90688e+00 
1.34865e+04 8.93528e+00 8.93528e+00 
1.34946e+04 7.68535e+00 7.68535e+00 
1.35027e+04 5.65807e+00 5.65807e+00 
1.35108e+04 6.91720e+00 6.91720e+00 
1.35189e+04 4.99132e+00 4.99132e+00 
1.35270e+04 4.79821e+00 4.79821e+00 
1.35351e+04 5.37463e+00 5.37463e+00 
1.35432e+04 6.62047e+00 6.62047e+00 
1.35513e+04 7.12786e+00 7.12786e+00 
1.35594e+04 5.15169e+00 5.15169e+00 
1.35675e+04 7.19546e+00 7.19546e+00 
1.35756e+04 7.17573e+00 7.17573e+00 
1.35837e+04 6.31447e+00 6.31447e+00 
1.35918e+04 5.82304e+00 5.82304e+00 
1.35999e+04 6.50593e+00 6.50593e+00 
1.36080e+04 6.91910e+00 6.91910e+00 
1.36161e+04 7.97072e+00 7.97072e+00 
1.36242e+04 6.48764e+00 6.48764e+00 
1.36323e+04 3.39647e+00 3.39647e+00 
1.36404e+04 2.31957e+00 2.31957e+00 
1.36485e+04 2.32785e+00 2.32785e+00 
1.36566e+04 3.56714e+00 3.56714e+00 
1.36647e+04 2.61796e+00 2.61796e+00 
1.36728e+04 7.54153e+00 7.54153e+00 
1.36809e+04 7.75859e+00 7.75859e+00 
1.36890e+04 7.29085e+00 7.29085e+00 
1.36971e+04 7.99667e+00 7.99667e+00 
1.37052e+04 8.41618e+00 8.41618e+00 
1.37133e+04 9.17710e+00 9.17710e+00 
1.37214e+04 8.68034e+00 8.68034e+00 
1.37295e+04 8.95172e+00 8.95172e+00 
1.37376e+04 9.01597e+00 9.01597e+00 
1.37457e+04 7.24043e+00 7.24043e+00 
1.37538e+04 8.62402e+00 8.62402e+00 
1.37619e+04 1.10588e+01 1.10588e+01 
1.37700e+04 1.16191e+01 1.16191e+01 
1.37781e+04 6.39807e+00 6.39807e+00 
1.37862e+04 1.04012e+01 1.04012e+01 
1.37943e+04 1.02839e+01 1.02839e+01 
1.38024e+04 1.04231e+01 1.04231e+01 
1.38105e+04 9.61741e+00 9.61741e+00 
1.38186e+04 9.43297e+00 9.43297e+00 
1.38267e+04 9.83827e+00 9.83827e+00 
1.38348e+04 8.84168e+00 8.84168e+00 
1.38429e+04 7.63461e+00 7.63461e+00 
1.38510e+04 1.02819e+01 1.02819e+01 
1.38591e+04 1.01337e+01 1.01337e+01 
1.38672e+04 8.59565e+00 8.59565e+00 
1.38753e+04 1.01081e+01 1.01081e+01 
1.38834e+04 9.59079e+00 9.59079e+00 
1.38915e+04 8.69340e+00 8.69340e+00 
1.38996e+04 1.31424e+01 1.31424e+01 
1.39077e+04 1.14245e+01 1.14245e+01 
1.39158e+04 1.25624e+01 1.25624e+01 
1.39239e+04 1.44805e+01 1.44805e+01 
1.39320e+04 1.28685e+01 1.28685e+01 
1.39401e+04 9.39699e+00 9.39699e+00 
1.39482e+04 1.00287e+01 1.00287e+01 
1.39563e+04 1.18087e+01 1.18087e+01 
1.39644e+04 1.16989e+01 1.16989e+01 
1.39725e+04 5.36975e+00 5.36975e+00 
1.39806e+04 5.43415e+00 5.43415e+00 
1.39887e+04 8.58689e+00 8.58689e+00 
1.39968e+04 6.66826e+00 6.66826e+00 
1.40049e+04 7.63735e+00 7.63735e+00 
1.40130e+04 4.36145e+00 4.36145e+00 
1.40211e+04 3.15349e+00 3.15349e+00 
1.40292e+04 4.80219e+00 4.80219e+00 
1.40373e+04 4.19729e+00 4.19729e+00 
1.40454e+04 1.47864e+00 1.47864e+00 
1.40535e+04 2.16783e+00 2.16783e+00 
1.40616e+04 7.26307e+00 7.26307e+00 
1.40697e+04 6.17410e+00 6.17410e+00 
1.40778e+04 3.92360e+00 3.92360e+00 
1.40859e+04 6.25315e+00 6.25315e+00 
1.40940e+04 5.76159e+00 5.76159e+00 
1.41021e+04 6.86037e+00 6.86037e+00 
1.41102e+04 8.30824e+00 8.30824e+00 
1.41183e+04 8.76941e+00 8.76941e+00 
1.41264e+04 6.44274e+00 6.44274e+00 
1.41345e+04 6.00407e+00 6.00407e+00 
1.41426e+04 4.94501e+00 4.94501e+00 
1.41507e+04 2.64367e+00 2.64367e+00 
1.41588e+04 4.28860e+00 4.28860e+00 
1.41669e+04 4.26268e+00 4.26268e+00 
1.41750e+04 5.10918e+00 5.10918e+00 
1.41831e+04 7.16007e+00 7.16007e+00 
1.41912e+04 6.76835e+00 6.76835e+00 
1.41993e+04 7.51839e+00 7.51839e+00 
1.42074e+04 1.15539e+01 1.15539e+01 
1.42155e+04 7.25399e+00 7.25399e+00 
1.42236e+04 8.31871e+00 8.31871e+00 
1.42317e+04 9.05954e+00 9.05954e+00 
1.42398e+04 7.07715e+00 7.07715e+00 
1.42479e+04 6.79597e+00 6.79597e+00 
1.42560e+04 7.43257e+00 7.43257e+00 
1.42641e+04 7.54017e+00 7.54017e+00 
1.42722e+04 9.95549e+00 9.95549e+00 
1.42803e+04 6.02514e+00 6.02514e+00 
1.42884e+04 7.02704e+00 7.02704e+00 
1.42965e+04 4.95525e+00 4.95525e+00 
1.43046e+04 4.53862e+00 4.53862e+00 
1.43127e+04 3.69750e+00 3.69750e+00 
1.43208e+04 3.29648e-01 3.29648e-01 
1.43289e+04 4.36331e+00 4.36331e+00 
1.43370e+04 2.77258e+00 2.77258e+00 
1.43451e+04 5.57885e+00 5.57885e+00 
1.43532e+04 3.64962e+00 3.64962e+00 
1.43613e+04 4.24980e+00 4.24980e+00 
1.43694e+04 3.26180e+00 3.26180e+00 
1.43775e+04 4.52840e+00 4.52840e+00 
1.43856e+04 6.28927e+00 6.28927e+00 
1.43937e+04 7.57668e+00 7.57668e+00 
1.44018e+04 6.33108e+00 6.33108e+00 
1.44099e+04 5.38921e+00 5.38921e+00 
1.44180e+04 7.81780e+00 7.81780e+00 
1.44261e+04 7.23683e+00 7.23683e+00 
1.44342e+04 6.85460e+00 6.85460e+00 
1.44423e+04 3.64016e+00 3.64016e+00 
1.44504e+04 6.43858e+00 6.43858e+00 
1.44585e+04 5.10112e+00 5.10112e+00 
1.44666e+04 1.47966e+00 1.47966e+00 
1.44747e+04 4.54878e+00 4.54878e+00 
1.44828e+04 4.53564e+00 4.53564e+00 
1.44909e+04 2.96145e+00 2.96145e+00 
1.44990e+04 4.87122e-01 4.87122e-01 
1.45071e+04 4.79436e+00 4.79436e+00 
1.45152e+04 5.72335e+00 5.72335e+00 
1.45233e+04 5.01562e+00 5.01562e+00 
1.45314e+04 6.34113e+00 6.34113e+00 
1.45395e+04 4.45582e+00 4.45582e+00 
1.45476e+04 7.70071e+00 7.70071e+00 
1.45557e+04 4.02236e+00 4.02236e+00 
1.45638e+04 7.85128e+00 7.85128e+00 
1.45719e+04 1.04358e+01 1.04358e+01 
1.45800e+04 1.06796e+01 1.06796e+01 
1.45881e+04 7.72877e+00 7.72877e+00 
1.45962e+04 5.83168e+00 5.83168e+00 
1.46043e+04 5.35522e+00 5.35522e+00 
1.46124e+04 7.67418e+00 7.67418e+00 
1.46205e+04 5.78082e+00 5.78082e+00 
1.46286e+04 6.95402e+00 6.95402e+00 
1.46367e+04 3.59138e+00 3.59138e+00 
1.46448e+04 2.50668e+00 2.50668e+00 
1.46529e+04 6.64841e+00 6.64841e+00 
1.46610e+04 5.13465e+00 5.13465e+00 
1.46691e+04 5.32488e+00 5.32488e+00 
1.46772e+04 6.77831e+00 6.77831e+00 
1.46853e+04 6.78342e+00 6.78342e+00 
1.46934e+04 2.80548e+00 2.80548e+00 
1.47015e+04 5.30436e+00 5.30436e+00 
1.47096e+04 6.67127e+00 6.67127e+00 
1.47177e+04 5.95906e+00 5.95906e+00 
1.47258e+04 8.63841e+00 8.63841e+00 
1.47339e+04 7.45387e+00 7.45387e+00 
1.47420e+04 5.13065e+00 5.13065e+00 
1.47501e+04 7.72621e+00 7.72621e+00 
1.47582e+04 6.42317e+00 6.42317e+00 
1.47663e+04 5.65312e+00 5.65312e+00 
1.47744e+04 1.00837e+01 1.00837e+01 
1.47825e+04 7.29474e+00 7.29474e+00 
1.47906e+04 6.47327e+00 6.47327e+00 
1.47987e+04 6.73544e+00 6.73544e+00 
1.48068e+04 5.63785e+00 5.63785e+00 
1.48149e+04 7.62703e+00 7.62703e+00 
1.48230e+04 6.69196e+00 6.69196e+00 
1.48311e+04 6.45625e+00 6.45625e+00 
1.48392e+04 6.59379e+00 6.59379e+00 
1.48473e+04 8.85409e+00 8.85409e+00 
1.48554e+04 3.98935e+00 3.98935e+00 
1.48635e+04 3.20226e+00 3.20226e+00 
1.48716e+04 3.66703e+00 3.66703e+00 
1.48797e+04 3.83051e+00 3.83051e+00 
1.48878e+04 4.60809e+00 4.60809e+00 
1.48959e+04 4.95349e+00 4.95349e+00 
1.49040e+04 7.71576e+00 7.71576e+00 
1.49121e+04 8.90742e+00 8.90742e+00 
1.49202e+04 5.96989e+00 5.96989e+00 
1.49283e+04 1.11134e+01 1.11134e+01 
1.49364e+04 8.19353e+00 8.19353e+00 
1.49445e+04 7.49401e+00 7.49401e+00 
1.49526e+04 1.34578e+01 1.34578e+01 
1.49607e+04 1.31136e+01 1.31136e+01 
1.49688e+04 1.15092e+01 1.15092e+01 
1.49769e+04 1.43964e+01 1.43964e+01 
1.49850e+04 1.30815e+01 1.30815e+01 
1.49931e+04 1.58252e+01 1.58252e+01 
1.50012e+04 1.29456e+01 1.29456e+01 
1.50093e+04 1.29413e+01 1.29413e+01 
1.50174e+04 1.18476e+01 1.18476e+01 
1.50255e+04 1.08413e+01 1.08413e+01 
1.50336e+04 9.11419e+00 9.11419e+00 
1.50417e+04 7.95581e+00 7.95581e+00 
1.50498e+04 1.16690e+01 1.16690e+01 
1.50579e+04 1.26033e+01 1.26033e+01 
1.50660e+04 1.19769e+01 1.19769e+01 
1.50741e+04 1.19962e+01 1.19962e+01 
1.50822e+04 1.10252e+01 1.10252e+01 
1.50903e+04 9.29094e+00 9.29094e+00 
1.50984e+04 9.18527e+00 9.18527e+00 
1.51065e+04 8.00444e+00 8.00444e+00 
1.51146e+04 6.90707e+00 6.90707e+00 
1.51227e+04 6.05430e+00 6.05430e+00 
1.51308e+04 4.03391e+00 4.03391e+00 
1.51389e+04 3.34532e+00 3.34532e+00 
1.51470e+04 2.59722e+00 2.59722e+00 
1.51551e+04 5.91164e+00 5.91164e+00 
1.51632e+04 4.61944e+00 4.61944e+00 
1.51713e+04 6.31018e+00 6.31018e+00 
1.51794e+04 5.36182e+00 5.36182e+00 
1.51875e+04 5.97510e+00 5.97510e+00 
1.51956e+04 1.78088e+00 1.78088e+00 
1.52037e+04 4.95889e+00 4.95889e+00 
1.52118e+04 4.93273e+00 4.93273e+00 
1.52199e+04 9.15364e+00 9.15364e+00 
1.52280e+04 5.99157e+00 5.99157e+00 
1.52361e+04 3.01586e+00 3.01586e+00 
1.52442e+04 4.80976e+00 4.80976e+00 
1.52523e+04 5.07611e+00 5.07611e+00 
1.52604e+04 3.82256e+00 3.82256e+00 
1.52685e+04 6.34007e+00 6.34007e+00 
1.52766e+04 6.67254e+00 6.67254e+00 
1.52847e+04 5.66649e+00 5.66649e+00 
1.52928e+04 5.52841e+00 5.52841e+00 
1.53009e+04 6.90922e+00 6.90922e+00 
1.53090e+04 1.68072e+00 1.68072e+00 
1.53171e+04 1.15975e+00 1.15975e+00 
1.53252e+04 6.82792e-01 6.82792e-01 
1.53333e+04 2.69725e+00 2.69725e+00 
1.53414e+04 3.29761e+00 3.29761e+00 
1.53495e+04 2.26265e+00 2.26265e+00 
1.53576e+04 1.22080e+00 1.22080e+00 
1.53657e+04 5.14702e+00 5.14702e+00 
1.53738e+04 1.26054e+00 1.26054e+00 
1.53819e+04 3.00286e+00 3.00286e+00 
1.53900e+04 2.29493e+00 2.29493e+00 
1.53981e+04 3.72517e+00 3.72517e+00 
1.54062e+04 5.95059e+00 5.95059e+00 
1.54143e+04 3.68410e+00 3.68410e+00 
1.54224e+04 3.17963e+00 3.17963e+00 
1.54305e+04 3.37052e+00 3.37052e+00 
1.54386e+04 2.55097e+00 2.55097e+00 
1.54467e+04 2.78336e+00 2.78336e+00 
1.54548e+04 6.00005e+00 6.00005e+00 
1.54629e+04 5.29866e+00 5.29866e+00 
1.54710e+04 3.76245e+00 3.76245e+00 
1.54791e+04 4.04738e+00 4.04738e+00 
1.54872e+04 5.41028e+00 5.41028e+00 
1.54953e+04 3.34603e+00 3.34603e+00 
1.55034e+04 5.10761e+00 5.10761e+00 
1.55115e+04 6.18416e+00 6.18416e+00 
1.55196e+04 3.99172e+00 3.99172e+00 
1.55277e+04 4.20457e+00 4.20457e+00 
1.55358e+04 1.14128e+00 1.14128e+00 
1.55439e+04 4.91440e+00 4.91440e+00 
1.55520e+04 6.25756e+00 6.25756e+00 
1.55601e+04 5.16908e+00 5.16908e+00 
1.55682e+04 4.23176e+00 4.23176e+00 
1.55763e+04 3.82231e+00 3.82231e+00 
1.55844e+04 6.34604e+00 6.34604e+00 
1.55925e+04 5.86652e+00 5.86652e+00 
1.56006e+04 5.65116e+00 5.65116e+00 
1.56087e+04 6.91036e+00 6.91036e+00 
1.56168e+04 5.28763e+00 5.28763e+00 
1.56249e+04 5.23092e+00 5.23092e+00 
1.56330e+04 7.57850e+00 7.57850e+00 
1.56411e+04 6.86272e+00 6.86272e+00 
1.56492e+04 4.92434e+00 4.92434e+00 
1.56573e+04 5.79515e+00 5.79515e+00 
1.56654e+04 5.82745e+00 5.82745e+00 
1.56735e+04 5.19915e+00 5.19915e+00 
1.56816e+04 7.16228e+00 7.16228e+00 
1.56897e+04 6.81331e+00 6.81331e+00 
1.56978e+04 5.59833e+00 5.59833e+00 
1.57059e+04 7.04140e+00 7.04140e+00 
1.57140e+04 5.90928e+00 5.90928e+00 
1.57221e+04 3.24094e+00 3.24094e+00 
1.57302e+04 2.13519e+00 2.13519e+00 
1.57383e+04 3.44574e+00 3.44574e+00 
1.57464e+04 2.46472e+00 2.46472e+00 
1.57545e+04 5.20899e+00 5.20899e+00 
1.57626e+04 4.92406e+00 4.92406e+00 
1.57707e+04 3.89589e+00 3.89589e+00 
1.57788e+04 7.08961e+00 7.08961e+00 
1.57869e+04 7.76558e+00 7.76558e+00 
1.57950e+04 7.39490e+00 7.39490e+00 
1.58031e+04 6.23123e+00 6.23123e+00 
1.58112e+04 8.74819e+00 8.74819e+00 
1.58193e+04 7.34976e+00 7.34976e+00 
1.58274e+04 8.88186e+00 8.88186e+00 
1.58355e+04 9.42416e+00 9.42416e+00 
1.58436e+04 5.90370e+00 5.90370e+00 
1.58517e+04 5.83536e+00 5.83536e+00 
1.58598e+04 1.05307e+01 1.05307e+01 
1.58679e+04 3.94280e+00 3.94280e+00 
1.58760e+04 5.67845e+00 5.67845e+00 
1.58841e+04 5.64454e+00 5.64454e+00 
1.58922e+04 5.90090e+00 5.90090e+00 
1.59003e+04 6.91523e+00 6.91523e+00 
1.59084e+04 7.53227e+00 7.53227e+00 
1.59165e+04 5.79157e+00 5.79157e+00 
1.59246e+04 7.62630e+00 7.62630e+00 
1.59327e+04 9.55692e+00 9.55692e+00 
1.59408e+04 6.49626e+00 6.49626e+00 
1.59489e+04 7.03996e+00 7.03996e+00 
1.59570e+04 9.73667e+00 9.73667e+00 
1.59651e+04 6.68432e+00 6.68432e+00 
1.59732e+04 5.00417e+00 5.00417e+00 
1.59813e+04 5.23032e+00 5.23032e+00 
1.59894e+04 4.84511e+00 4.84511e+00 
1.59975e+04 6.38676e+00 6.38676e+00 
1.60056e+04 5.64488e+00 5.64488e+00 
1.60137e+04 9.25354e+00 9.25354e+00 
1.60218e+04 7.32702e+00 7.32702e+00 
1.60299e+04 8.76853e+00 8.76853e+00 
1.60380e+04 1.13079e+01 1.13079e+01 
1.60461e+04 1.18968e+01 1.18968e+01 
1.60542e+04 1.10582e+01 1.10582e+01 
1.60623e+04 7.28808e+00 7.28808e+00 
1.60704e+04 7.96935e+00 7.96935e+00 
1.60785e+04 9.64908e+00 9.64908e+00 
1.60866e+04 1.00587e+01 1.00587e+01 
1.60947e+04 8.60165e+00 8.60165e+00 
1.61028e+04 1.34636e+01 1.34636e+01 
1.61109e+04 1.25304e+01 1.25304e+01 
1.61190e+04 9.93620e+00 9.93620e+00 
1.61271e+04 1.11738e+01 1.11738e+01 
1.61352e+04 1.09422e+01 1.09422e+01 
1.61433e+04 1.08196e+01 1.08196e+01 
1.61514e+04 1.28142e+01 1.28142e+01 
1.61595e+04 9.99084e+00 9.99084e+00 
1.61676e+04 8.50025e+00 8.50025e+00 
1.61757e+04 9.07969e+00 9.07969e+00 
1.61838e+04 1.19731e+01 1.19731e+01 
1.61919e+04 1.09850e+01 1.09850e+01 
1.62000e+04 1.22644e+01 1.22644e+01 
