#time ree(0) ree(1)
0.00000e+00 7.55105e+00 7.55105e+00 
8.10000e+00 8.15731e+00 8.15731e+00 
1.62000e+01 6.82920e+00 6.82920e+00 
2.43000e+01 1.03284e+01 1.03284e+01 
3.24000e+01 1.16500e+01 1.16500e+01 
4.05000e+01 1.01076e+01 1.01076e+01 
4.86000e+01 1.01137e+01 1.01137e+01 
5.67000e+01 1.09205e+01 1.09205e+01 
6.48000e+01 1.14454e+01 1.14454e+01 
7.29000e+01 7.93618e+00 7.93618e+00 
8.10000e+01 6.95228e+00 6.95228e+00 
8.91000e+01 5.44181e+00 5.44181e+00 
9.72000e+01 6.27786e+00 6.27786e+00 
1.05300e+02 6.60905e+00 6.60905e+00 
1.13400e+02 6.24635e+00 6.24635e+00 
1.21500e+02 8.06044e+00 8.06044e+00 
1.29600e+02 5.31281e+00 5.31281e+00 
1.37700e+02 4.97556e+00 4.97556e+00 
1.45800e+02 5.63331e+00 5.63331e+00 
1.53900e+02 7.81698e+00 7.81698e+00 
1.62000e+02 9.60255e+00 9.60255e+00 
1.70100e+02 8.27058e+00 8.27058e+00 
1.78200e+02 8.72572e+00 8.72572e+00 
1.86300e+02 8.37804e+00 8.37804e+00 
1.94400e+02 7.78038e+00 7.78038e+00 
2.02500e+02 6.79857e+00 6.79857e+00 
2.10600e+02 4.66323e+00 4.66323e+00 
2.18700e+02 2.61207e+00 2.61207e+00 
2.26800e+02 3.64101e+00 3.64101e+00 
2.34900e+02 1.87520e+00 1.87520e+00 
2.43000e+02 6.62639e+00 6.62639e+00 
2.51100e+02 4.12394e+00 4.12394e+00 
2.59200e+02 4.31892e+00 4.31892e+00 
2.67300e+02 6.51137e+00 6.51137e+00 
2.75400e+02 3.58507e+00 3.58507e+00 
2.83500e+02 2.96390e+00 2.96390e+00 
2.91600e+02 7.08526e+00 7.08526e+00 
2.99700e+02 6.03580e+00 6.03580e+00 
3.07800e+02 5.55958e+00 5.55958e+00 
3.15900e+02 5.01422e+00 5.01422e+00 
3.24000e+02 4.81700e+00 4.81700e+00 
3.32100e+02 8.30693e+00 8.30693e+00 
3.40200e+02 6.10507e+00 6.10507e+00 
3.48300e+02 4.57891e+00 4.57891e+00 
3.56400e+02 7.04819e+00 7.04819e+00 
3.64500e+02 8.25855e+00 8.25855e+00 
3.72600e+02 6.41205e+00 6.41205e+00 
3.80700e+02 7.67063e+00 7.67063e+00 
3.88800e+02 5.46141e+00 5.46141e+00 
3.96900e+02 9.13342e+00 9.13342e+00 
4.05000e+02 7.21298e+00 7.21298e+00 
4.13100e+02 7.82274e+00 7.82274e+00 
4.21200e+02 7.10934e+00 7.10934e+00 
4.29300e+02 4.72385e+00 4.72385e+00 
4.37400e+02 4.79403e+00 4.79403e+00 
4.45500e+02 4.99345e+00 4.99345e+00 
4.53600e+02 8.43643e+00 8.43643e+00 
4.61700e+02 6.26569e+00 6.26569e+00 
4.69800e+02 6.37084e+00 6.37084e+00 
4.77900e+02 3.35834e+00 3.35834e+00 
4.86000e+02 2.48250e+00 2.48250e+00 
4.94100e+02 3.94470e+00 3.94470e+00 
5.02200e+02 3.64634e+00 3.64634e+00 
5.10300e+02 3.63500e+00 3.63500e+00 
5.18400e+02 3.76636e+00 3.76636e+00 
5.26500e+02 2.72017e+00 2.72017e+00 
5.34600e+02 6.88983e+00 6.88983e+00 
5.42700e+02 9.21043e+00 9.21043e+00 
5.50800e+02 6.46113e+00 6.46113e+00 
5.58900e+02 8.98900e+00 8.98900e+00 
5.67000e+02 7.42470e+00 7.42470e+00 
5.75100e+02 7.97968e+00 7.97968e+00 
5.83200e+02 9.71733e+00 9.71733e+00 
5.91300e+02 6.78572e+00 6.78572e+00 
5.99400e+02 8.20098e+00 8.20098e+00 
6.07500e+02 9.88132e+00 9.88132e+00 
6.15600e+02 7.61647e+00 7.61647e+00 
6.23700e+02 7.80773e+00 7.80773e+00 
6.31800e+02 6.48499e+00 6.48499e+00 
6.39900e+02 4.32457e+00 4.32457e+00 
6.48000e+02 9.46622e+00 9.46622e+00 
6.56100e+02 6.86362e+00 6.86362e+00 
6.64200e+02 9.67245e+00 9.67245e+00 
6.72300e+02 7.54286e+00 7.54286e+00 
6.80400e+02 7.65485e+00 7.65485e+00 
6.88500e+02 7.37541e+00 7.37541e+00 
6.96600e+02 5.77162e+00 5.77162e+00 
7.04700e+02 6.92608e+00 6.92608e+00 
7.12800e+02 8.19098e+00 8.19098e+00 
7.20900e+02 8.01652e+00 8.01652e+00 
7.29000e+02 5.19273e+00 5.19273e+00 
7.37100e+02 8.34904e+00 8.34904e+00 
7.45200e+02 8.22095e+00 8.22095e+00 
7.53300e+02 5.76582e+00 5.76582e+00 
7.61400e+02 6.65974e+00 6.65974e+00 
7.69500e+02 6.48214e+00 6.48214e+00 
7.77600e+02 6.92829e+00 6.92829e+00 
7.85700e+02 5.53993e+00 5.53993e+00 
7.93800e+02 4.77999e+00 4.77999e+00 
8.01900e+02 4.39791e+00 4.39791e+00 
8.10000e+02 2.79658e+00 2.79658e+00 
8.18100e+02 3.57931e+00 3.57931e+00 
8.26200e+02 1.64531e+00 1.64531e+00 
8.34300e+02 2.13739e+00 2.13739e+00 
8.42400e+02 5.39343e+00 5.39343e+00 
8.50500e+02 6.62948e+00 6.62948e+00 
8.58600e+02 3.62043e+00 3.62043e+00 
8.66700e+02 3.88930e+00 3.88930e+00 
8.74800e+02 3.45668e+00 3.45668e+00 
8.82900e+02 3.23652e+00 3.23652e+00 
8.91000e+02 3.30796e+00 3.30796e+00 
8.99100e+02 4.90525e+00 4.90525e+00 
9.07200e+02 5.82308e+00 5.82308e+00 
9.15300e+02 7.32116e+00 7.32116e+00 
9.23400e+02 7.03671e+00 7.03671e+00 
9.31500e+02 9.08223e+00 9.08223e+00 
9.39600e+02 1.13311e+01 1.13311e+01 
9.47700e+02 1.01148e+01 1.01148e+01 
9.55800e+02 1.14266e+01 1.14266e+01 
9.63900e+02 9.58378e+00 9.58378e+00 
9.72000e+02 6.35194e+00 6.35194e+00 
9.80100e+02 7.61568e+00 7.61568e+00 
9.88200e+02 6.61615e+00 6.61615e+00 
9.96300e+02 8.93999e+00 8.93999e+00 
1.00440e+03 7.17971e+00 7.17971e+00 
1.01250e+03 9.74114e+00 9.74114e+00 
1.02060e+03 7.54858e+00 7.54858e+00 
1.02870e+03 1.00756e+01 1.00756e+01 
1.03680e+03 9.19663e+00 9.19663e+00 
1.04490e+03 6.52004e+00 6.52004e+00 
1.05300e+03 1.10795e+01 1.10795e+01 
1.06110e+03 8.49771e+00 8.49771e+00 
1.06920e+03 9.41316e+00 9.41316e+00 
1.07730e+03 9.29467e+00 9.29467e+00 
1.08540e+03 7.29214e+00 7.29214e+00 
1.09350e+03 5.65133e+00 5.65133e+00 
1.10160e+03 4.39778e+00 4.39778e+00 
1.10970e+03 5.92890e+00 5.92890e+00 
1.11780e+03 5.35880e+00 5.35880e+00 
1.12590e+03 8.46144e+00 8.46144e+00 
1.13400e+03 4.77494e+00 4.77494e+00 
1.14210e+03 4.21274e+00 4.21274e+00 
1.15020e+03 6.53042e+00 6.53042e+00 
1.15830e+03 7.65084e+00 7.65084e+00 
1.16640e+03 5.05734e+00 5.05734e+00 
1.17450e+03 6.34195e+00 6.34195e+00 
1.18260e+03 7.23215e+00 7.23215e+00 
1.19070e+03 4.97827e+00 4.97827e+00 
1.19880e+03 5.14732e+00 5.14732e+00 
1.20690e+03 5.99089e+00 5.99089e+00 
1.21500e+03 6.05989e+00 6.05989e+00 
1.22310e+03 2.97222e+00 2.97222e+00 
1.23120e+03 3.70384e+00 3.70384e+00 
1.23930e+03 5.32048e+00 5.32048e+00 
1.24740e+03 6.33725e+00 6.33725e+00 
1.25550e+03 6.01300e+00 6.01300e+00 
1.26360e+03 6.03581e+00 6.03581e+00 
1.27170e+03 3.91700e+00 3.91700e+00 
1.27980e+03 7.37278e+00 7.37278e+00 
1.28790e+03 3.02923e+00 3.02923e+00 
1.29600e+03 6.97432e+00 6.97432e+00 
1.30410e+03 6.42842e+00 6.42842e+00 
1.31220e+03 8.09122e+00 8.09122e+00 
1.32030e+03 1.08959e+01 1.08959e+01 
1.32840e+03 1.12483e+01 1.12483e+01 
1.33650e+03 8.14355e+00 8.14355e+00 
1.34460e+03 2.07355e+00 2.07355e+00 
1.35270e+03 6.28156e+00 6.28156e+00 
1.36080e+03 9.56817e+00 9.56817e+00 
1.36890e+03 8.97698e+00 8.97698e+00 
1.37700e+03 1.08874e+01 1.08874e+01 
1.38510e+03 8.71634e+00 8.71634e+00 
1.39320e+03 6.34291e+00 6.34291e+00 
1.40130e+03 7.40593e+00 7.40593e+00 
1.40940e+03 9.02648e+00 9.02648e+00 
1.41750e+03 6.74313e+00 6.74313e+00 
1.42560e+03 7.31272e+00 7.31272e+00 
1.43370e+03 6.66508e+00 6.66508e+00 
1.44180e+03 9.30065e+00 9.30065e+00 
1.44990e+03 9.76434e+00 9.76434e+00 
1.45800e+03 7.47587e+00 7.47587e+00 
1.46610e+03 7.39499e+00 7.39499e+00 
1.47420e+03 6.74104e+00 6.74104e+00 
1.48230e+03 6.03136e+00 6.03136e+00 
1.49040e+03 7.35302e+00 7.35302e+00 
1.49850e+03 7.58577e+00 7.58577e+00 
1.50660e+03 7.46149e+00 7.46149e+00 
1.51470e+03 7.18301e+00 7.18301e+00 
1.52280e+03 5.65168e+00 5.65168e+00 
1.53090e+03 6.38071e+00 6.38071e+00 
1.53900e+03 6.48380e+00 6.48380e+00 
1.54710e+03 4.98922e+00 4.98922e+00 
1.55520e+03 8.73955e+00 8.73955e+00 
1.56330e+03 6.57376e+00 6.57376e+00 
1.57140e+03 9.22401e+00 9.22401e+00 
1.57950e+03 5.13556e+00 5.13556e+00 
1.58760e+03 4.60287e+00 4.60287e+00 
1.59570e+03 5.41679e+00 5.41679e+00 
1.60380e+03 5.41484e+00 5.41484e+00 
1.61190e+03 4.11082e+00 4.11082e+00 
1.62000e+03 5.59490e+00 5.59490e+00 
1.62810e+03 3.73162e+00 3.73162e+00 
1.63620e+03 3.38419e+00 3.38419e+00 
1.64430e+03 4.76894e+00 4.76894e+00 
1.65240e+03 4.06828e+00 4.06828e+00 
1.66050e+03 2.02432e+00 2.02432e+00 
1.66860e+03 4.13597e+00 4.13597e+00 
1.67670e+03 2.80422e+00 2.80422e+00 
1.68480e+03 2.18003e+00 2.18003e+00 
1.69290e+03 5.36611e+00 5.36611e+00 
1.70100e+03 4.86212e+00 4.86212e+00 
1.70910e+03 3.71517e+00 3.71517e+00 
1.71720e+03 1.78722e+00 1.78722e+00 
1.72530e+03 5.46326e+00 5.46326e+00 
1.73340e+03 4.92193e+00 4.92193e+00 
1.74150e+03 8.43744e+00 8.43744e+00 
1.74960e+03 7.12755e+00 7.12755e+00 
1.75770e+03 7.93465e+00 7.93465e+00 
1.76580e+03 7.19995e+00 7.19995e+00 
1.77390e+03 6.59656e+00 6.59656e+00 
1.78200e+03 8.87385e+00 8.87385e+00 
1.79010e+03 1.02900e+01 1.02900e+01 
1.79820e+03 9.91678e+00 9.91678e+00 
1.80630e+03 9.93439e+00 9.93439e+00 
1.81440e+03 9.77940e+00 9.77940e+00 
1.82250e+03 9.49100e+00 9.49100e+00 
1.83060e+03 6.71941e+00 6.71941e+00 
1.83870e+03 8.22361e+00 8.22361e+00 
1.84680e+03 6.97064e+00 6.97064e+00 
1.85490e+03 6.74605e+00 6.74605e+00 
1.86300e+03 5.12308e+00 5.12308e+00 
1.87110e+03 9.44622e+00 9.44622e+00 
1.87920e+03 8.24004e+00 8.24004e+00 
1.88730e+03 1.03974e+01 1.03974e+01 
1.89540e+03 1.05006e+01 1.05006e+01 
1.90350e+03 9.40763e+00 9.40763e+00 
1.91160e+03 9.28832e+00 9.28832e+00 
1.91970e+03 9.86979e+00 9.86979e+00 
1.92780e+03 1.07837e+01 1.07837e+01 
1.93590e+03 1.13910e+01 1.13910e+01 
1.94400e+03 9.67047e+00 9.67047e+00 
1.95210e+03 8.57644e+00 8.57644e+00 
1.96020e+03 9.60010e+00 9.60010e+00 
1.96830e+03 8.17809e+00 8.17809e+00 
1.97640e+03 1.22862e+01 1.22862e+01 
1.98450e+03 8.97197e+00 8.97197e+00 
1.99260e+03 9.57475e+00 9.57475e+00 
2.00070e+03 9.49379e+00 9.49379e+00 
2.00880e+03 6.87977e+00 6.87977e+00 
2.01690e+03 8.28445e+00 8.28445e+00 
2.02500e+03 1.11150e+01 1.11150e+01 
2.03310e+03 6.05917e+00 6.05917e+00 
2.04120e+03 8.84324e+00 8.84324e+00 
2.04930e+03 1.05665e+01 1.05665e+01 
2.05740e+03 8.48085e+00 8.48085e+00 
2.06550e+03 1.12567e+01 1.12567e+01 
2.07360e+03 1.29197e+01 1.29197e+01 
2.08170e+03 8.42557e+00 8.42557e+00 
2.08980e+03 1.03767e+01 1.03767e+01 
2.09790e+03 1.18577e+01 1.18577e+01 
2.10600e+03 1.15848e+01 1.15848e+01 
2.11410e+03 8.95938e+00 8.95938e+00 
2.12220e+03 7.86952e+00 7.86952e+00 
2.13030e+03 7.70846e+00 7.70846e+00 
2.13840e+03 6.13797e+00 6.13797e+00 
2.14650e+03 5.22423e+00 5.22423e+00 
2.15460e+03 8.72326e+00 8.72326e+00 
2.16270e+03 1.06440e+01 1.06440e+01 
2.17080e+03 7.29489e+00 7.29489e+00 
2.17890e+03 9.22602e+00 9.22602e+00 
2.18700e+03 8.28875e+00 8.28875e+00 
2.19510e+03 1.10987e+01 1.10987e+01 
2.20320e+03 9.25286e+00 9.25286e+00 
2.21130e+03 9.36818e+00 9.36818e+00 
2.21940e+03 9.25729e+00 9.25729e+00 
2.22750e+03 9.06008e+00 9.06008e+00 
2.23560e+03 8.53486e+00 8.53486e+00 
2.24370e+03 9.21318e+00 9.21318e+00 
2.25180e+03 8.65327e+00 8.65327e+00 
2.25990e+03 1.20826e+01 1.20826e+01 
2.26800e+03 8.53551e+00 8.53551e+00 
2.27610e+03 8.28385e+00 8.28385e+00 
2.28420e+03 1.13978e+01 1.13978e+01 
2.29230e+03 1.02763e+01 1.02763e+01 
2.30040e+03 7.77901e+00 7.77901e+00 
2.30850e+03 9.69199e+00 9.69199e+00 
2.31660e+03 1.13090e+01 1.13090e+01 
2.32470e+03 9.26795e+00 9.26795e+00 
2.33280e+03 9.95909e+00 9.95909e+00 
2.34090e+03 8.73486e+00 8.73486e+00 
2.34900e+03 8.45492e+00 8.45492e+00 
2.35710e+03 1.00106e+01 1.00106e+01 
2.36520e+03 1.20055e+01 1.20055e+01 
2.37330e+03 8.27113e+00 8.27113e+00 
2.38140e+03 6.27765e+00 6.27765e+00 
2.38950e+03 5.44820e+00 5.44820e+00 
2.39760e+03 8.03122e+00 8.03122e+00 
2.40570e+03 8.10725e+00 8.10725e+00 
2.41380e+03 5.93215e+00 5.93215e+00 
2.42190e+03 8.59459e+00 8.59459e+00 
2.43000e+03 1.11233e+01 1.11233e+01 
2.43810e+03 1.25794e+01 1.25794e+01 
2.44620e+03 1.31217e+01 1.31217e+01 
2.45430e+03 1.52556e+01 1.52556e+01 
2.46240e+03 1.25611e+01 1.25611e+01 
2.47050e+03 1.13503e+01 1.13503e+01 
2.47860e+03 1.16840e+01 1.16840e+01 
2.48670e+03 1.08148e+01 1.08148e+01 
2.49480e+03 9.45556e+00 9.45556e+00 
2.50290e+03 8.06489e+00 8.06489e+00 
2.51100e+03 8.40890e+00 8.40890e+00 
2.51910e+03 6.45725e+00 6.45725e+00 
2.52720e+03 8.11386e+00 8.11386e+00 
2.53530e+03 7.16260e+00 7.16260e+00 
2.54340e+03 6.31127e+00 6.31127e+00 
2.55150e+03 7.12819e+00 7.12819e+00 
2.55960e+03 6.59729e+00 6.59729e+00 
2.56770e+03 8.39442e+00 8.39442e+00 
2.57580e+03 7.27260e+00 7.27260e+00 
2.58390e+03 6.97559e+00 6.97559e+00 
2.59200e+03 9.58571e+00 9.58571e+00 
2.60010e+03 9.77232e+00 9.77232e+00 
2.60820e+03 9.68252e+00 9.68252e+00 
2.61630e+03 1.31312e+01 1.31312e+01 
2.62440e+03 9.70937e+00 9.70937e+00 
2.63250e+03 7.02405e+00 7.02405e+00 
2.64060e+03 6.98287e+00 6.98287e+00 
2.64870e+03 6.44449e+00 6.44449e+00 
2.65680e+03 6.00293e+00 6.00293e+00 
2.66490e+03 2.82313e+00 2.82313e+00 
2.67300e+03 3.11582e+00 3.11582e+00 
2.68110e+03 2.25640e+00 2.25640e+00 
2.68920e+03 5.74856e+00 5.74856e+00 
2.69730e+03 6.31770e+00 6.31770e+00 
2.70540e+03 8.26309e+00 8.26309e+00 
2.71350e+03 9.93655e+00 9.93655e+00 
2.72160e+03 9.55448e+00 9.55448e+00 
2.72970e+03 9.88998e+00 9.88998e+00 
2.73780e+03 1.15817e+01 1.15817e+01 
2.74590e+03 9.82318e+00 9.82318e+00 
2.75400e+03 8.83864e+00 8.83864e+00 
2.76210e+03 4.87537e+00 4.87537e+00 
2.77020e+03 7.11921e+00 7.11921e+00 
2.77830e+03 4.14507e+00 4.14507e+00 
2.78640e+03 3.86185e+00 3.86185e+00 
2.79450e+03 8.23182e+00 8.23182e+00 
2.80260e+03 8.55071e+00 8.55071e+00 
2.81070e+03 2.57421e+00 2.57421e+00 
2.81880e+03 8.78448e+00 8.78448e+00 
2.82690e+03 7.46264e+00 7.46264e+00 
2.83500e+03 9.63289e+00 9.63289e+00 
2.84310e+03 1.07949e+01 1.07949e+01 
2.85120e+03 7.32159e+00 7.32159e+00 
2.85930e+03 8.79951e+00 8.79951e+00 
2.86740e+03 8.46753e+00 8.46753e+00 
2.87550e+03 9.44860e+00 9.44860e+00 
2.88360e+03 7.81628e+00 7.81628e+00 
2.89170e+03 7.19576e+00 7.19576e+00 
2.89980e+03 6.06736e+00 6.06736e+00 
2.90790e+03 8.72335e+00 8.72335e+00 
2.91600e+03 8.03848e+00 8.03848e+00 
2.92410e+03 5.53763e+00 5.53763e+00 
2.93220e+03 9.54712e+00 9.54712e+00 
2.94030e+03 1.03741e+01 1.03741e+01 
2.94840e+03 7.14671e+00 7.14671e+00 
2.95650e+03 5.72057e+00 5.72057e+00 
2.96460e+03 4.95510e+00 4.95510e+00 
2.97270e+03 7.11984e+00 7.11984e+00 
2.98080e+03 6.62896e+00 6.62896e+00 
2.98890e+03 7.47487e+00 7.47487e+00 
2.99700e+03 6.73301e+00 6.73301e+00 
3.00510e+03 9.73405e+00 9.73405e+00 
3.01320e+03 1.01772e+01 1.01772e+01 
3.02130e+03 1.07072e+01 1.07072e+01 
3.02940e+03 7.84723e+00 7.84723e+00 
3.03750e+03 8.89570e+00 8.89570e+00 
3.04560e+03 1.04116e+01 1.04116e+01 
3.05370e+03 7.68446e+00 7.68446e+00 
3.06180e+03 7.63625e+00 7.63625e+00 
3.06990e+03 8.80463e+00 8.80463e+00 
3.07800e+03 1.21987e+01 1.21987e+01 
3.08610e+03 9.49168e+00 9.49168e+00 
3.09420e+03 6.83044e+00 6.83044e+00 
3.10230e+03 6.63271e+00 6.63271e+00 
3.11040e+03 2.98814e+00 2.98814e+00 
3.11850e+03 2.22278e+00 2.22278e+00 
3.12660e+03 6.30841e+00 6.30841e+00 
3.13470e+03 8.41804e+00 8.41804e+00 
3.14280e+03 4.84606e+00 4.84606e+00 
3.15090e+03 9.58648e+00 9.58648e+00 
3.15900e+03 8.18730e+00 8.18730e+00 
3.16710e+03 8.21352e+00 8.21352e+00 
3.17520e+03 5.33594e+00 5.33594e+00 
3.18330e+03 8.41396e+00 8.41396e+00 
3.19140e+03 3.99820e+00 3.99820e+00 
3.19950e+03 2.98796e+00 2.98796e+00 
3.20760e+03 1.99030e+00 1.99030e+00 
3.21570e+03 1.58134e+00 1.58134e+00 
3.22380e+03 2.55097e+00 2.55097e+00 
3.23190e+03 5.62249e+00 5.62249e+00 
3.24000e+03 4.26948e+00 4.26948e+00 
3.24810e+03 7.10742e+00 7.10742e+00 
3.25620e+03 7.67670e+00 7.67670e+00 
3.26430e+03 7.85452e+00 7.85452e+00 
3.27240e+03 5.43364e+00 5.43364e+00 
3.28050e+03 9.29707e+00 9.29707e+00 
3.28860e+03 1.04874e+01 1.04874e+01 
3.29670e+03 1.03432e+01 1.03432e+01 
3.30480e+03 6.04384e+00 6.04384e+00 
3.31290e+03 8.81005e+00 8.81005e+00 
3.32100e+03 6.43425e+00 6.43425e+00 
3.32910e+03 8.85942e+00 8.85942e+00 
3.33720e+03 7.90238e+00 7.90238e+00 
3.34530e+03 1.18836e+01 1.18836e+01 
3.35340e+03 1.02083e+01 1.02083e+01 
3.36150e+03 8.10763e+00 8.10763e+00 
3.36960e+03 8.42586e+00 8.42586e+00 
3.37770e+03 7.65633e+00 7.65633e+00 
3.38580e+03 9.17201e+00 9.17201e+00 
3.39390e+03 9.20664e+00 9.20664e+00 
3.40200e+03 1.24989e+01 1.24989e+01 
3.41010e+03 1.49601e+01 1.49601e+01 
3.41820e+03 1.37687e+01 1.37687e+01 
3.42630e+03 1.43525e+01 1.43525e+01 
3.43440e+03 1.64086e+01 1.64086e+01 
3.44250e+03 1.35732e+01 1.35732e+01 
3.45060e+03 1.21832e+01 1.21832e+01 
3.45870e+03 1.13129e+01 1.13129e+01 
3.46680e+03 1.00993e+01 1.00993e+01 
3.47490e+03 9.56236e+00 9.56236e+00 
3.48300e+03 9.54770e+00 9.54770e+00 
3.49110e+03 1.05525e+01 1.05525e+01 
3.49920e+03 1.10772e+01 1.10772e+01 
3.50730e+03 8.54558e+00 8.54558e+00 
3.51540e+03 5.67499e+00 5.67499e+00 
3.52350e+03 5.94650e+00 5.94650e+00 
3.53160e+03 9.87236e+00 9.87236e+00 
3.53970e+03 6.90826e+00 6.90826e+00 
3.54780e+03 1.05521e+01 1.05521e+01 
3.55590e+03 1.10100e+01 1.10100e+01 
3.56400e+03 7.46044e+00 7.46044e+00 
3.57210e+03 6.99134e+00 6.99134e+00 
3.58020e+03 5.89882e+00 5.89882e+00 
3.58830e+03 4.87403e+00 4.87403e+00 
3.59640e+03 4.94981e+00 4.94981e+00 
3.60450e+03 4.37062e+00 4.37062e+00 
3.61260e+03 6.42730e+00 6.42730e+00 
3.62070e+03 4.08359e+00 4.08359e+00 
3.62880e+03 4.82352e+00 4.82352e+00 
3.63690e+03 6.05986e+00 6.05986e+00 
3.64500e+03 6.14810e+00 6.14810e+00 
3.65310e+03 6.54199e+00 6.54199e+00 
3.66120e+03 5.56346e+00 5.56346e+00 
3.66930e+03 9.01461e+00 9.01461e+00 
3.67740e+03 5.44215e+00 5.44215e+00 
3.68550e+03 4.20794e+00 4.20794e+00 
3.69360e+03 3.56043e+00 3.56043e+00 
3.70170e+03 3.55356e+00 3.55356e+00 
3.70980e+03 5.16669e+00 5.16669e+00 
3.71790e+03 3.74885e+00 3.74885e+00 
3.72600e+03 2.09579e+00 2.09579e+00 
3.73410e+03 4.35124e+00 4.35124e+00 
3.74220e+03 2.61420e+00 2.61420e+00 
3.75030e+03 2.40057e+00 2.40057e+00 
3.75840e+03 3.49386e+00 3.49386e+00 
3.76650e+03 3.30705e+00 3.30705e+00 
3.77460e+03 4.34533e+00 4.34533e+00 
3.78270e+03 5.18153e+00 5.18153e+00 
3.79080e+03 5.99363e+00 5.99363e+00 
3.79890e+03 6.36273e+00 6.36273e+00 
3.80700e+03 5.40402e+00 5.40402e+00 
3.81510e+03 4.20743e+00 4.20743e+00 
3.82320e+03 8.02065e+00 8.02065e+00 
3.83130e+03 6.49462e+00 6.49462e+00 
3.83940e+03 8.00975e+00 8.00975e+00 
3.84750e+03 4.05221e+00 4.05221e+00 
3.85560e+03 7.53151e+00 7.53151e+00 
3.86370e+03 1.06661e+01 1.06661e+01 
3.87180e+03 9.92952e+00 9.92952e+00 
3.87990e+03 1.12492e+01 1.12492e+01 
3.88800e+03 1.06524e+01 1.06524e+01 
3.89610e+03 7.88790e+00 7.88790e+00 
3.90420e+03 7.94339e+00 7.94339e+00 
3.91230e+03 9.27953e+00 9.27953e+00 
3.92040e+03 1.01405e+01 1.01405e+01 
3.92850e+03 8.12707e+00 8.12707e+00 
3.93660e+03 8.10796e+00 8.10796e+00 
3.94470e+03 1.03690e+01 1.03690e+01 
3.95280e+03 6.77500e+00 6.77500e+00 
3.96090e+03 9.26714e+00 9.26714e+00 
3.96900e+03 7.96899e+00 7.96899e+00 
3.97710e+03 9.13119e+00 9.13119e+00 
3.98520e+03 8.59434e+00 8.59434e+00 
3.99330e+03 8.55261e+00 8.55261e+00 
4.00140e+03 9.84974e+00 9.84974e+00 
4.00950e+03 1.24712e+01 1.24712e+01 
4.01760e+03 1.17221e+01 1.17221e+01 
4.02570e+03 1.18937e+01 1.18937e+01 
4.03380e+03 1.15167e+01 1.15167e+01 
4.04190e+03 1.18830e+01 1.18830e+01 
4.05000e+03 1.05985e+01 1.05985e+01 
4.05810e+03 9.83923e+00 9.83923e+00 
4.06620e+03 1.08731e+01 1.08731e+01 
4.07430e+03 1.16737e+01 1.16737e+01 
4.08240e+03 1.25031e+01 1.25031e+01 
4.09050e+03 9.92290e+00 9.92290e+00 
4.09860e+03 1.13863e+01 1.13863e+01 
4.10670e+03 7.35218e+00 7.35218e+00 
4.11480e+03 8.35757e+00 8.35757e+00 
4.12290e+03 7.74413e+00 7.74413e+00 
4.13100e+03 6.93365e+00 6.93365e+00 
4.13910e+03 6.00980e+00 6.00980e+00 
4.14720e+03 4.33726e+00 4.33726e+00 
4.15530e+03 7.62657e+00 7.62657e+00 
4.16340e+03 4.54390e+00 4.54390e+00 
4.17150e+03 4.68120e+00 4.68120e+00 
4.17960e+03 3.46806e+00 3.46806e+00 
4.18770e+03 2.37038e+00 2.37038e+00 
4.19580e+03 4.01043e+00 4.01043e+00 
4.20390e+03 6.34429e+00 6.34429e+00 
4.21200e+03 6.03415e+00 6.03415e+00 
4.22010e+03 7.61779e+00 7.61779e+00 
4.22820e+03 4.46772e+00 4.46772e+00 
4.23630e+03 5.31933e+00 5.31933e+00 
4.24440e+03 3.99599e+00 3.99599e+00 
4.25250e+03 6.45906e+00 6.45906e+00 
4.26060e+03 4.94237e+00 4.94237e+00 
4.26870e+03 8.06465e+00 8.06465e+00 
4.27680e+03 9.48171e+00 9.48171e+00 
4.28490e+03 9.28657e+00 9.28657e+00 
4.29300e+03 7.54980e+00 7.54980e+00 
4.30110e+03 9.91363e+00 9.91363e+00 
4.30920e+03 7.95010e+00 7.95010e+00 
4.31730e+03 8.49216e+00 8.49216e+00 
4.32540e+03 5.10423e+00 5.10423e+00 
4.33350e+03 1.01366e+00 1.01366e+00 
4.34160e+03 4.73581e+00 4.73581e+00 
4.34970e+03 2.68959e+00 2.68959e+00 
4.35780e+03 3.80544e+00 3.80544e+00 
4.36590e+03 1.52666e+00 1.52666e+00 
4.37400e+03 3.02599e+00 3.02599e+00 
4.38210e+03 1.56830e+00 1.56830e+00 
4.39020e+03 3.49926e+00 3.49926e+00 
4.39830e+03 4.74803e+00 4.74803e+00 
4.40640e+03 3.36887e+00 3.36887e+00 
4.41450e+03 5.31729e+00 5.31729e+00 
4.42260e+03 6.81724e+00 6.81724e+00 
4.43070e+03 2.40946e+00 2.40946e+00 
4.43880e+03 2.72495e+00 2.72495e+00 
4.44690e+03 4.04473e+00 4.04473e+00 
4.45500e+03 2.10463e+00 2.10463e+00 
4.46310e+03 3.32401e+00 3.32401e+00 
4.47120e+03 4.40120e+00 4.40120e+00 
4.47930e+03 6.19065e+00 6.19065e+00 
4.48740e+03 3.79011e+00 3.79011e+00 
4.49550e+03 5.51993e+00 5.51993e+00 
4.50360e+03 3.25897e+00 3.25897e+00 
4.51170e+03 3.68567e+00 3.68567e+00 
4.51980e+03 1.77217e+00 1.77217e+00 
4.52790e+03 3.33052e+00 3.33052e+00 
4.53600e+03 3.43156e+00 3.43156e+00 
4.54410e+03 3.96149e+00 3.96149e+00 
4.55220e+03 2.86349e+00 2.86349e+00 
4.56030e+03 4.23718e+00 4.23718e+00 
4.56840e+03 2.16696e+00 2.16696e+00 
4.57650e+03 4.28254e+00 4.28254e+00 
4.58460e+03 2.78640e+00 2.78640e+00 
4.59270e+03 3.20034e+00 3.20034e+00 
4.60080e+03 4.78826e+00 4.78826e+00 
4.60890e+03 4.16524e+00 4.16524e+00 
4.61700e+03 3.21909e+00 3.21909e+00 
4.62510e+03 6.28158e+00 6.28158e+00 
4.63320e+03 5.12984e+00 5.12984e+00 
4.64130e+03 5.46470e+00 5.46470e+00 
4.64940e+03 5.38247e+00 5.38247e+00 
4.65750e+03 5.19100e+00 5.19100e+00 
4.66560e+03 5.84139e+00 5.84139e+00 
4.67370e+03 7.69883e+00 7.69883e+00 
4.68180e+03 9.63719e+00 9.63719e+00 
4.68990e+03 1.07951e+01 1.07951e+01 
4.69800e+03 8.94961e+00 8.94961e+00 
4.70610e+03 8.11966e+00 8.11966e+00 
4.71420e+03 8.49318e+00 8.49318e+00 
4.72230e+03 9.18008e+00 9.18008e+00 
4.73040e+03 7.75665e+00 7.75665e+00 
4.73850e+03 3.50897e+00 3.50897e+00 
4.74660e+03 2.37223e+00 2.37223e+00 
4.75470e+03 2.20914e+00 2.20914e+00 
4.76280e+03 3.42069e+00 3.42069e+00 
4.77090e+03 5.69307e+00 5.69307e+00 
4.77900e+03 5.33105e+00 5.33105e+00 
4.78710e+03 3.32928e+00 3.32928e+00 
4.79520e+03 1.76236e+00 1.76236e+00 
4.80330e+03 6.38308e+00 6.38308e+00 
4.81140e+03 5.12266e+00 5.12266e+00 
4.81950e+03 4.73304e+00 4.73304e+00 
4.82760e+03 2.09063e+00 2.09063e+00 
4.83570e+03 5.71470e-01 5.71470e-01 
4.84380e+03 6.30252e+00 6.30252e+00 
4.85190e+03 5.10343e+00 5.10343e+00 
4.86000e+03 4.14364e+00 4.14364e+00 
4.86810e+03 4.31004e+00 4.31004e+00 
4.87620e+03 6.81764e+00 6.81764e+00 
4.88430e+03 6.96153e+00 6.96153e+00 
4.89240e+03 6.83520e+00 6.83520e+00 
4.90050e+03 5.49868e+00 5.49868e+00 
4.90860e+03 6.87417e+00 6.87417e+00 
4.91670e+03 3.59441e+00 3.59441e+00 
4.92480e+03 6.37959e+00 6.37959e+00 
4.93290e+03 5.61038e+00 5.61038e+00 
4.94100e+03 2.34487e+00 2.34487e+00 
4.94910e+03 2.55861e+00 2.55861e+00 
4.95720e+03 4.38828e+00 4.38828e+00 
4.96530e+03 2.47064e+00 2.47064e+00 
4.97340e+03 4.91432e+00 4.91432e+00 
4.98150e+03 4.07287e+00 4.07287e+00 
4.98960e+03 4.68115e+00 4.68115e+00 
4.99770e+03 6.20995e+00 6.20995e+00 
5.00580e+03 4.92486e+00 4.92486e+00 
5.01390e+03 4.65580e+00 4.65580e+00 
5.02200e+03 4.98153e+00 4.98153e+00 
5.03010e+03 6.06262e+00 6.06262e+00 
5.03820e+03 4.72503e+00 4.72503e+00 
5.04630e+03 5.37020e+00 5.37020e+00 
5.05440e+03 5.28231e+00 5.28231e+00 
5.06250e+03 7.44459e+00 7.44459e+00 
5.07060e+03 7.24181e+00 7.24181e+00 
5.07870e+03 7.08524e+00 7.08524e+00 
5.08680e+03 5.65573e+00 5.65573e+00 
5.09490e+03 4.03020e+00 4.03020e+00 
5.10300e+03 5.04555e+00 5.04555e+00 
5.11110e+03 3.92729e+00 3.92729e+00 
5.11920e+03 5.89721e+00 5.89721e+00 
5.12730e+03 6.04282e+00 6.04282e+00 
5.13540e+03 4.55853e+00 4.55853e+00 
5.14350e+03 8.88494e+00 8.88494e+00 
5.15160e+03 8.38960e+00 8.38960e+00 
5.15970e+03 6.24383e+00 6.24383e+00 
5.16780e+03 8.58676e+00 8.58676e+00 
5.17590e+03 6.92531e+00 6.92531e+00 
5.18400e+03 1.00811e+01 1.00811e+01 
5.19210e+03 1.18725e+01 1.18725e+01 
5.20020e+03 1.11860e+01 1.11860e+01 
5.20830e+03 6.45606e+00 6.45606e+00 
5.21640e+03 7.91930e+00 7.91930e+00 
5.22450e+03 3.52699e+00 3.52699e+00 
5.23260e+03 5.75532e+00 5.75532e+00 
5.24070e+03 6.82337e+00 6.82337e+00 
5.24880e+03 1.04797e+01 1.04797e+01 
5.25690e+03 7.82396e+00 7.82396e+00 
5.26500e+03 1.01615e+01 1.01615e+01 
5.27310e+03 8.80787e+00 8.80787e+00 
5.28120e+03 6.46973e+00 6.46973e+00 
5.28930e+03 4.00201e+00 4.00201e+00 
5.29740e+03 2.98155e+00 2.98155e+00 
5.30550e+03 8.02842e+00 8.02842e+00 
5.31360e+03 6.06388e+00 6.06388e+00 
5.32170e+03 5.26313e+00 5.26313e+00 
5.32980e+03 6.51132e+00 6.51132e+00 
5.33790e+03 4.81646e+00 4.81646e+00 
5.34600e+03 5.39609e+00 5.39609e+00 
5.35410e+03 4.21603e+00 4.21603e+00 
5.36220e+03 1.47538e+00 1.47538e+00 
5.37030e+03 9.50598e-01 9.50598e-01 
5.37840e+03 4.35321e+00 4.35321e+00 
5.38650e+03 3.45950e+00 3.45950e+00 
5.39460e+03 1.57268e+00 1.57268e+00 
5.40270e+03 2.43252e+00 2.43252e+00 
5.41080e+03 3.44991e+00 3.44991e+00 
5.41890e+03 3.70996e+00 3.70996e+00 
5.42700e+03 5.56874e+00 5.56874e+00 
5.43510e+03 2.81551e+00 2.81551e+00 
5.44320e+03 6.74590e+00 6.74590e+00 
5.45130e+03 8.71098e+00 8.71098e+00 
5.45940e+03 9.23274e+00 9.23274e+00 
5.46750e+03 8.98626e+00 8.98626e+00 
5.47560e+03 7.63059e+00 7.63059e+00 
5.48370e+03 8.46925e+00 8.46925e+00 
5.49180e+03 3.64777e+00 3.64777e+00 
5.49990e+03 5.33811e+00 5.33811e+00 
5.50800e+03 4.62301e+00 4.62301e+00 
5.51610e+03 7.61887e+00 7.61887e+00 
5.52420e+03 8.28860e+00 8.28860e+00 
5.53230e+03 8.38509e+00 8.38509e+00 
5.54040e+03 9.52143e+00 9.52143e+00 
5.54850e+03 6.47388e+00 6.47388e+00 
5.55660e+03 6.27378e+00 6.27378e+00 
5.56470e+03 2.00477e+00 2.00477e+00 
5.57280e+03 2.68751e+00 2.68751e+00 
5.58090e+03 5.88554e+00 5.88554e+00 
5.58900e+03 5.29672e+00 5.29672e+00 
5.59710e+03 7.22921e+00 7.22921e+00 
5.60520e+03 5.45927e+00 5.45927e+00 
5.61330e+03 5.50250e+00 5.50250e+00 
5.62140e+03 4.85196e+00 4.85196e+00 
5.62950e+03 6.67449e+00 6.67449e+00 
5.63760e+03 5.07828e+00 5.07828e+00 
5.64570e+03 5.59325e+00 5.59325e+00 
5.65380e+03 3.28598e+00 3.28598e+00 
5.66190e+03 7.16525e+00 7.16525e+00 
5.67000e+03 6.07578e+00 6.07578e+00 
5.67810e+03 4.85866e+00 4.85866e+00 
5.68620e+03 4.00426e+00 4.00426e+00 
5.69430e+03 6.45749e+00 6.45749e+00 
5.70240e+03 6.31934e+00 6.31934e+00 
5.71050e+03 8.33292e+00 8.33292e+00 
5.71860e+03 1.04082e+01 1.04082e+01 
5.72670e+03 1.15788e+01 1.15788e+01 
5.73480e+03 1.28830e+01 1.28830e+01 
5.74290e+03 8.59688e+00 8.59688e+00 
5.75100e+03 7.27742e+00 7.27742e+00 
5.75910e+03 5.00895e+00 5.00895e+00 
5.76720e+03 6.98383e+00 6.98383e+00 
5.77530e+03 5.14349e+00 5.14349e+00 
5.78340e+03 5.84717e+00 5.84717e+00 
5.79150e+03 3.03205e+00 3.03205e+00 
5.79960e+03 5.96505e+00 5.96505e+00 
5.80770e+03 5.63195e+00 5.63195e+00 
5.81580e+03 5.31156e+00 5.31156e+00 
5.82390e+03 6.06536e+00 6.06536e+00 
5.83200e+03 6.51654e+00 6.51654e+00 
5.84010e+03 6.64186e+00 6.64186e+00 
5.84820e+03 6.66818e+00 6.66818e+00 
5.85630e+03 4.76825e+00 4.76825e+00 
5.86440e+03 7.35912e+00 7.35912e+00 
5.87250e+03 4.23081e+00 4.23081e+00 
5.88060e+03 3.06980e+00 3.06980e+00 
5.88870e+03 3.07512e+00 3.07512e+00 
5.89680e+03 3.91698e+00 3.91698e+00 
5.90490e+03 1.60991e+00 1.60991e+00 
5.91300e+03 4.17330e+00 4.17330e+00 
5.92110e+03 6.31572e+00 6.31572e+00 
5.92920e+03 7.45578e+00 7.45578e+00 
5.93730e+03 9.59627e+00 9.59627e+00 
5.94540e+03 9.06923e+00 9.06923e+00 
5.95350e+03 8.53582e+00 8.53582e+00 
5.96160e+03 6.95221e+00 6.95221e+00 
5.96970e+03 7.86331e+00 7.86331e+00 
5.97780e+03 5.69151e+00 5.69151e+00 
5.98590e+03 5.87775e+00 5.87775e+00 
5.99400e+03 6.93090e+00 6.93090e+00 
6.00210e+03 6.26886e+00 6.26886e+00 
6.01020e+03 8.29141e+00 8.29141e+00 
6.01830e+03 9.71677e+00 9.71677e+00 
6.02640e+03 4.27547e+00 4.27547e+00 
6.03450e+03 7.20674e+00 7.20674e+00 
6.04260e+03 8.06154e+00 8.06154e+00 
6.05070e+03 5.39796e+00 5.39796e+00 
6.05880e+03 8.07670e+00 8.07670e+00 
6.06690e+03 5.29009e+00 5.29009e+00 
6.07500e+03 9.13643e+00 9.13643e+00 
6.08310e+03 7.75946e+00 7.75946e+00 
6.09120e+03 9.29868e+00 9.29868e+00 
6.09930e+03 1.22730e+01 1.22730e+01 
6.10740e+03 9.73277e+00 9.73277e+00 
6.11550e+03 8.11496e+00 8.11496e+00 
6.12360e+03 9.01516e+00 9.01516e+00 
6.13170e+03 8.94983e+00 8.94983e+00 
6.13980e+03 7.94277e+00 7.94277e+00 
6.14790e+03 4.91881e+00 4.91881e+00 
6.15600e+03 7.01665e+00 7.01665e+00 
6.16410e+03 7.36333e+00 7.36333e+00 
6.17220e+03 1.14620e+01 1.14620e+01 
6.18030e+03 7.64376e+00 7.64376e+00 
6.18840e+03 7.66949e+00 7.66949e+00 
6.19650e+03 5.31390e+00 5.31390e+00 
6.20460e+03 2.88514e+00 2.88514e+00 
6.21270e+03 7.88992e+00 7.88992e+00 
6.22080e+03 5.40978e+00 5.40978e+00 
6.22890e+03 5.34549e+00 5.34549e+00 
6.23700e+03 5.06419e+00 5.06419e+00 
6.24510e+03 2.99561e+00 2.99561e+00 
6.25320e+03 4.12250e+00 4.12250e+00 
6.26130e+03 5.29539e+00 5.29539e+00 
6.26940e+03 6.12212e+00 6.12212e+00 
6.27750e+03 1.10386e+01 1.10386e+01 
6.28560e+03 8.79004e+00 8.79004e+00 
6.29370e+03 1.03810e+01 1.03810e+01 
6.30180e+03 8.10460e+00 8.10460e+00 
6.30990e+03 5.39000e+00 5.39000e+00 
6.31800e+03 4.76967e+00 4.76967e+00 
6.32610e+03 4.19711e+00 4.19711e+00 
6.33420e+03 5.46217e+00 5.46217e+00 
6.34230e+03 5.40702e+00 5.40702e+00 
6.35040e+03 2.83309e+00 2.83309e+00 
6.35850e+03 2.66572e+00 2.66572e+00 
6.36660e+03 3.72595e+00 3.72595e+00 
6.37470e+03 3.35810e+00 3.35810e+00 
6.38280e+03 3.33880e+00 3.33880e+00 
6.39090e+03 1.13602e+00 1.13602e+00 
6.39900e+03 3.40364e+00 3.40364e+00 
6.40710e+03 5.27282e+00 5.27282e+00 
6.41520e+03 5.59838e+00 5.59838e+00 
6.42330e+03 2.76260e+00 2.76260e+00 
6.43140e+03 4.88089e+00 4.88089e+00 
6.43950e+03 8.60376e+00 8.60376e+00 
6.44760e+03 6.40483e+00 6.40483e+00 
6.45570e+03 2.13759e+00 2.13759e+00 
6.46380e+03 4.86380e+00 4.86380e+00 
6.47190e+03 4.81828e+00 4.81828e+00 
6.48000e+03 4.21722e+00 4.21722e+00 
6.48810e+03 2.51436e+00 2.51436e+00 
6.49620e+03 5.70360e+00 5.70360e+00 
6.50430e+03 6.68473e+00 6.68473e+00 
6.51240e+03 5.10143e+00 5.10143e+00 
6.52050e+03 6.20573e+00 6.20573e+00 
6.52860e+03 6.43653e+00 6.43653e+00 
6.53670e+03 5.92316e+00 5.92316e+00 
6.54480e+03 7.05769e+00 7.05769e+00 
6.55290e+03 7.27643e+00 7.27643e+00 
6.56100e+03 6.43925e+00 6.43925e+00 
6.56910e+03 6.81349e+00 6.81349e+00 
6.57720e+03 9.53093e+00 9.53093e+00 
6.58530e+03 8.59413e+00 8.59413e+00 
6.59340e+03 6.52668e+00 6.52668e+00 
6.60150e+03 6.87098e+00 6.87098e+00 
6.60960e+03 9.34026e+00 9.34026e+00 
6.61770e+03 7.14898e+00 7.14898e+00 
6.62580e+03 7.72372e+00 7.72372e+00 
6.63390e+03 1.23598e+01 1.23598e+01 
6.64200e+03 1.26636e+01 1.26636e+01 
6.65010e+03 1.14812e+01 1.14812e+01 
6.65820e+03 1.05804e+01 1.05804e+01 
6.66630e+03 1.29044e+01 1.29044e+01 
6.67440e+03 1.04660e+01 1.04660e+01 
6.68250e+03 9.13513e+00 9.13513e+00 
6.69060e+03 9.75499e+00 9.75499e+00 
6.69870e+03 9.58950e+00 9.58950e+00 
6.70680e+03 9.06221e+00 9.06221e+00 
6.71490e+03 9.58041e+00 9.58041e+00 
6.72300e+03 1.13035e+01 1.13035e+01 
6.73110e+03 9.55955e+00 9.55955e+00 
6.73920e+03 1.16375e+01 1.16375e+01 
6.74730e+03 1.02055e+01 1.02055e+01 
6.75540e+03 1.01260e+01 1.01260e+01 
6.76350e+03 9.43036e+00 9.43036e+00 
6.77160e+03 9.38201e+00 9.38201e+00 
6.77970e+03 6.59001e+00 6.59001e+00 
6.78780e+03 7.71988e+00 7.71988e+00 
6.79590e+03 9.25667e+00 9.25667e+00 
6.80400e+03 8.82330e+00 8.82330e+00 
6.81210e+03 3.70936e+00 3.70936e+00 
6.82020e+03 7.15289e+00 7.15289e+00 
6.82830e+03 6.06621e+00 6.06621e+00 
6.83640e+03 4.24486e+00 4.24486e+00 
6.84450e+03 3.78058e+00 3.78058e+00 
6.85260e+03 7.14647e+00 7.14647e+00 
6.86070e+03 5.52879e+00 5.52879e+00 
6.86880e+03 4.31770e+00 4.31770e+00 
6.87690e+03 5.39765e+00 5.39765e+00 
6.88500e+03 6.19280e+00 6.19280e+00 
6.89310e+03 4.99190e+00 4.99190e+00 
6.90120e+03 9.35575e+00 9.35575e+00 
6.90930e+03 9.74136e+00 9.74136e+00 
6.91740e+03 8.66604e+00 8.66604e+00 
6.92550e+03 7.36201e+00 7.36201e+00 
6.93360e+03 7.15821e+00 7.15821e+00 
6.94170e+03 8.44652e+00 8.44652e+00 
6.94980e+03 7.17729e+00 7.17729e+00 
6.95790e+03 7.37185e+00 7.37185e+00 
6.96600e+03 8.52210e+00 8.52210e+00 
6.97410e+03 7.36346e+00 7.36346e+00 
6.98220e+03 7.08985e+00 7.08985e+00 
6.99030e+03 7.74470e+00 7.74470e+00 
6.99840e+03 8.02680e+00 8.02680e+00 
7.00650e+03 9.41523e+00 9.41523e+00 
7.01460e+03 9.91913e+00 9.91913e+00 
7.02270e+03 9.67134e+00 9.67134e+00 
7.03080e+03 8.75864e+00 8.75864e+00 
7.03890e+03 7.46721e+00 7.46721e+00 
7.04700e+03 7.39854e+00 7.39854e+00 
7.05510e+03 4.49223e+00 4.49223e+00 
7.06320e+03 3.43146e+00 3.43146e+00 
7.07130e+03 2.12775e+00 2.12775e+00 
7.07940e+03 5.38282e+00 5.38282e+00 
7.08750e+03 6.34358e+00 6.34358e+00 
7.09560e+03 3.77165e+00 3.77165e+00 
7.10370e+03 5.89542e+00 5.89542e+00 
7.11180e+03 7.55780e+00 7.55780e+00 
7.11990e+03 5.08182e+00 5.08182e+00 
7.12800e+03 5.40829e+00 5.40829e+00 
7.13610e+03 5.33596e+00 5.33596e+00 
7.14420e+03 9.20364e+00 9.20364e+00 
7.15230e+03 8.84604e+00 8.84604e+00 
7.16040e+03 5.65958e+00 5.65958e+00 
7.16850e+03 6.77557e+00 6.77557e+00 
7.17660e+03 4.02683e+00 4.02683e+00 
7.18470e+03 5.63100e+00 5.63100e+00 
7.19280e+03 4.85294e+00 4.85294e+00 
7.20090e+03 4.75346e+00 4.75346e+00 
7.20900e+03 4.33657e+00 4.33657e+00 
7.21710e+03 4.99712e+00 4.99712e+00 
7.22520e+03 2.70124e+00 2.70124e+00 
7.23330e+03 1.33428e+00 1.33428e+00 
7.24140e+03 6.24137e+00 6.24137e+00 
7.24950e+03 4.91692e+00 4.91692e+00 
7.25760e+03 4.25757e+00 4.25757e+00 
7.26570e+03 4.18033e+00 4.18033e+00 
7.27380e+03 3.77838e+00 3.77838e+00 
7.28190e+03 3.63958e+00 3.63958e+00 
7.29000e+03 5.71571e+00 5.71571e+00 
7.29810e+03 7.91851e+00 7.91851e+00 
7.30620e+03 8.39315e+00 8.39315e+00 
7.31430e+03 4.83221e+00 4.83221e+00 
7.32240e+03 4.38950e+00 4.38950e+00 
7.33050e+03 4.57768e+00 4.57768e+00 
7.33860e+03 6.41617e+00 6.41617e+00 
7.34670e+03 3.82494e+00 3.82494e+00 
7.35480e+03 5.46668e+00 5.46668e+00 
7.36290e+03 7.50123e+00 7.50123e+00 
7.37100e+03 8.45902e+00 8.45902e+00 
7.37910e+03 5.78957e+00 5.78957e+00 
7.38720e+03 4.15422e+00 4.15422e+00 
7.39530e+03 5.37402e+00 5.37402e+00 
7.40340e+03 3.88748e+00 3.88748e+00 
7.41150e+03 5.83779e+00 5.83779e+00 
7.41960e+03 6.69235e+00 6.69235e+00 
7.42770e+03 5.14081e+00 5.14081e+00 
7.43580e+03 8.37676e+00 8.37676e+00 
7.44390e+03 5.37283e+00 5.37283e+00 
7.45200e+03 4.71956e+00 4.71956e+00 
7.46010e+03 2.49236e+00 2.49236e+00 
7.46820e+03 3.18479e+00 3.18479e+00 
7.47630e+03 5.13530e+00 5.13530e+00 
7.48440e+03 4.26200e+00 4.26200e+00 
7.49250e+03 3.40029e+00 3.40029e+00 
7.50060e+03 2.60765e+00 2.60765e+00 
7.50870e+03 3.63357e+00 3.63357e+00 
7.51680e+03 9.70852e+00 9.70852e+00 
7.52490e+03 8.92995e+00 8.92995e+00 
7.53300e+03 6.69153e+00 6.69153e+00 
7.54110e+03 5.45539e+00 5.45539e+00 
7.54920e+03 5.90134e+00 5.90134e+00 
7.55730e+03 4.48202e+00 4.48202e+00 
7.56540e+03 6.24218e+00 6.24218e+00 
7.57350e+03 6.86995e+00 6.86995e+00 
7.58160e+03 3.68942e+00 3.68942e+00 
7.58970e+03 5.02984e+00 5.02984e+00 
7.59780e+03 7.94046e+00 7.94046e+00 
7.60590e+03 8.66307e+00 8.66307e+00 
7.61400e+03 8.59012e+00 8.59012e+00 
7.62210e+03 8.12032e+00 8.12032e+00 
7.63020e+03 5.76851e+00 5.76851e+00 
7.63830e+03 9.18828e+00 9.18828e+00 
7.64640e+03 9.30335e+00 9.30335e+00 
7.65450e+03 9.27631e+00 9.27631e+00 
7.66260e+03 8.14501e+00 8.14501e+00 
7.67070e+03 6.54720e+00 6.54720e+00 
7.67880e+03 4.54556e+00 4.54556e+00 
7.68690e+03 5.69080e+00 5.69080e+00 
7.69500e+03 6.42444e+00 6.42444e+00 
7.70310e+03 4.86807e+00 4.86807e+00 
7.71120e+03 4.12136e+00 4.12136e+00 
7.71930e+03 4.68361e+00 4.68361e+00 
7.72740e+03 5.50259e+00 5.50259e+00 
7.73550e+03 7.93966e+00 7.93966e+00 
7.74360e+03 3.91112e+00 3.91112e+00 
7.75170e+03 6.66616e+00 6.66616e+00 
7.75980e+03 7.15862e+00 7.15862e+00 
7.76790e+03 5.00341e+00 5.00341e+00 
7.77600e+03 5.15668e+00 5.15668e+00 
7.78410e+03 6.15680e+00 6.15680e+00 
7.79220e+03 6.47009e+00 6.47009e+00 
7.80030e+03 6.51230e+00 6.51230e+00 
7.80840e+03 2.98451e+00 2.98451e+00 
7.81650e+03 3.71912e+00 3.71912e+00 
7.82460e+03 4.44126e+00 4.44126e+00 
7.83270e+03 2.18597e+00 2.18597e+00 
7.84080e+03 5.56012e+00 5.56012e+00 
7.84890e+03 4.33682e+00 4.33682e+00 
7.85700e+03 5.72213e+00 5.72213e+00 
7.86510e+03 6.29654e+00 6.29654e+00 
7.87320e+03 4.97439e+00 4.97439e+00 
7.88130e+03 6.96639e+00 6.96639e+00 
7.88940e+03 6.61455e+00 6.61455e+00 
7.89750e+03 5.78498e+00 5.78498e+00 
7.90560e+03 4.65485e+00 4.65485e+00 
7.91370e+03 6.89601e+00 6.89601e+00 
7.92180e+03 8.19207e+00 8.19207e+00 
7.92990e+03 6.41580e+00 6.41580e+00 
7.93800e+03 7.61910e+00 7.61910e+00 
7.94610e+03 7.90581e+00 7.90581e+00 
7.95420e+03 6.31656e+00 6.31656e+00 
7.96230e+03 4.93962e+00 4.93962e+00 
7.97040e+03 6.45816e+00 6.45816e+00 
7.97850e+03 9.09101e+00 9.09101e+00 
7.98660e+03 1.01759e+01 1.01759e+01 
7.99470e+03 1.15086e+01 1.15086e+01 
8.00280e+03 1.16993e+01 1.16993e+01 
8.01090e+03 1.12038e+01 1.12038e+01 
8.01900e+03 8.04137e+00 8.04137e+00 
8.02710e+03 1.08764e+01 1.08764e+01 
8.03520e+03 1.25359e+01 1.25359e+01 
8.04330e+03 1.29618e+01 1.29618e+01 
8.05140e+03 9.63339e+00 9.63339e+00 
8.05950e+03 9.28161e+00 9.28161e+00 
8.06760e+03 1.07248e+01 1.07248e+01 
8.07570e+03 8.33139e+00 8.33139e+00 
8.08380e+03 8.78693e+00 8.78693e+00 
8.09190e+03 1.09567e+01 1.09567e+01 
8.10000e+03 1.18765e+01 1.18765e+01 
8.10810e+03 1.04951e+01 1.04951e+01 
8.11620e+03 8.35140e+00 8.35140e+00 
8.12430e+03 6.95409e+00 6.95409e+00 
8.13240e+03 6.77419e+00 6.77419e+00 
8.14050e+03 3.27388e+00 3.27388e+00 
8.14860e+03 5.34541e+00 5.34541e+00 
8.15670e+03 4.53766e+00 4.53766e+00 
8.16480e+03 5.50412e+00 5.50412e+00 
8.17290e+03 5.55444e+00 5.55444e+00 
8.18100e+03 6.00790e+00 6.00790e+00 
8.18910e+03 7.87653e+00 7.87653e+00 
8.19720e+03 8.30926e+00 8.30926e+00 
8.20530e+03 1.12577e+01 1.12577e+01 
8.21340e+03 1.02026e+01 1.02026e+01 
8.22150e+03 1.21369e+01 1.21369e+01 
8.22960e+03 9.96234e+00 9.96234e+00 
8.23770e+03 9.57451e+00 9.57451e+00 
8.24580e+03 1.34870e+01 1.34870e+01 
8.25390e+03 1.23199e+01 1.23199e+01 
8.26200e+03 1.21986e+01 1.21986e+01 
8.27010e+03 1.47187e+01 1.47187e+01 
8.27820e+03 8.52147e+00 8.52147e+00 
8.28630e+03 8.29448e+00 8.29448e+00 
8.29440e+03 8.46197e+00 8.46197e+00 
8.30250e+03 9.50970e+00 9.50970e+00 
8.31060e+03 1.05717e+01 1.05717e+01 
8.31870e+03 9.56125e+00 9.56125e+00 
8.32680e+03 8.62110e+00 8.62110e+00 
8.33490e+03 1.10883e+01 1.10883e+01 
8.34300e+03 9.66654e+00 9.66654e+00 
8.35110e+03 8.42347e+00 8.42347e+00 
8.35920e+03 9.06130e+00 9.06130e+00 
8.36730e+03 1.05004e+01 1.05004e+01 
8.37540e+03 9.96589e+00 9.96589e+00 
8.38350e+03 9.78442e+00 9.78442e+00 
8.39160e+03 1.09408e+01 1.09408e+01 
8.39970e+03 8.86254e+00 8.86254e+00 
8.40780e+03 9.51200e+00 9.51200e+00 
8.41590e+03 1.08384e+01 1.08384e+01 
8.42400e+03 7.39941e+00 7.39941e+00 
8.43210e+03 6.10696e+00 6.10696e+00 
8.44020e+03 8.15138e+00 8.15138e+00 
8.44830e+03 3.07418e+00 3.07418e+00 
8.45640e+03 3.10073e+00 3.10073e+00 
8.46450e+03 4.02357e+00 4.02357e+00 
8.47260e+03 3.74506e+00 3.74506e+00 
8.48070e+03 4.61591e+00 4.61591e+00 
8.48880e+03 2.28079e+00 2.28079e+00 
8.49690e+03 7.15915e+00 7.15915e+00 
8.50500e+03 5.84626e+00 5.84626e+00 
8.51310e+03 4.18244e+00 4.18244e+00 
8.52120e+03 4.19467e+00 4.19467e+00 
8.52930e+03 4.16896e+00 4.16896e+00 
8.53740e+03 3.56478e+00 3.56478e+00 
8.54550e+03 4.31588e+00 4.31588e+00 
8.55360e+03 3.73508e+00 3.73508e+00 
8.56170e+03 5.70796e+00 5.70796e+00 
8.56980e+03 3.96257e+00 3.96257e+00 
8.57790e+03 6.48798e+00 6.48798e+00 
8.58600e+03 5.13689e+00 5.13689e+00 
8.59410e+03 5.65054e+00 5.65054e+00 
8.60220e+03 8.14294e+00 8.14294e+00 
8.61030e+03 7.17155e+00 7.17155e+00 
8.61840e+03 6.70777e+00 6.70777e+00 
8.62650e+03 5.66271e+00 5.66271e+00 
8.63460e+03 8.25055e+00 8.25055e+00 
8.64270e+03 7.54539e+00 7.54539e+00 
8.65080e+03 7.71685e+00 7.71685e+00 
8.65890e+03 5.95125e+00 5.95125e+00 
8.66700e+03 5.83558e+00 5.83558e+00 
8.67510e+03 6.94488e+00 6.94488e+00 
8.68320e+03 6.54483e+00 6.54483e+00 
8.69130e+03 5.30855e+00 5.30855e+00 
8.69940e+03 7.82150e+00 7.82150e+00 
8.70750e+03 4.07262e+00 4.07262e+00 
8.71560e+03 7.21661e+00 7.21661e+00 
8.72370e+03 4.16018e+00 4.16018e+00 
8.73180e+03 6.81548e+00 6.81548e+00 
8.73990e+03 5.47169e+00 5.47169e+00 
8.74800e+03 5.30263e+00 5.30263e+00 
8.75610e+03 6.82867e+00 6.82867e+00 
8.76420e+03 9.48292e+00 9.48292e+00 
8.77230e+03 5.10259e+00 5.10259e+00 
8.78040e+03 2.27635e+00 2.27635e+00 
8.78850e+03 3.14748e+00 3.14748e+00 
8.79660e+03 3.41617e+00 3.41617e+00 
8.80470e+03 2.30046e+00 2.30046e+00 
8.81280e+03 2.81632e+00 2.81632e+00 
8.82090e+03 6.32571e+00 6.32571e+00 
8.82900e+03 5.56188e+00 5.56188e+00 
8.83710e+03 5.77856e+00 5.77856e+00 
8.84520e+03 2.03206e+00 2.03206e+00 
8.85330e+03 2.76860e+00 2.76860e+00 
8.86140e+03 2.05095e+00 2.05095e+00 
8.86950e+03 3.55399e+00 3.55399e+00 
8.87760e+03 2.98195e+00 2.98195e+00 
8.88570e+03 4.71211e+00 4.71211e+00 
8.89380e+03 5.09700e+00 5.09700e+00 
8.90190e+03 6.34826e+00 6.34826e+00 
8.91000e+03 9.54828e+00 9.54828e+00 
8.91810e+03 5.73158e+00 5.73158e+00 
8.92620e+03 2.78738e+00 2.78738e+00 
8.93430e+03 4.98590e+00 4.98590e+00 
8.94240e+03 5.59703e+00 5.59703e+00 
8.95050e+03 6.11616e+00 6.11616e+00 
8.95860e+03 2.72681e+00 2.72681e+00 
8.96670e+03 4.20840e+00 4.20840e+00 
8.97480e+03 7.50276e+00 7.50276e+00 
8.98290e+03 7.59950e+00 7.59950e+00 
8.99100e+03 5.99237e+00 5.99237e+00 
8.99910e+03 4.43924e+00 4.43924e+00 
9.00720e+03 6.87549e+00 6.87549e+00 
9.01530e+03 5.84567e+00 5.84567e+00 
9.02340e+03 5.56058e+00 5.56058e+00 
9.03150e+03 3.83524e+00 3.83524e+00 
9.03960e+03 4.20788e+00 4.20788e+00 
9.04770e+03 2.60652e+00 2.60652e+00 
9.05580e+03 5.43358e+00 5.43358e+00 
9.06390e+03 1.90421e+00 1.90421e+00 
9.07200e+03 2.51842e+00 2.51842e+00 
9.08010e+03 2.67589e+00 2.67589e+00 
9.08820e+03 4.64353e+00 4.64353e+00 
9.09630e+03 4.17574e+00 4.17574e+00 
9.10440e+03 3.80333e+00 3.80333e+00 
9.11250e+03 5.80265e+00 5.80265e+00 
9.12060e+03 5.10454e+00 5.10454e+00 
9.12870e+03 3.84298e+00 3.84298e+00 
9.13680e+03 4.60462e+00 4.60462e+00 
9.14490e+03 6.69817e+00 6.69817e+00 
9.15300e+03 4.56720e+00 4.56720e+00 
9.16110e+03 6.96252e+00 6.96252e+00 
9.16920e+03 3.94301e+00 3.94301e+00 
9.17730e+03 5.05060e+00 5.05060e+00 
9.18540e+03 5.21298e+00 5.21298e+00 
9.19350e+03 4.87167e+00 4.87167e+00 
9.20160e+03 7.98574e+00 7.98574e+00 
9.20970e+03 6.22620e+00 6.22620e+00 
9.21780e+03 7.02395e+00 7.02395e+00 
9.22590e+03 6.74366e+00 6.74366e+00 
9.23400e+03 7.10729e+00 7.10729e+00 
9.24210e+03 2.80809e+00 2.80809e+00 
9.25020e+03 4.38687e+00 4.38687e+00 
9.25830e+03 3.51023e+00 3.51023e+00 
9.26640e+03 6.98604e+00 6.98604e+00 
9.27450e+03 5.04465e+00 5.04465e+00 
9.28260e+03 5.25786e+00 5.25786e+00 
9.29070e+03 5.99302e+00 5.99302e+00 
9.29880e+03 2.18620e+00 2.18620e+00 
9.30690e+03 4.45694e+00 4.45694e+00 
9.31500e+03 2.42118e+00 2.42118e+00 
9.32310e+03 4.16999e+00 4.16999e+00 
9.33120e+03 5.09529e+00 5.09529e+00 
9.33930e+03 5.01742e+00 5.01742e+00 
9.34740e+03 3.50407e+00 3.50407e+00 
9.35550e+03 3.20398e+00 3.20398e+00 
9.36360e+03 5.52794e+00 5.52794e+00 
9.37170e+03 7.02889e+00 7.02889e+00 
9.37980e+03 6.25117e+00 6.25117e+00 
9.38790e+03 7.95698e+00 7.95698e+00 
9.39600e+03 9.50776e+00 9.50776e+00 
9.40410e+03 8.09917e+00 8.09917e+00 
9.41220e+03 5.69659e+00 5.69659e+00 
9.42030e+03 5.69467e+00 5.69467e+00 
9.42840e+03 7.40610e+00 7.40610e+00 
9.43650e+03 8.40073e+00 8.40073e+00 
9.44460e+03 6.22319e+00 6.22319e+00 
9.45270e+03 4.50168e+00 4.50168e+00 
9.46080e+03 6.45084e+00 6.45084e+00 
9.46890e+03 5.03433e+00 5.03433e+00 
9.47700e+03 5.86390e+00 5.86390e+00 
9.48510e+03 4.47974e+00 4.47974e+00 
9.49320e+03 4.46938e+00 4.46938e+00 
9.50130e+03 1.58524e+00 1.58524e+00 
9.50940e+03 5.75214e+00 5.75214e+00 
9.51750e+03 3.82570e+00 3.82570e+00 
9.52560e+03 6.37360e+00 6.37360e+00 
9.53370e+03 6.86880e+00 6.86880e+00 
9.54180e+03 6.73202e+00 6.73202e+00 
9.54990e+03 7.13753e+00 7.13753e+00 
9.55800e+03 6.20750e+00 6.20750e+00 
9.56610e+03 5.49844e+00 5.49844e+00 
9.57420e+03 5.59950e+00 5.59950e+00 
9.58230e+03 6.11898e+00 6.11898e+00 
9.59040e+03 6.11938e+00 6.11938e+00 
9.59850e+03 4.06808e+00 4.06808e+00 
9.60660e+03 5.06652e+00 5.06652e+00 
9.61470e+03 5.84735e+00 5.84735e+00 
9.62280e+03 1.33616e+00 1.33616e+00 
9.63090e+03 1.20569e+00 1.20569e+00 
9.63900e+03 1.26669e+00 1.26669e+00 
9.64710e+03 2.73192e+00 2.73192e+00 
9.65520e+03 2.26373e+00 2.26373e+00 
9.66330e+03 2.49509e+00 2.49509e+00 
9.67140e+03 3.92394e+00 3.92394e+00 
9.67950e+03 1.07649e+00 1.07649e+00 
9.68760e+03 1.87570e+00 1.87570e+00 
9.69570e+03 3.12041e+00 3.12041e+00 
9.70380e+03 2.06974e+00 2.06974e+00 
9.71190e+03 2.43968e+00 2.43968e+00 
9.72000e+03 3.97856e+00 3.97856e+00 
9.72810e+03 5.81897e+00 5.81897e+00 
9.73620e+03 6.06633e+00 6.06633e+00 
9.74430e+03 4.91286e+00 4.91286e+00 
9.75240e+03 5.73874e+00 5.73874e+00 
9.76050e+03 8.04473e+00 8.04473e+00 
9.76860e+03 7.18159e+00 7.18159e+00 
9.77670e+03 6.96108e+00 6.96108e+00 
9.78480e+03 5.39775e+00 5.39775e+00 
9.79290e+03 6.91919e+00 6.91919e+00 
9.80100e+03 1.07905e+01 1.07905e+01 
9.80910e+03 7.85455e+00 7.85455e+00 
9.81720e+03 7.47056e+00 7.47056e+00 
9.82530e+03 6.57627e+00 6.57627e+00 
9.83340e+03 6.43098e+00 6.43098e+00 
9.84150e+03 9.49520e+00 9.49520e+00 
9.84960e+03 9.20361e+00 9.20361e+00 
9.85770e+03 7.08267e+00 7.08267e+00 
9.86580e+03 8.70660e+00 8.70660e+00 
9.87390e+03 7.17926e+00 7.17926e+00 
9.88200e+03 8.83175e+00 8.83175e+00 
9.89010e+03 9.08013e+00 9.08013e+00 
9.89820e+03 8.64861e+00 8.64861e+00 
9.90630e+03 1.14827e+01 1.14827e+01 
9.91440e+03 7.22964e+00 7.22964e+00 
9.92250e+03 8.88642e+00 8.88642e+00 
9.93060e+03 8.46125e+00 8.46125e+00 
9.93870e+03 8.68835e+00 8.68835e+00 
9.94680e+03 7.06971e+00 7.06971e+00 
9.95490e+03 7.93726e+00 7.93726e+00 
9.96300e+03 8.58383e+00 8.58383e+00 
9.97110e+03 6.88705e+00 6.88705e+00 
9.97920e+03 1.08015e+01 1.08015e+01 
9.98730e+03 1.16942e+01 1.16942e+01 
9.99540e+03 9.65122e+00 9.65122e+00 
1.00035e+04 9.56158e+00 9.56158e+00 
1.00116e+04 1.02302e+01 1.02302e+01 
1.00197e+04 7.26326e+00 7.26326e+00 
1.00278e+04 6.04177e+00 6.04177e+00 
1.00359e+04 8.30464e+00 8.30464e+00 
1.00440e+04 8.88416e+00 8.88416e+00 
1.00521e+04 8.65331e+00 8.65331e+00 
1.00602e+04 7.42671e+00 7.42671e+00 
1.00683e+04 8.67343e+00 8.67343e+00 
1.00764e+04 8.71952e+00 8.71952e+00 
1.00845e+04 5.07219e+00 5.07219e+00 
1.00926e+04 6.14972e+00 6.14972e+00 
1.01007e+04 1.03231e+01 1.03231e+01 
1.01088e+04 9.58984e+00 9.58984e+00 
1.01169e+04 9.65801e+00 9.65801e+00 
1.01250e+04 1.08325e+01 1.08325e+01 
1.01331e+04 9.70731e+00 9.70731e+00 
1.01412e+04 6.42431e+00 6.42431e+00 
1.01493e+04 7.10298e+00 7.10298e+00 
1.01574e+04 9.10878e+00 9.10878e+00 
1.01655e+04 7.49159e+00 7.49159e+00 
1.01736e+04 9.51253e+00 9.51253e+00 
1.01817e+04 9.95579e+00 9.95579e+00 
1.01898e+04 6.61539e+00 6.61539e+00 
1.01979e+04 8.89246e+00 8.89246e+00 
1.02060e+04 9.01656e+00 9.01656e+00 
1.02141e+04 5.98389e+00 5.98389e+00 
1.02222e+04 9.12794e+00 9.12794e+00 
1.02303e+04 9.46290e+00 9.46290e+00 
1.02384e+04 5.93653e+00 5.93653e+00 
1.02465e+04 6.89120e+00 6.89120e+00 
1.02546e+04 6.99139e+00 6.99139e+00 
1.02627e+04 9.28996e+00 9.28996e+00 
1.02708e+04 4.49942e+00 4.49942e+00 
1.02789e+04 6.50242e+00 6.50242e+00 
1.02870e+04 3.20107e+00 3.20107e+00 
1.02951e+04 7.34314e+00 7.34314e+00 
1.03032e+04 8.00539e+00 8.00539e+00 
1.03113e+04 8.31107e+00 8.31107e+00 
1.03194e+04 9.34898e+00 9.34898e+00 
1.03275e+04 8.63395e+00 8.63395e+00 
1.03356e+04 9.19708e+00 9.19708e+00 
1.03437e+04 7.62966e+00 7.62966e+00 
1.03518e+04 9.49672e+00 9.49672e+00 
1.03599e+04 1.08683e+01 1.08683e+01 
1.03680e+04 1.34786e+01 1.34786e+01 
1.03761e+04 1.05722e+01 1.05722e+01 
1.03842e+04 1.04093e+01 1.04093e+01 
1.03923e+04 8.43868e+00 8.43868e+00 
1.04004e+04 9.31244e+00 9.31244e+00 
1.04085e+04 4.50336e+00 4.50336e+00 
1.04166e+04 6.25814e+00 6.25814e+00 
1.04247e+04 7.54928e+00 7.54928e+00 
1.04328e+04 7.48227e+00 7.48227e+00 
1.04409e+04 7.29167e+00 7.29167e+00 
1.04490e+04 6.70319e+00 6.70319e+00 
1.04571e+04 6.20509e+00 6.20509e+00 
1.04652e+04 9.12257e+00 9.12257e+00 
1.04733e+04 9.54815e+00 9.54815e+00 
1.04814e+04 1.06070e+01 1.06070e+01 
1.04895e+04 1.06770e+01 1.06770e+01 
1.04976e+04 8.73903e+00 8.73903e+00 
1.05057e+04 9.74416e+00 9.74416e+00 
1.05138e+04 1.13144e+01 1.13144e+01 
1.05219e+04 1.03889e+01 1.03889e+01 
1.05300e+04 1.24341e+01 1.24341e+01 
1.05381e+04 9.42443e+00 9.42443e+00 
1.05462e+04 1.15450e+01 1.15450e+01 
1.05543e+04 8.61860e+00 8.61860e+00 
1.05624e+04 9.43595e+00 9.43595e+00 
1.05705e+04 7.89561e+00 7.89561e+00 
1.05786e+04 5.90088e+00 5.90088e+00 
1.05867e+04 3.98606e+00 3.98606e+00 
1.05948e+04 6.44756e+00 6.44756e+00 
1.06029e+04 5.15754e+00 5.15754e+00 
1.06110e+04 6.57495e+00 6.57495e+00 
1.06191e+04 8.78313e+00 8.78313e+00 
1.06272e+04 8.28215e+00 8.28215e+00 
1.06353e+04 6.99627e+00 6.99627e+00 
1.06434e+04 8.08282e+00 8.08282e+00 
1.06515e+04 3.48834e+00 3.48834e+00 
1.06596e+04 5.70629e+00 5.70629e+00 
1.06677e+04 3.15989e+00 3.15989e+00 
1.06758e+04 5.09415e+00 5.09415e+00 
1.06839e+04 4.92499e+00 4.92499e+00 
1.06920e+04 7.13716e+00 7.13716e+00 
1.07001e+04 6.57169e+00 6.57169e+00 
1.07082e+04 9.02112e+00 9.02112e+00 
1.07163e+04 8.16617e+00 8.16617e+00 
1.07244e+04 7.02496e+00 7.02496e+00 
1.07325e+04 5.24055e+00 5.24055e+00 
1.07406e+04 5.38718e+00 5.38718e+00 
1.07487e+04 1.88198e+00 1.88198e+00 
1.07568e+04 2.91657e+00 2.91657e+00 
1.07649e+04 3.92558e+00 3.92558e+00 
1.07730e+04 5.10959e+00 5.10959e+00 
1.07811e+04 5.23201e+00 5.23201e+00 
1.07892e+04 6.25207e+00 6.25207e+00 
1.07973e+04 5.86130e+00 5.86130e+00 
1.08054e+04 4.89388e+00 4.89388e+00 
1.08135e+04 4.89697e+00 4.89697e+00 
1.08216e+04 6.19576e+00 6.19576e+00 
1.08297e+04 4.74297e+00 4.74297e+00 
1.08378e+04 5.54437e+00 5.54437e+00 
1.08459e+04 6.69361e+00 6.69361e+00 
1.08540e+04 2.66516e+00 2.66516e+00 
1.08621e+04 4.96252e+00 4.96252e+00 
1.08702e+04 5.41508e+00 5.41508e+00 
1.08783e+04 4.30662e+00 4.30662e+00 
1.08864e+04 2.76228e+00 2.76228e+00 
1.08945e+04 7.47857e-01 7.47857e-01 
1.09026e+04 5.18326e+00 5.18326e+00 
1.09107e+04 6.19906e+00 6.19906e+00 
1.09188e+04 4.65103e+00 4.65103e+00 
1.09269e+04 3.47703e+00 3.47703e+00 
1.09350e+04 2.44660e+00 2.44660e+00 
1.09431e+04 1.74562e+00 1.74562e+00 
1.09512e+04 1.92434e+00 1.92434e+00 
1.09593e+04 5.59703e+00 5.59703e+00 
1.09674e+04 4.63328e+00 4.63328e+00 
1.09755e+04 5.81155e+00 5.81155e+00 
1.09836e+04 2.47782e+00 2.47782e+00 
1.09917e+04 4.11248e+00 4.11248e+00 
1.09998e+04 4.08082e+00 4.08082e+00 
1.10079e+04 7.21696e+00 7.21696e+00 
1.10160e+04 5.54686e+00 5.54686e+00 
1.10241e+04 3.85674e+00 3.85674e+00 
1.10322e+04 4.34744e+00 4.34744e+00 
1.10403e+04 2.84323e+00 2.84323e+00 
1.10484e+04 4.64003e+00 4.64003e+00 
1.10565e+04 4.43093e+00 4.43093e+00 
1.10646e+04 4.55536e+00 4.55536e+00 
1.10727e+04 4.25840e+00 4.25840e+00 
1.10808e+04 7.68185e+00 7.68185e+00 
1.10889e+04 5.89549e+00 5.89549e+00 
1.10970e+04 7.19344e+00 7.19344e+00 
1.11051e+04 5.19905e+00 5.19905e+00 
1.11132e+04 6.37683e+00 6.37683e+00 
1.11213e+04 6.15403e+00 6.15403e+00 
1.11294e+04 6.77259e+00 6.77259e+00 
1.11375e+04 6.48636e+00 6.48636e+00 
1.11456e+04 6.07609e+00 6.07609e+00 
1.11537e+04 6.98721e+00 6.98721e+00 
1.11618e+04 9.16419e+00 9.16419e+00 
1.11699e+04 6.09577e+00 6.09577e+00 
1.11780e+04 7.15118e+00 7.15118e+00 
1.11861e+04 9.79399e+00 9.79399e+00 
1.11942e+04 8.69608e+00 8.69608e+00 
1.12023e+04 8.81205e+00 8.81205e+00 
1.12104e+04 8.78422e+00 8.78422e+00 
1.12185e+04 6.41930e+00 6.41930e+00 
1.12266e+04 7.94651e+00 7.94651e+00 
1.12347e+04 8.14176e+00 8.14176e+00 
1.12428e+04 4.41033e+00 4.41033e+00 
1.12509e+04 5.75938e+00 5.75938e+00 
1.12590e+04 4.71212e+00 4.71212e+00 
1.12671e+04 6.56734e+00 6.56734e+00 
1.12752e+04 3.67018e+00 3.67018e+00 
1.12833e+04 5.60374e+00 5.60374e+00 
1.12914e+04 7.88139e+00 7.88139e+00 
1.12995e+04 7.77049e+00 7.77049e+00 
1.13076e+04 8.84702e+00 8.84702e+00 
1.13157e+04 6.18496e+00 6.18496e+00 
1.13238e+04 7.90816e+00 7.90816e+00 
1.13319e+04 8.24655e+00 8.24655e+00 
1.13400e+04 8.98612e+00 8.98612e+00 
1.13481e+04 6.13295e+00 6.13295e+00 
1.13562e+04 1.09341e+01 1.09341e+01 
1.13643e+04 8.46343e+00 8.46343e+00 
1.13724e+04 6.73775e+00 6.73775e+00 
1.13805e+04 4.42448e+00 4.42448e+00 
1.13886e+04 9.08976e+00 9.08976e+00 
1.13967e+04 1.05943e+01 1.05943e+01 
1.14048e+04 8.52646e+00 8.52646e+00 
1.14129e+04 1.16122e+01 1.16122e+01 
1.14210e+04 1.07615e+01 1.07615e+01 
1.14291e+04 1.16058e+01 1.16058e+01 
1.14372e+04 1.13111e+01 1.13111e+01 
1.14453e+04 1.23537e+01 1.23537e+01 
1.14534e+04 1.60610e+01 1.60610e+01 
1.14615e+04 1.36254e+01 1.36254e+01 
1.14696e+04 1.30410e+01 1.30410e+01 
1.14777e+04 1.66687e+01 1.66687e+01 
1.14858e+04 1.85577e+01 1.85577e+01 
1.14939e+04 1.79444e+01 1.79444e+01 
1.15020e+04 1.57815e+01 1.57815e+01 
1.15101e+04 1.53882e+01 1.53882e+01 
1.15182e+04 1.66924e+01 1.66924e+01 
1.15263e+04 1.27085e+01 1.27085e+01 
1.15344e+04 1.47751e+01 1.47751e+01 
1.15425e+04 1.51533e+01 1.51533e+01 
1.15506e+04 1.45837e+01 1.45837e+01 
1.15587e+04 1.36537e+01 1.36537e+01 
1.15668e+04 1.54516e+01 1.54516e+01 
1.15749e+04 1.43202e+01 1.43202e+01 
1.15830e+04 1.23012e+01 1.23012e+01 
1.15911e+04 1.06702e+01 1.06702e+01 
1.15992e+04 1.23005e+01 1.23005e+01 
1.16073e+04 1.30008e+01 1.30008e+01 
1.16154e+04 1.58542e+01 1.58542e+01 
1.16235e+04 1.51526e+01 1.51526e+01 
1.16316e+04 1.44077e+01 1.44077e+01 
1.16397e+04 1.47542e+01 1.47542e+01 
1.16478e+04 1.46633e+01 1.46633e+01 
1.16559e+04 1.29578e+01 1.29578e+01 
1.16640e+04 1.01727e+01 1.01727e+01 
1.16721e+04 1.15911e+01 1.15911e+01 
1.16802e+04 1.27207e+01 1.27207e+01 
1.16883e+04 1.14214e+01 1.14214e+01 
1.16964e+04 1.37525e+01 1.37525e+01 
1.17045e+04 1.27436e+01 1.27436e+01 
1.17126e+04 9.28083e+00 9.28083e+00 
1.17207e+04 9.36312e+00 9.36312e+00 
1.17288e+04 1.00549e+01 1.00549e+01 
1.17369e+04 9.96374e+00 9.96374e+00 
1.17450e+04 1.02943e+01 1.02943e+01 
1.17531e+04 7.27948e+00 7.27948e+00 
1.17612e+04 8.70908e+00 8.70908e+00 
1.17693e+04 6.38756e+00 6.38756e+00 
1.17774e+04 7.73829e+00 7.73829e+00 
1.17855e+04 9.16941e+00 9.16941e+00 
1.17936e+04 6.78670e+00 6.78670e+00 
1.18017e+04 5.43562e+00 5.43562e+00 
1.18098e+04 6.70129e+00 6.70129e+00 
1.18179e+04 6.17614e+00 6.17614e+00 
1.18260e+04 5.00646e+00 5.00646e+00 
1.18341e+04 6.70975e+00 6.70975e+00 
1.18422e+04 7.73493e+00 7.73493e+00 
1.18503e+04 7.41417e+00 7.41417e+00 
1.18584e+04 7.02674e+00 7.02674e+00 
1.18665e+04 7.79638e+00 7.79638e+00 
1.18746e+04 6.26535e+00 6.26535e+00 
1.18827e+04 5.74784e+00 5.74784e+00 
1.18908e+04 8.51076e+00 8.51076e+00 
1.18989e+04 7.84505e+00 7.84505e+00 
1.19070e+04 6.22966e+00 6.22966e+00 
1.19151e+04 9.00075e+00 9.00075e+00 
1.19232e+04 5.75797e+00 5.75797e+00 
1.19313e+04 7.84484e+00 7.84484e+00 
1.19394e+04 8.22073e+00 8.22073e+00 
1.19475e+04 7.01727e+00 7.01727e+00 
1.19556e+04 1.03761e+01 1.03761e+01 
1.19637e+04 1.22075e+01 1.22075e+01 
1.19718e+04 1.27963e+01 1.27963e+01 
1.19799e+04 1.26703e+01 1.26703e+01 
1.19880e+04 1.13990e+01 1.13990e+01 
1.19961e+04 1.40664e+01 1.40664e+01 
1.20042e+04 1.67896e+01 1.67896e+01 
1.20123e+04 1.47577e+01 1.47577e+01 
1.20204e+04 1.44562e+01 1.44562e+01 
1.20285e+04 1.24244e+01 1.24244e+01 
1.20366e+04 1.33119e+01 1.33119e+01 
1.20447e+04 1.07203e+01 1.07203e+01 
1.20528e+04 7.38723e+00 7.38723e+00 
1.20609e+04 8.87977e+00 8.87977e+00 
1.20690e+04 7.93901e+00 7.93901e+00 
1.20771e+04 6.15231e+00 6.15231e+00 
1.20852e+04 7.69011e+00 7.69011e+00 
1.20933e+04 7.63399e+00 7.63399e+00 
1.21014e+04 7.81508e+00 7.81508e+00 
1.21095e+04 8.85188e+00 8.85188e+00 
1.21176e+04 8.24129e+00 8.24129e+00 
1.21257e+04 9.43727e+00 9.43727e+00 
1.21338e+04 1.29549e+01 1.29549e+01 
1.21419e+04 1.26899e+01 1.26899e+01 
1.21500e+04 1.55141e+01 1.55141e+01 
1.21581e+04 1.35538e+01 1.35538e+01 
1.21662e+04 1.47290e+01 1.47290e+01 
1.21743e+04 1.60297e+01 1.60297e+01 
1.21824e+04 1.56608e+01 1.56608e+01 
1.21905e+04 1.57400e+01 1.57400e+01 
1.21986e+04 1.18943e+01 1.18943e+01 
1.22067e+04 1.38747e+01 1.38747e+01 
1.22148e+04 1.39089e+01 1.39089e+01 
1.22229e+04 1.33037e+01 1.33037e+01 
1.22310e+04 1.15653e+01 1.15653e+01 
1.22391e+04 6.70901e+00 6.70901e+00 
1.22472e+04 9.47127e+00 9.47127e+00 
1.22553e+04 8.45935e+00 8.45935e+00 
1.22634e+04 1.10966e+01 1.10966e+01 
1.22715e+04 1.02142e+01 1.02142e+01 
1.22796e+04 1.03693e+01 1.03693e+01 
1.22877e+04 9.75588e+00 9.75588e+00 
1.22958e+04 7.64336e+00 7.64336e+00 
1.23039e+04 4.45878e+00 4.45878e+00 
1.23120e+04 7.46867e+00 7.46867e+00 
1.23201e+04 3.28959e+00 3.28959e+00 
1.23282e+04 7.09398e+00 7.09398e+00 
1.23363e+04 9.42734e+00 9.42734e+00 
1.23444e+04 9.92820e+00 9.92820e+00 
1.23525e+04 5.23793e+00 5.23793e+00 
1.23606e+04 2.75506e+00 2.75506e+00 
1.23687e+04 3.96312e+00 3.96312e+00 
1.23768e+04 5.73787e+00 5.73787e+00 
1.23849e+04 4.37453e+00 4.37453e+00 
1.23930e+04 7.69237e+00 7.69237e+00 
1.24011e+04 7.12969e+00 7.12969e+00 
1.24092e+04 8.84473e+00 8.84473e+00 
1.24173e+04 6.53094e+00 6.53094e+00 
1.24254e+04 6.68937e+00 6.68937e+00 
1.24335e+04 8.81001e+00 8.81001e+00 
1.24416e+04 7.46710e+00 7.46710e+00 
1.24497e+04 4.55064e+00 4.55064e+00 
1.24578e+04 6.06365e+00 6.06365e+00 
1.24659e+04 4.29954e+00 4.29954e+00 
1.24740e+04 5.63790e+00 5.63790e+00 
1.24821e+04 8.83037e+00 8.83037e+00 
1.24902e+04 5.71663e+00 5.71663e+00 
1.24983e+04 6.13954e+00 6.13954e+00 
1.25064e+04 5.68714e+00 5.68714e+00 
1.25145e+04 8.50519e+00 8.50519e+00 
1.25226e+04 7.28836e+00 7.28836e+00 
1.25307e+04 7.13172e+00 7.13172e+00 
1.25388e+04 7.80667e+00 7.80667e+00 
1.25469e+04 6.25638e+00 6.25638e+00 
1.25550e+04 5.25269e+00 5.25269e+00 
1.25631e+04 8.50347e+00 8.50347e+00 
1.25712e+04 8.10242e+00 8.10242e+00 
1.25793e+04 7.55623e+00 7.55623e+00 
1.25874e+04 9.61338e+00 9.61338e+00 
1.25955e+04 8.04164e+00 8.04164e+00 
1.26036e+04 1.01579e+01 1.01579e+01 
1.26117e+04 8.20083e+00 8.20083e+00 
1.26198e+04 6.08905e+00 6.08905e+00 
1.26279e+04 5.20375e+00 5.20375e+00 
1.26360e+04 4.78614e+00 4.78614e+00 
1.26441e+04 6.07485e+00 6.07485e+00 
1.26522e+04 5.46981e+00 5.46981e+00 
1.26603e+04 4.68895e+00 4.68895e+00 
1.26684e+04 4.18878e+00 4.18878e+00 
1.26765e+04 6.11533e+00 6.11533e+00 
1.26846e+04 5.41563e+00 5.41563e+00 
1.26927e+04 8.10670e+00 8.10670e+00 
1.27008e+04 6.50890e+00 6.50890e+00 
1.27089e+04 2.39552e+00 2.39552e+00 
1.27170e+04 1.24229e+00 1.24229e+00 
1.27251e+04 1.92229e+00 1.92229e+00 
1.27332e+04 5.93577e+00 5.93577e+00 
1.27413e+04 5.65903e+00 5.65903e+00 
1.27494e+04 4.27892e+00 4.27892e+00 
1.27575e+04 5.78175e+00 5.78175e+00 
1.27656e+04 3.04720e+00 3.04720e+00 
1.27737e+04 2.14154e+00 2.14154e+00 
1.27818e+04 1.36166e+00 1.36166e+00 
1.27899e+04 1.30377e+00 1.30377e+00 
1.27980e+04 1.16933e+00 1.16933e+00 
1.28061e+04 1.46252e+00 1.46252e+00 
1.28142e+04 1.38083e+00 1.38083e+00 
1.28223e+04 1.55450e+00 1.55450e+00 
1.28304e+04 5.84598e+00 5.84598e+00 
1.28385e+04 4.56600e+00 4.56600e+00 
1.28466e+04 1.44969e+00 1.44969e+00 
1.28547e+04 1.37302e+00 1.37302e+00 
1.28628e+04 7.20039e-01 7.20039e-01 
1.28709e+04 1.15022e+00 1.15022e+00 
1.28790e+04 3.79949e+00 3.79949e+00 
1.28871e+04 4.73149e+00 4.73149e+00 
1.28952e+04 5.54167e+00 5.54167e+00 
1.29033e+04 1.70205e+00 1.70205e+00 
1.29114e+04 4.32303e+00 4.32303e+00 
1.29195e+04 6.61795e+00 6.61795e+00 
1.29276e+04 5.22547e+00 5.22547e+00 
1.29357e+04 5.06112e+00 5.06112e+00 
1.29438e+04 6.42136e+00 6.42136e+00 
1.29519e+04 7.34979e+00 7.34979e+00 
1.29600e+04 4.17378e+00 4.17378e+00 
1.29681e+04 3.76744e+00 3.76744e+00 
1.29762e+04 4.85241e+00 4.85241e+00 
1.29843e+04 6.80982e+00 6.80982e+00 
1.29924e+04 4.01732e+00 4.01732e+00 
1.30005e+04 4.44898e+00 4.44898e+00 
1.30086e+04 3.63776e+00 3.63776e+00 
1.30167e+04 3.06184e+00 3.06184e+00 
1.30248e+04 5.29117e+00 5.29117e+00 
1.30329e+04 1.95227e+00 1.95227e+00 
1.30410e+04 4.09500e+00 4.09500e+00 
1.30491e+04 4.09428e+00 4.09428e+00 
1.30572e+04 3.64603e+00 3.64603e+00 
1.30653e+04 5.33167e+00 5.33167e+00 
1.30734e+04 3.59872e+00 3.59872e+00 
1.30815e+04 2.43006e+00 2.43006e+00 
1.30896e+04 4.05425e+00 4.05425e+00 
1.30977e+04 6.34524e+00 6.34524e+00 
1.31058e+04 5.05745e+00 5.05745e+00 
1.31139e+04 5.91164e+00 5.91164e+00 
1.31220e+04 9.05498e+00 9.05498e+00 
1.31301e+04 8.26656e+00 8.26656e+00 
1.31382e+04 6.67428e+00 6.67428e+00 
1.31463e+04 8.21540e+00 8.21540e+00 
1.31544e+04 7.48548e+00 7.48548e+00 
1.31625e+04 5.55741e+00 5.55741e+00 
1.31706e+04 1.95654e+00 1.95654e+00 
1.31787e+04 4.59177e+00 4.59177e+00 
1.31868e+04 5.90547e+00 5.90547e+00 
1.31949e+04 4.30691e+00 4.30691e+00 
1.32030e+04 5.20754e+00 5.20754e+00 
1.32111e+04 2.28086e+00 2.28086e+00 
1.32192e+04 3.96581e+00 3.96581e+00 
1.32273e+04 4.76472e+00 4.76472e+00 
1.32354e+04 4.32771e+00 4.32771e+00 
1.32435e+04 2.87252e+00 2.87252e+00 
1.32516e+04 5.09787e+00 5.09787e+00 
1.32597e+04 3.07426e+00 3.07426e+00 
1.32678e+04 4.31899e+00 4.31899e+00 
1.32759e+04 1.73372e+00 1.73372e+00 
1.32840e+04 5.94047e+00 5.94047e+00 
1.32921e+04 6.84554e+00 6.84554e+00 
1.33002e+04 7.84627e+00 7.84627e+00 
1.33083e+04 6.09703e+00 6.09703e+00 
1.33164e+04 4.41611e+00 4.41611e+00 
1.33245e+04 4.89749e+00 4.89749e+00 
1.33326e+04 6.10856e+00 6.10856e+00 
1.33407e+04 3.25870e+00 3.25870e+00 
1.33488e+04 3.27385e+00 3.27385e+00 
1.33569e+04 3.64130e+00 3.64130e+00 
1.33650e+04 4.34922e+00 4.34922e+00 
1.33731e+04 5.37443e+00 5.37443e+00 
1.33812e+04 3.64419e+00 3.64419e+00 
1.33893e+04 2.01067e+00 2.01067e+00 
1.33974e+04 2.32843e+00 2.32843e+00 
1.34055e+04 1.81075e+00 1.81075e+00 
1.34136e+04 2.93709e+00 2.93709e+00 
1.34217e+04 7.14787e+00 7.14787e+00 
1.34298e+04 5.71693e+00 5.71693e+00 
1.34379e+04 6.23433e+00 6.23433e+00 
1.34460e+04 8.24889e+00 8.24889e+00 
1.34541e+04 3.11444e+00 3.11444e+00 
1.34622e+04 1.34371e+00 1.34371e+00 
1.34703e+04 3.05423e+00 3.05423e+00 
1.34784e+04 5.25351e+00 5.25351e+00 
1.34865e+04 8.38388e+00 8.38388e+00 
1.34946e+04 6.42386e+00 6.42386e+00 
1.35027e+04 2.56598e+00 2.56598e+00 
1.35108e+04 4.54013e+00 4.54013e+00 
1.35189e+04 2.03596e+00 2.03596e+00 
1.35270e+04 2.60937e+00 2.60937e+00 
1.35351e+04 3.45026e+00 3.45026e+00 
1.35432e+04 5.42413e+00 5.42413e+00 
1.35513e+04 7.56899e+00 7.56899e+00 
1.35594e+04 5.97020e+00 5.97020e+00 
1.35675e+04 6.86015e+00 6.86015e+00 
1.35756e+04 5.95240e+00 5.95240e+00 
1.35837e+04 5.65354e+00 5.65354e+00 
1.35918e+04 7.98549e+00 7.98549e+00 
1.35999e+04 6.59340e+00 6.59340e+00 
1.36080e+04 7.14948e+00 7.14948e+00 
1.36161e+04 7.45693e+00 7.45693e+00 
1.36242e+04 6.31746e+00 6.31746e+00 
1.36323e+04 5.85151e+00 5.85151e+00 
1.36404e+04 5.00554e+00 5.00554e+00 
1.36485e+04 4.51410e+00 4.51410e+00 
1.36566e+04 3.01750e+00 3.01750e+00 
1.36647e+04 2.49791e+00 2.49791e+00 
1.36728e+04 5.57874e+00 5.57874e+00 
1.36809e+04 4.95697e+00 4.95697e+00 
1.36890e+04 4.59324e+00 4.59324e+00 
1.36971e+04 5.79898e+00 5.79898e+00 
1.37052e+04 7.13849e+00 7.13849e+00 
1.37133e+04 8.85875e+00 8.85875e+00 
1.37214e+04 7.99003e+00 7.99003e+00 
1.37295e+04 7.02355e+00 7.02355e+00 
1.37376e+04 5.97311e+00 5.97311e+00 
1.37457e+04 5.65332e+00 5.65332e+00 
1.37538e+04 7.56060e+00 7.56060e+00 
1.37619e+04 1.08591e+01 1.08591e+01 
1.37700e+04 1.05273e+01 1.05273e+01 
1.37781e+04 5.55143e+00 5.55143e+00 
1.37862e+04 9.23775e+00 9.23775e+00 
1.37943e+04 9.01282e+00 9.01282e+00 
1.38024e+04 8.85258e+00 8.85258e+00 
1.38105e+04 6.89050e+00 6.89050e+00 
1.38186e+04 6.33388e+00 6.33388e+00 
1.38267e+04 6.95570e+00 6.95570e+00 
1.38348e+04 5.92571e+00 5.92571e+00 
1.38429e+04 6.63805e+00 6.63805e+00 
1.38510e+04 7.27735e+00 7.27735e+00 
1.38591e+04 6.78154e+00 6.78154e+00 
1.38672e+04 6.84446e+00 6.84446e+00 
1.38753e+04 8.17039e+00 8.17039e+00 
1.38834e+04 7.94332e+00 7.94332e+00 
1.38915e+04 7.64672e+00 7.64672e+00 
1.38996e+04 1.07838e+01 1.07838e+01 
1.39077e+04 1.07193e+01 1.07193e+01 
1.39158e+04 1.26542e+01 1.26542e+01 
1.39239e+04 1.34948e+01 1.34948e+01 
1.39320e+04 1.12545e+01 1.12545e+01 
1.39401e+04 8.08175e+00 8.08175e+00 
1.39482e+04 9.60306e+00 9.60306e+00 
1.39563e+04 1.04572e+01 1.04572e+01 
1.39644e+04 1.10606e+01 1.10606e+01 
1.39725e+04 4.69551e+00 4.69551e+00 
1.39806e+04 5.45395e+00 5.45395e+00 
1.39887e+04 8.48893e+00 8.48893e+00 
1.39968e+04 7.92755e+00 7.92755e+00 
1.40049e+04 8.97703e+00 8.97703e+00 
1.40130e+04 4.33950e+00 4.33950e+00 
1.40211e+04 2.66250e+00 2.66250e+00 
1.40292e+04 4.87312e+00 4.87312e+00 
1.40373e+04 3.82035e+00 3.82035e+00 
1.40454e+04 2.25326e+00 2.25326e+00 
1.40535e+04 2.35792e+00 2.35792e+00 
1.40616e+04 7.98716e+00 7.98716e+00 
1.40697e+04 5.45858e+00 5.45858e+00 
1.40778e+04 6.32579e+00 6.32579e+00 
1.40859e+04 8.99472e+00 8.99472e+00 
1.40940e+04 8.56928e+00 8.56928e+00 
1.41021e+04 9.37415e+00 9.37415e+00 
1.41102e+04 1.01181e+01 1.01181e+01 
1.41183e+04 1.07563e+01 1.07563e+01 
1.41264e+04 7.79171e+00 7.79171e+00 
1.41345e+04 6.47414e+00 6.47414e+00 
1.41426e+04 5.84923e+00 5.84923e+00 
1.41507e+04 4.53523e+00 4.53523e+00 
1.41588e+04 5.62430e+00 5.62430e+00 
1.41669e+04 5.97394e+00 5.97394e+00 
1.41750e+04 7.07826e+00 7.07826e+00 
1.41831e+04 8.16150e+00 8.16150e+00 
1.41912e+04 7.64666e+00 7.64666e+00 
1.41993e+04 9.46392e+00 9.46392e+00 
1.42074e+04 1.39918e+01 1.39918e+01 
1.42155e+04 9.21889e+00 9.21889e+00 
1.42236e+04 1.02741e+01 1.02741e+01 
1.42317e+04 1.12731e+01 1.12731e+01 
1.42398e+04 8.97377e+00 8.97377e+00 
1.42479e+04 8.01836e+00 8.01836e+00 
1.42560e+04 9.61544e+00 9.61544e+00 
1.42641e+04 9.82957e+00 9.82957e+00 
1.42722e+04 1.23557e+01 1.23557e+01 
1.42803e+04 7.67626e+00 7.67626e+00 
1.42884e+04 9.25444e+00 9.25444e+00 
1.42965e+04 8.37322e+00 8.37322e+00 
1.43046e+04 7.46663e+00 7.46663e+00 
1.43127e+04 6.20382e+00 6.20382e+00 
1.43208e+04 2.42565e+00 2.42565e+00 
1.43289e+04 5.12650e+00 5.12650e+00 
1.43370e+04 3.78654e+00 3.78654e+00 
1.43451e+04 6.94935e+00 6.94935e+00 
1.43532e+04 4.35542e+00 4.35542e+00 
1.43613e+04 5.47151e+00 5.47151e+00 
1.43694e+04 4.18958e+00 4.18958e+00 
1.43775e+04 5.15605e+00 5.15605e+00 
1.43856e+04 6.22212e+00 6.22212e+00 
1.43937e+04 6.79945e+00 6.79945e+00 
1.44018e+04 5.51781e+00 5.51781e+00 
1.44099e+04 5.86553e+00 5.86553e+00 
1.44180e+04 7.79783e+00 7.79783e+00 
1.44261e+04 7.68683e+00 7.68683e+00 
1.44342e+04 8.10256e+00 8.10256e+00 
1.44423e+04 4.42919e+00 4.42919e+00 
1.44504e+04 6.52315e+00 6.52315e+00 
1.44585e+04 5.36115e+00 5.36115e+00 
1.44666e+04 3.91981e+00 3.91981e+00 
1.44747e+04 5.67758e+00 5.67758e+00 
1.44828e+04 4.73127e+00 4.73127e+00 
1.44909e+04 4.36738e+00 4.36738e+00 
1.44990e+04 1.98392e+00 1.98392e+00 
1.45071e+04 3.82999e+00 3.82999e+00 
1.45152e+04 5.75226e+00 5.75226e+00 
1.45233e+04 3.69892e+00 3.69892e+00 
1.45314e+04 5.89837e+00 5.89837e+00 
1.45395e+04 2.43638e+00 2.43638e+00 
1.45476e+04 4.88299e+00 4.88299e+00 
1.45557e+04 1.62886e+00 1.62886e+00 
1.45638e+04 3.09454e+00 3.09454e+00 
1.45719e+04 7.20069e+00 7.20069e+00 
1.45800e+04 8.93150e+00 8.93150e+00 
1.45881e+04 5.74073e+00 5.74073e+00 
1.45962e+04 5.13648e+00 5.13648e+00 
1.46043e+04 4.78325e+00 4.78325e+00 
1.46124e+04 8.29332e+00 8.29332e+00 
1.46205e+04 7.55794e+00 7.55794e+00 
1.46286e+04 8.87559e+00 8.87559e+00 
1.46367e+04 5.45442e+00 5.45442e+00 
1.46448e+04 4.65468e+00 4.65468e+00 
1.46529e+04 9.47039e+00 9.47039e+00 
1.46610e+04 7.91826e+00 7.91826e+00 
1.46691e+04 8.20008e+00 8.20008e+00 
1.46772e+04 9.92916e+00 9.92916e+00 
1.46853e+04 9.48668e+00 9.48668e+00 
1.46934e+04 6.35792e+00 6.35792e+00 
1.47015e+04 9.74367e+00 9.74367e+00 
1.47096e+04 1.10395e+01 1.10395e+01 
1.47177e+04 1.03144e+01 1.03144e+01 
1.47258e+04 1.21775e+01 1.21775e+01 
1.47339e+04 1.06649e+01 1.06649e+01 
1.47420e+04 7.82280e+00 7.82280e+00 
1.47501e+04 9.46340e+00 9.46340e+00 
1.47582e+04 8.56411e+00 8.56411e+00 
1.47663e+04 7.43224e+00 7.43224e+00 
1.47744e+04 1.00441e+01 1.00441e+01 
1.47825e+04 8.65333e+00 8.65333e+00 
1.47906e+04 7.10571e+00 7.10571e+00 
1.47987e+04 8.58537e+00 8.58537e+00 
1.48068e+04 5.90351e+00 5.90351e+00 
1.48149e+04 4.29648e+00 4.29648e+00 
1.48230e+04 4.29914e+00 4.29914e+00 
1.48311e+04 5.64200e+00 5.64200e+00 
1.48392e+04 5.42714e+00 5.42714e+00 
1.48473e+04 6.23673e+00 6.23673e+00 
1.48554e+04 5.26450e+00 5.26450e+00 
1.48635e+04 5.08793e+00 5.08793e+00 
1.48716e+04 4.54326e+00 4.54326e+00 
1.48797e+04 5.42601e+00 5.42601e+00 
1.48878e+04 8.08372e+00 8.08372e+00 
1.48959e+04 8.56286e+00 8.56286e+00 
1.49040e+04 1.03923e+01 1.03923e+01 
1.49121e+04 1.08566e+01 1.08566e+01 
1.49202e+04 9.68775e+00 9.68775e+00 
1.49283e+04 1.53333e+01 1.53333e+01 
1.49364e+04 1.25227e+01 1.25227e+01 
1.49445e+04 1.22989e+01 1.22989e+01 
1.49526e+04 1.84463e+01 1.84463e+01 
1.49607e+04 1.85087e+01 1.85087e+01 
1.49688e+04 1.68591e+01 1.68591e+01 
1.49769e+04 1.72696e+01 1.72696e+01 
1.49850e+04 1.60008e+01 1.60008e+01 
1.49931e+04 1.93704e+01 1.93704e+01 
1.50012e+04 1.61161e+01 1.61161e+01 
1.50093e+04 1.67323e+01 1.67323e+01 
1.50174e+04 1.47525e+01 1.47525e+01 
1.50255e+04 1.45244e+01 1.45244e+01 
1.50336e+04 1.26862e+01 1.26862e+01 
1.50417e+04 1.11957e+01 1.11957e+01 
1.50498e+04 1.40430e+01 1.40430e+01 
1.50579e+04 1.44594e+01 1.44594e+01 
1.50660e+04 1.25997e+01 1.25997e+01 
1.50741e+04 1.34325e+01 1.34325e+01 
1.50822e+04 1.29726e+01 1.29726e+01 
1.50903e+04 1.13211e+01 1.13211e+01 
1.50984e+04 1.04519e+01 1.04519e+01 
1.51065e+04 1.01844e+01 1.01844e+01 
1.51146e+04 8.68346e+00 8.68346e+00 
1.51227e+04 7.37505e+00 7.37505e+00 
1.51308e+04 7.44129e+00 7.44129e+00 
1.51389e+04 8.45587e+00 8.45587e+00 
1.51470e+04 6.13814e+00 6.13814e+00 
1.51551e+04 9.12744e+00 9.12744e+00 
1.51632e+04 7.13683e+00 7.13683e+00 
1.51713e+04 6.85694e+00 6.85694e+00 
1.51794e+04 6.98858e+00 6.98858e+00 
1.51875e+04 9.03211e+00 9.03211e+00 
1.51956e+04 6.51035e+00 6.51035e+00 
1.52037e+04 3.94684e+00 3.94684e+00 
1.52118e+04 4.97835e+00 4.97835e+00 
1.52199e+04 1.04241e+01 1.04241e+01 
1.52280e+04 7.72562e+00 7.72562e+00 
1.52361e+04 7.42669e+00 7.42669e+00 
1.52442e+04 9.89336e+00 9.89336e+00 
1.52523e+04 9.39616e+00 9.39616e+00 
1.52604e+04 8.85479e+00 8.85479e+00 
1.52685e+04 7.37166e+00 7.37166e+00 
1.52766e+04 8.71240e+00 8.71240e+00 
1.52847e+04 6.74018e+00 6.74018e+00 
1.52928e+04 6.00872e+00 6.00872e+00 
1.53009e+04 5.51145e+00 5.51145e+00 
1.53090e+04 3.53855e+00 3.53855e+00 
1.53171e+04 5.01258e+00 5.01258e+00 
1.53252e+04 4.58215e+00 4.58215e+00 
1.53333e+04 3.99550e+00 3.99550e+00 
1.53414e+04 6.68886e+00 6.68886e+00 
1.53495e+04 3.36919e+00 3.36919e+00 
1.53576e+04 1.61507e+00 1.61507e+00 
1.53657e+04 2.60227e+00 2.60227e+00 
1.53738e+04 3.88653e+00 3.88653e+00 
1.53819e+04 2.78734e+00 2.78734e+00 
1.53900e+04 2.49276e+00 2.49276e+00 
1.53981e+04 3.71633e+00 3.71633e+00 
1.54062e+04 7.99232e+00 7.99232e+00 
1.54143e+04 3.63501e+00 3.63501e+00 
1.54224e+04 6.02684e+00 6.02684e+00 
1.54305e+04 3.96357e+00 3.96357e+00 
1.54386e+04 3.16261e+00 3.16261e+00 
1.54467e+04 4.31441e+00 4.31441e+00 
1.54548e+04 7.02553e+00 7.02553e+00 
1.54629e+04 6.25099e+00 6.25099e+00 
1.54710e+04 5.45591e+00 5.45591e+00 
1.54791e+04 5.16430e+00 5.16430e+00 
1.54872e+04 6.13001e+00 6.13001e+00 
1.54953e+04 4.16187e+00 4.16187e+00 
1.55034e+04 5.22030e+00 5.22030e+00 
1.55115e+04 7.17181e+00 7.17181e+00 
1.55196e+04 4.33882e+00 4.33882e+00 
1.55277e+04 4.46438e+00 4.46438e+00 
1.55358e+04 2.40176e+00 2.40176e+00 
1.55439e+04 5.44213e+00 5.44213e+00 
1.55520e+04 5.92181e+00 5.92181e+00 
1.55601e+04 6.13480e+00 6.13480e+00 
1.55682e+04 4.09208e+00 4.09208e+00 
1.55763e+04 3.77465e+00 3.77465e+00 
1.55844e+04 5.23878e+00 5.23878e+00 
1.55925e+04 5.22646e+00 5.22646e+00 
1.56006e+04 5.19860e+00 5.19860e+00 
1.56087e+04 7.34872e+00 7.34872e+00 
1.56168e+04 6.62555e+00 6.62555e+00 
1.56249e+04 6.16160e+00 6.16160e+00 
1.56330e+04 8.05168e+00 8.05168e+00 
1.56411e+04 7.85296e+00 7.85296e+00 
1.56492e+04 5.35643e+00 5.35643e+00 
1.56573e+04 7.74762e+00 7.74762e+00 
1.56654e+04 7.66312e+00 7.66312e+00 
1.56735e+04 5.87760e+00 5.87760e+00 
1.56816e+04 7.00994e+00 7.00994e+00 
1.56897e+04 5.73980e+00 5.73980e+00 
1.56978e+04 5.88853e+00 5.88853e+00 
1.57059e+04 6.88853e+00 6.88853e+00 
1.57140e+04 5.26550e+00 5.26550e+00 
1.57221e+04 2.16263e+00 2.16263e+00 
1.57302e+04 1.95682e+00 1.95682e+00 
1.57383e+04 2.85788e+00 2.85788e+00 
1.57464e+04 3.78989e+00 3.78989e+00 
1.57545e+04 6.81524e+00 6.81524e+00 
1.57626e+04 4.83888e+00 4.83888e+00 
1.57707e+04 5.69330e+00 5.69330e+00 
1.57788e+04 7.92735e+00 7.92735e+00 
1.57869e+04 8.96314e+00 8.96314e+00 
1.57950e+04 7.93555e+00 7.93555e+00 
1.58031e+04 6.09592e+00 6.09592e+00 
1.58112e+04 6.66904e+00 6.66904e+00 
1.58193e+04 6.00449e+00 6.00449e+00 
1.58274e+04 7.60459e+00 7.60459e+00 
1.58355e+04 7.51270e+00 7.51270e+00 
1.58436e+04 4.75517e+00 4.75517e+00 
1.58517e+04 4.62156e+00 4.62156e+00 
1.58598e+04 8.33143e+00 8.33143e+00 
1.58679e+04 2.48758e+00 2.48758e+00 
1.58760e+04 5.13443e+00 5.13443e+00 
1.58841e+04 4.59757e+00 4.59757e+00 
1.58922e+04 5.17992e+00 5.17992e+00 
1.59003e+04 4.62055e+00 4.62055e+00 
1.59084e+04 5.01894e+00 5.01894e+00 
1.59165e+04 4.17296e+00 4.17296e+00 
1.59246e+04 4.69069e+00 4.69069e+00 
1.59327e+04 6.78470e+00 6.78470e+00 
1.59408e+04 5.36197e+00 5.36197e+00 
1.59489e+04 8.16670e+00 8.16670e+00 
1.59570e+04 8.80664e+00 8.80664e+00 
1.59651e+04 7.13089e+00 7.13089e+00 
1.59732e+04 6.55902e+00 6.55902e+00 
1.59813e+04 7.16227e+00 7.16227e+00 
1.59894e+04 5.23528e+00 5.23528e+00 
1.59975e+04 5.98351e+00 5.98351e+00 
1.60056e+04 4.97424e+00 4.97424e+00 
1.60137e+04 1.10231e+01 1.10231e+01 
1.60218e+04 9.65642e+00 9.65642e+00 
1.60299e+04 7.55711e+00 7.55711e+00 
1.60380e+04 1.04133e+01 1.04133e+01 
1.60461e+04 1.11782e+01 1.11782e+01 
1.60542e+04 1.13566e+01 1.13566e+01 
1.60623e+04 8.04095e+00 8.04095e+00 
1.60704e+04 9.41253e+00 9.41253e+00 
1.60785e+04 1.05213e+01 1.05213e+01 
1.60866e+04 1.04499e+01 1.04499e+01 
1.60947e+04 8.78024e+00 8.78024e+00 
1.61028e+04 1.35462e+01 1.35462e+01 
1.61109e+04 1.36363e+01 1.36363e+01 
1.61190e+04 1.05924e+01 1.05924e+01 
1.61271e+04 1.10727e+01 1.10727e+01 
1.61352e+04 1.07359e+01 1.07359e+01 
1.61433e+04 9.57602e+00 9.57602e+00 
1.61514e+04 1.28343e+01 1.28343e+01 
1.61595e+04 8.08270e+00 8.08270e+00 
1.61676e+04 7.77088e+00 7.77088e+00 
1.61757e+04 9.23663e+00 9.23663e+00 
1.61838e+04 1.30531e+01 1.30531e+01 
1.61919e+04 1.12611e+01 1.12611e+01 
1.62000e+04 1.18217e+01 1.18217e+01 
